Component: ARM Compiler 5.06 update 3 (build 300) Tool: armlink [4d35c9]

==============================================================================

Image Symbol Table

    Local Symbols

    Symbol Name                              Value     Ov Type        Size  Object(Section)

    ../clib/../cmprslib/zerorunl2.c          0x00000000   Number         0  __dczerorl2.o ABSOLUTE
    ../clib/microlib/ctype/ctype.c           0x00000000   Number         0  ctype_c.o ABSOLUTE
    ../clib/microlib/ctype/ctype.c           0x00000000   Number         0  isspace_c.o ABSOLUTE
    ../clib/microlib/division.c              0x00000000   Number         0  uidiv.o ABSOLUTE
    ../clib/microlib/division.c              0x00000000   Number         0  uldiv.o ABSOLUTE
    ../clib/microlib/init/entry.s            0x00000000   Number         0  entry8a.o ABSOLUTE
    ../clib/microlib/init/entry.s            0x00000000   Number         0  entry2.o ABSOLUTE
    ../clib/microlib/init/entry.s            0x00000000   Number         0  entry11b.o ABSOLUTE
    ../clib/microlib/init/entry.s            0x00000000   Number         0  entry11a.o ABSOLUTE
    ../clib/microlib/init/entry.s            0x00000000   Number         0  entry10b.o ABSOLUTE
    ../clib/microlib/init/entry.s            0x00000000   Number         0  entry10a.o ABSOLUTE
    ../clib/microlib/init/entry.s            0x00000000   Number         0  entry9b.o ABSOLUTE
    ../clib/microlib/init/entry.s            0x00000000   Number         0  entry9a.o ABSOLUTE
    ../clib/microlib/init/entry.s            0x00000000   Number         0  entry8b.o ABSOLUTE
    ../clib/microlib/init/entry.s            0x00000000   Number         0  entry7b.o ABSOLUTE
    ../clib/microlib/init/entry.s            0x00000000   Number         0  entry7a.o ABSOLUTE
    ../clib/microlib/init/entry.s            0x00000000   Number         0  entry5.o ABSOLUTE
    ../clib/microlib/init/entry.s            0x00000000   Number         0  entry.o ABSOLUTE
    ../clib/microlib/longlong.c              0x00000000   Number         0  llshl.o ABSOLUTE
    ../clib/microlib/longlong.c              0x00000000   Number         0  llushr.o ABSOLUTE
    ../clib/microlib/longlong.c              0x00000000   Number         0  llsshr.o ABSOLUTE
    ../clib/microlib/malloc/malloc.c         0x00000000   Number         0  malloca.o ABSOLUTE
    ../clib/microlib/malloc/malloc.c         0x00000000   Number         0  mallocr.o ABSOLUTE
    ../clib/microlib/malloc/malloc.c         0x00000000   Number         0  malloc.o ABSOLUTE
    ../clib/microlib/malloc/malloc.c         0x00000000   Number         0  mallocra.o ABSOLUTE
    ../clib/microlib/malloc/mvars.c          0x00000000   Number         0  mvars.o ABSOLUTE
    ../clib/microlib/printf/printf.c         0x00000000   Number         0  printf4.o ABSOLUTE
    ../clib/microlib/printf/printf.c         0x00000000   Number         0  printfa.o ABSOLUTE
    ../clib/microlib/printf/printf.c         0x00000000   Number         0  printf8.o ABSOLUTE
    ../clib/microlib/printf/printf.c         0x00000000   Number         0  printf7.o ABSOLUTE
    ../clib/microlib/printf/printf.c         0x00000000   Number         0  printf6.o ABSOLUTE
    ../clib/microlib/printf/printf.c         0x00000000   Number         0  printf3.o ABSOLUTE
    ../clib/microlib/printf/printf.c         0x00000000   Number         0  printf5.o ABSOLUTE
    ../clib/microlib/printf/printf.c         0x00000000   Number         0  printfb.o ABSOLUTE
    ../clib/microlib/printf/printf.c         0x00000000   Number         0  printf0.o ABSOLUTE
    ../clib/microlib/printf/printf.c         0x00000000   Number         0  printf1.o ABSOLUTE
    ../clib/microlib/printf/printf.c         0x00000000   Number         0  printf2.o ABSOLUTE
    ../clib/microlib/printf/stubs.s          0x00000000   Number         0  stubs.o ABSOLUTE
    ../clib/microlib/stdio/streams.c         0x00000000   Number         0  stdout.o ABSOLUTE
    ../clib/microlib/string/memcmp.c         0x00000000   Number         0  memcmp.o ABSOLUTE
    ../clib/microlib/string/memcpy.c         0x00000000   Number         0  memcpya.o ABSOLUTE
    ../clib/microlib/string/memcpy.c         0x00000000   Number         0  memcpyb.o ABSOLUTE
    ../clib/microlib/string/memset.c         0x00000000   Number         0  memseta.o ABSOLUTE
    ../clib/microlib/string/strchr.c         0x00000000   Number         0  strchr.o ABSOLUTE
    ../clib/microlib/string/strlen.c         0x00000000   Number         0  strlen.o ABSOLUTE
    ../clib/microlib/string/strstr.c         0x00000000   Number         0  strstr.o ABSOLUTE
    ../clib/microlib/stubs.s                 0x00000000   Number         0  iusefp.o ABSOLUTE
    ../clib/microlib/unhosted.c              0x00000000   Number         0  uwrite4.o ABSOLUTE
    ../clib/microlib/unhosted.c              0x00000000   Number         0  uread4.o ABSOLUTE
[...]
    .ARM.Collect$$$$00000004                 0x000040c4   Section        4  entry5.o(.ARM.Collect$$$$00000004)
    .ARM.Collect$$$$00000008                 0x000040c8   Section        0  entry7b.o(.ARM.Collect$$$$00000008)
    .ARM.Collect$$$$0000000A                 0x000040c8   Section        0  entry8b.o(.ARM.Collect$$$$0000000A)
    .ARM.Collect$$$$0000000B                 0x000040c8   Section        8  entry9a.o(.ARM.Collect$$$$0000000B)
    .ARM.Collect$$$$0000000D                 0x000040d0   Section        0  entry10a.o(.ARM.Collect$$$$0000000D)
    .ARM.Collect$$$$0000000F                 0x000040d0   Section        0  entry11a.o(.ARM.Collect$$$$0000000F)
    .ARM.Collect$$$$00002712                 0x000040d0   Section        4  entry2.o(.ARM.Collect$$$$00002712)
    __lit__00000000                          0x000040d0   Data           4  entry2.o(.ARM.Collect$$$$00002712)
    .emb_text                                0x000040d4   Section       16  system.o(.emb_text)
    .text                                    0x000040e4   Section       60  startup_hc32l07x.o(.text)
    .text                                    0x00004120   Section        0  uidiv.o(.text)
    .text                                    0x0000414c   Section        0  memcpya.o(.text)
    .text                                    0x00004170   Section        0  memseta.o(.text)
    .text                                    0x00004194   Section        0  strstr.o(.text)
    .text                                    0x000041bc   Section        0  strchr.o(.text)
    .text                                    0x000041d0   Section        0  strlen.o(.text)
    .text                                    0x000041de   Section        0  memcmp.o(.text)
    .text                                    0x000041f8   Section        0  uread4.o(.text)
    .text                                    0x0000420c   Section        0  uwrite4.o(.text)
    .text                                    0x00004220   Section        0  __0sscanf.o(.text)
    .text                                    0x0000425c   Section        0  _scanf_int.o(.text)
    .text                                    0x000043a6   Section        0  fadd.o(.text)
    .text                                    0x00004458   Section        0  fdiv.o(.text)
    .text                                    0x000044d4   Section        0  ffltui.o(.text)
    .text                                    0x000044e2   Section        0  ffixui.o(.text)
    .text                                    0x0000450a   Section        0  uldiv.o(.text)
    .text                                    0x0000456a   Section        0  _chval.o(.text)
    .text                                    0x00004588   Section        0  scanf_char.o(.text)
    _scanf_char_input                        0x00004589   Thumb Code    12  scanf_char.o(.text)
    .text                                    0x000045b4   Section        0  _sgetc.o(.text)
    .text                                    0x000045f8   Section        0  fepilogue.o(.text)
    .text                                    0x000045f8   Section        0  iusefp.o(.text)
    .text                                    0x0000467c   Section       36  init.o(.text)
    .text                                    0x000046a0   Section        0  llshl.o(.text)
    .text                                    0x000046c0   Section        0  llushr.o(.text)
    .text                                    0x000046e2   Section        0  isspace_c.o(.text)
    .text                                    0x000046f0   Section        0  _scanf.o(.text)
    .text                                    0x00004a28   Section        0  ctype_c.o(.text)
    .text                                    0x00004a4c   Section        0  __dczerorl2.o(.text)
    i.$Sub$$main                             0x00004aa2   Section        0  system_hc32l07x.o(i.$Sub$$main)
    i.ADC_DAC_IRQHandler                     0x00004ab0   Section        0  interrupts_hc32l07x.o(i.ADC_DAC_IRQHandler)
    i.App_Can_init                           0x00004abc   Section        0  system.o(i.App_Can_init)
    App_Can_init                             0x00004abd   Thumb Code   232  system.o(i.App_Can_init)
    i.App_Rtc_Init                           0x00004bac   Section        0  system.o(i.App_Rtc_Init)
    App_Rtc_Init                             0x00004bad   Thumb Code    92  system.o(i.App_Rtc_Init)
    i.App_SystemClkInit_PLL48M_byXTH         0x00004c0c   Section        0  system.o(i.App_SystemClkInit_PLL48M_byXTH)
    i.App_Timer3Cfg                          0x00004c5c   Section        0  system.o(i.App_Timer3Cfg)
    i.CAN_FilterConfig                       0x00004cb4   Section        0  can.o(i.CAN_FilterConfig)
    i.CAN_IRQHandler                         0x00004d38   Section        0  interrupts_hc32l07x.o(i.CAN_IRQHandler)
    i.CAN_Init                               0x00004d40   Section        0  can.o(i.CAN_Init)
    i.CAN_IrqCmd                             0x00004df4   Section        0  can.o(i.CAN_IrqCmd)
    i.CAN_IrqFlgClr                          0x00004e0c   Section        0  can.o(i.CAN_IrqFlgClr)
    i.CAN_IrqFlgGet                          0x00004e24   Section        0  can.o(i.CAN_IrqFlgGet)
    i.CAN_ModeConfig                         0x00004e38   Section        0  can.o(i.CAN_ModeConfig)
    i.CAN_Rec_Prase                          0x00004e70   Section        0  iot_protol.o(i.CAN_Rec_Prase)
    i.CAN_Receive                            0x00004ec0   Section        0  can.o(i.CAN_Receive)
    i.CAN_SetFrame                           0x00004ee4   Section        0  can.o(i.CAN_SetFrame)
    i.CAN_StatusGet                          0x00004f1c   Section        0  can.o(i.CAN_StatusGet)
    i.CAN_TransmitCmd                        0x00004f30   Section        0  can.o(i.CAN_TransmitCmd)
    i.CLKTRIM_CTS_IRQHandler                 0x00004f40   Section        0  interrupts_hc32l07x.o(i.CLKTRIM_CTS_IRQHandler)
    i.Can_IRQHandler                         0x00004f4c   Section        0  system.o(i.Can_IRQHandler)
    i.DDL_ConsoleOutputChar                  0x00004fa4   Section        0  system.o(i.DDL_ConsoleOutputChar)
    i.DMAC_IRQHandler                        0x00004fae   Section        0  interrupts_hc32l07x.o(i.DMAC_IRQHandler)
    i.Data_Print                             0x00004fb8   Section        0  iot_protol.o(i.Data_Print)
    i.EnableNvic                             0x00004ffc   Section        0  interrupts_hc32l07x.o(i.EnableNvic)
    i.Exit_Interrupt_Init                    0x00005064   Section        0  system.o(i.Exit_Interrupt_Init)
    Exit_Interrupt_Init                      0x00005065   Thumb Code    96  system.o(i.Exit_Interrupt_Init)
    i.FIFO_Clean_Buf                         0x000050c4   Section        0  fifo.o(i.FIFO_Clean_Buf)
    i.FIFO_Init                              0x000050dc   Section        0  fifo.o(i.FIFO_Init)
    i.FIFO_Rece_Buf                          0x000050f8   Section        0  fifo.o(i.FIFO_Rece_Buf)
    i.FIFO_Size_Check                        0x0000514c   Section        0  fifo.o(i.FIFO_Size_Check)
    i.FIFO_Valid_Size                        0x00005188   Section        0  fifo.o(i.FIFO_Valid_Size)
    i.FIFO_Write_NByte                       0x00005198   Section        0  fifo.o(i.FIFO_Write_NByte)
    i.FIFO_Write_OneByte                     0x000051ec   Section        0  fifo.o(i.FIFO_Write_OneByte)
    i.FLASH_RAM_IRQHandler                   0x00005228   Section        0  interrupts_hc32l07x.o(i.FLASH_RAM_IRQHandler)
    i.Flash_Init                             0x00005234   Section        0  flash.o(i.Flash_Init)
    i.Flash_LockAll                          0x000052dc   Section        0  flash.o(i.Flash_LockAll)
    i.Flash_SectorErase                      0x00005300   Section        0  flash.o(i.Flash_SectorErase)
    i.Flash_UnlockAll                        0x00005384   Section        0  flash.o(i.Flash_UnlockAll)
    i.Flash_WaitCycle                        0x000053a8   Section        0  flash.o(i.Flash_WaitCycle)
    i.Flash_WriteByte                        0x000053d4   Section        0  flash.o(i.Flash_WriteByte)
    i.GPS_Control                            0x0000545c   Section        0  gps_control.o(i.GPS_Control)
    i.GPS_data_task                          0x000054fc   Section        0  gps_control.o(i.GPS_data_task)
    i.GPS_deep_sleep_cmd                     0x000055d0   Section        0  gps_control.o(i.GPS_deep_sleep_cmd)
    i.GPS_host_start_cmd                     0x000055e8   Section        0  gps_control.o(i.GPS_host_start_cmd)
    i.GPS_init                               0x00005600   Section        0  gps_control.o(i.GPS_init)
    i.GPS_power_off                          0x00005770   Section        0  gps_control.o(i.GPS_power_off)
    i.GPS_power_on                           0x00005782   Section        0  gps_control.o(i.GPS_power_on)
    i.GetBit                                 0x0000578e   Section        0  ddl.o(i.GetBit)
    i.GetCrc32                               0x00005798   Section        0  app_ota.o(i.GetCrc32)
    i.GetCrc32_cum                           0x000057c0   Section        0  app_ota.o(i.GetCrc32_cum)
    i.Gpio_ClearIrq                          0x000057e4   Section        0  gpio.o(i.Gpio_ClearIrq)
    i.Gpio_ClrIO                             0x000057f8   Section        0  gpio.o(i.Gpio_ClrIO)
    i.Gpio_DisableIrq                        0x0000580c   Section        0  gpio.o(i.Gpio_DisableIrq)
    i.Gpio_EnableIrq                         0x00005824   Section        0  gpio.o(i.Gpio_EnableIrq)
    i.Gpio_GetInputIO                        0x0000583c   Section        0  gpio.o(i.Gpio_GetInputIO)
    i.Gpio_GetIrqStatus                      0x0000584c   Section        0  gpio.o(i.Gpio_GetIrqStatus)
    i.Gpio_Init                              0x0000585c   Section        0  gpio.o(i.Gpio_Init)
    i.Gpio_SetAfMode                         0x000058f4   Section        0  gpio.o(i.Gpio_SetAfMode)
    i.Gpio_SetIO                             0x00005908   Section        0  gpio.o(i.Gpio_SetIO)
    i.HardFault_Handler                      0x0000591c   Section        0  interrupts_hc32l07x.o(i.HardFault_Handler)
    i.I2C0_IRQHandler                        0x00005928   Section        0  interrupts_hc32l07x.o(i.I2C0_IRQHandler)
    i.I2C1_IRQHandler                        0x00005930   Section        0  interrupts_hc32l07x.o(i.I2C1_IRQHandler)
    i.IOT_Rec_Parse                          0x00005938   Section        0  iot_protol.o(i.IOT_Rec_Parse)
    i.IOT_cmd_data_send                      0x00005a80   Section        0  iot_protol.o(i.IOT_cmd_data_send)
    i.IOT_rcv_data_handler                   0x00005ac4   Section        0  iot_protol.o(i.IOT_rcv_data_handler)
    i.Iot_Can_Send                           0x00005edc   Section        0  system.o(i.Iot_Can_Send)
    i.LCD_IRQHandler                         0x00005f10   Section        0  interrupts_hc32l07x.o(i.LCD_IRQHandler)
    i.LPTIM0_1_IRQHandler                    0x00005f18   Section        0  interrupts_hc32l07x.o(i.LPTIM0_1_IRQHandler)
    i.LPUART0_IRQHandler                     0x00005f24   Section        0  interrupts_hc32l07x.o(i.LPUART0_IRQHandler)
    i.LPUART1_IRQHandler                     0x00005f2c   Section        0  interrupts_hc32l07x.o(i.LPUART1_IRQHandler)
    i.Lpm_GotoDeepSleep                      0x00005f34   Section        0  lpm.o(i.Lpm_GotoDeepSleep)
    i.PCA_IRQHandler                         0x00005f50   Section        0  interrupts_hc32l07x.o(i.PCA_IRQHandler)
    i.PCNT_IRQHandler                        0x00005f58   Section        0  interrupts_hc32l07x.o(i.PCNT_IRQHandler)
    i.PORTA_IRQHandler                       0x00005f60   Section        0  interrupts_hc32l07x.o(i.PORTA_IRQHandler)
    i.PORTB_IRQHandler                       0x00005f68   Section        0  interrupts_hc32l07x.o(i.PORTB_IRQHandler)
    i.PORTC_E_IRQHandler                     0x00005f70   Section        0  interrupts_hc32l07x.o(i.PORTC_E_IRQHandler)
    i.PORTD_F_IRQHandler                     0x00005f7c   Section        0  interrupts_hc32l07x.o(i.PORTD_F_IRQHandler)
    i.PortA_IRQHandler                       0x00005f88   Section        0  system.o(i.PortA_IRQHandler)
    i.PortB_IRQHandler                       0x00005fb4   Section        0  system.o(i.PortB_IRQHandler)
    i.RTC_IRQHandler                         0x00005fcc   Section        0  interrupts_hc32l07x.o(i.RTC_IRQHandler)
    i.Rtc_AlmIeCmd                           0x00005fd4   Section        0  rtc.o(i.Rtc_AlmIeCmd)
    i.Rtc_ClearPrdfItStatus                  0x00006000   Section        0  rtc.o(i.Rtc_ClearPrdfItStatus)
    i.Rtc_Cmd                                0x00006014   Section        0  rtc.o(i.Rtc_Cmd)
    i.Rtc_CompCfg                            0x00006028   Section        0  rtc.o(i.Rtc_CompCfg)
    i.Rtc_GetPridItStatus                    0x0000605c   Section        0  rtc.o(i.Rtc_GetPridItStatus)
    i.Rtc_IRQHandler                         0x0000606c   Section        0  system.o(i.Rtc_IRQHandler)
    i.Rtc_Init                               0x00006084   Section        0  rtc.o(i.Rtc_Init)
    i.Rtc_SetCyc                             0x000060d0   Section        0  rtc.o(i.Rtc_SetCyc)
    i.Rtc_SetTime                            0x00006120   Section        0  rtc.o(i.Rtc_SetTime)
    i.Rtc_StartWait                          0x00006188   Section        0  rtc.o(i.Rtc_StartWait)
    i.SPI0_I2S0_IRQHandler                   0x000061ac   Section        0  interrupts_hc32l07x.o(i.SPI0_I2S0_IRQHandler)
    i.SPI1_I2S1_IRQHandler                   0x000061b8   Section        0  interrupts_hc32l07x.o(i.SPI1_I2S1_IRQHandler)
    i.SetBit                                 0x000061c4   Section        0  ddl.o(i.SetBit)
    i.SysTick_Handler                        0x000061d8   Section        0  interrupts_hc32l07x.o(i.SysTick_Handler)
    i.SysTick_IRQHandler                     0x000061e0   Section        0  system.o(i.SysTick_IRQHandler)
    i.Sys_Check_Sleep                        0x000061e4   Section        0  system.o(i.Sys_Check_Sleep)
    i.Sys_Init                               0x000062a8   Section        0  system.o(i.Sys_Init)
    i.Sysctrl_ClkSourceEnable                0x00006484   Section        0  sysctrl.o(i.Sysctrl_ClkSourceEnable)
    i.Sysctrl_GetHClkFreq                    0x000065a0   Section        0  sysctrl.o(i.Sysctrl_GetHClkFreq)
    i.Sysctrl_GetPClkFreq                    0x000066dc   Section        0  sysctrl.o(i.Sysctrl_GetPClkFreq)
    i.Sysctrl_SetHCLKDiv                     0x000066f4   Section        0  sysctrl.o(i.Sysctrl_SetHCLKDiv)
    i.Sysctrl_SetPCLKDiv                     0x00006718   Section        0  sysctrl.o(i.Sysctrl_SetPCLKDiv)
    i.Sysctrl_SetPLLFreq                     0x0000673c   Section        0  sysctrl.o(i.Sysctrl_SetPLLFreq)
    i.Sysctrl_SetPeripheralGate              0x00006818   Section        0  sysctrl.o(i.Sysctrl_SetPeripheralGate)
    i.Sysctrl_SetXTHFreq                     0x0000683c   Section        0  sysctrl.o(i.Sysctrl_SetXTHFreq)
    i.Sysctrl_SetXTHStableTime               0x00006858   Section        0  sysctrl.o(i.Sysctrl_SetXTHStableTime)
    i.Sysctrl_SysClkSwitch                   0x00006874   Section        0  sysctrl.o(i.Sysctrl_SysClkSwitch)
    i.Sysctrl_XTHDriverCfg                   0x0000689c   Section        0  sysctrl.o(i.Sysctrl_XTHDriverCfg)
    i.SystemCoreClockUpdate                  0x000068b8   Section        0  system_hc32l07x.o(i.SystemCoreClockUpdate)
    i.SystemInit                             0x000068c8   Section        0  system_hc32l07x.o(i.SystemInit)
    i.TIM0_IRQHandler                        0x0000692c   Section        0  interrupts_hc32l07x.o(i.TIM0_IRQHandler)
    i.TIM1_IRQHandler                        0x00006934   Section        0  interrupts_hc32l07x.o(i.TIM1_IRQHandler)
    i.TIM2_IRQHandler                        0x0000693c   Section        0  interrupts_hc32l07x.o(i.TIM2_IRQHandler)
    i.TIM3_IRQHandler                        0x00006944   Section        0  interrupts_hc32l07x.o(i.TIM3_IRQHandler)
    i.TIM4_IRQHandler                        0x0000694c   Section        0  interrupts_hc32l07x.o(i.TIM4_IRQHandler)
    i.TIM5_IRQHandler                        0x00006954   Section        0  interrupts_hc32l07x.o(i.TIM5_IRQHandler)
    i.TIM6_IRQHandler                        0x0000695c   Section        0  interrupts_hc32l07x.o(i.TIM6_IRQHandler)
    i.Tim3_ClearIntFlag                      0x00006964   Section        0  timer3.o(i.Tim3_ClearIntFlag)
    i.Tim3_GetIntFlag                        0x00006978   Section        0  timer3.o(i.Tim3_GetIntFlag)
    i.Tim3_IRQHandler                        0x00006988   Section        0  system.o(i.Tim3_IRQHandler)
    i.Tim3_M0_ARRSet                         0x000069c4   Section        0  timer3.o(i.Tim3_M0_ARRSet)
    i.Tim3_M0_Cnt16Set                       0x000069dc   Section        0  timer3.o(i.Tim3_M0_Cnt16Set)
    i.Tim3_M0_Run                            0x000069f4   Section        0  timer3.o(i.Tim3_M0_Run)
    i.Tim3_Mode0_EnableIrq                   0x00006a08   Section        0  timer3.o(i.Tim3_Mode0_EnableIrq)
    i.Tim3_Mode0_Init                        0x00006a1c   Section        0  timer3.o(i.Tim3_Mode0_Init)
    i.UART0_2_IRQHandler                     0x00006a9c   Section        0  interrupts_hc32l07x.o(i.UART0_2_IRQHandler)
    i.UART0_Iot_Init                         0x00006aa8   Section        0  system.o(i.UART0_Iot_Init)
    UART0_Iot_Init                           0x00006aa9   Thumb Code   172  system.o(i.UART0_Iot_Init)
    i.UART1_3_IRQHandler                     0x00006b5c   Section        0  interrupts_hc32l07x.o(i.UART1_3_IRQHandler)
    i.UART1_GPS_Init                         0x00006b68   Section        0  system.o(i.UART1_GPS_Init)
    UART1_GPS_Init                           0x00006b69   Thumb Code   154  system.o(i.UART1_GPS_Init)
    i.USBFS_IRQHandler                       0x00006c0c   Section        0  interrupts_hc32l07x.o(i.USBFS_IRQHandler)
    i.Uart0_IRQHandler                       0x00006c14   Section        0  system.o(i.Uart0_IRQHandler)
    i.Uart0_Send_Iot                         0x00006c48   Section        0  system.o(i.Uart0_Send_Iot)
    i.Uart1_IRQHandler                       0x00006c70   Section        0  system.o(i.Uart1_IRQHandler)
    i.Uart1_Send_gps                         0x00006ca4   Section        0  system.o(i.Uart1_Send_gps)
    i.Uart_ClrStatus                         0x00006ccc   Section        0  uart.o(i.Uart_ClrStatus)
    i.Uart_EnableFunc                        0x00006cda   Section        0  uart.o(i.Uart_EnableFunc)
    i.Uart_EnableIrq                         0x00006ce8   Section        0  uart.o(i.Uart_EnableIrq)
    i.Uart_GetStatus                         0x00006cf6   Section        0  uart.o(i.Uart_GetStatus)
    i.Uart_Init                              0x00006d00   Section        0  uart.o(i.Uart_Init)
    i.Uart_ReceiveData                       0x00006d74   Section        0  uart.o(i.Uart_ReceiveData)
    i.Uart_SendDataPoll                      0x00006d7a   Section        0  uart.o(i.Uart_SendDataPoll)
    i.VC0_1_2_LVD_IRQHandler                 0x00006dae   Section        0  interrupts_hc32l07x.o(i.VC0_1_2_LVD_IRQHandler)
    i.WDT_IRQHandler                         0x00006dc2   Section        0  interrupts_hc32l07x.o(i.WDT_IRQHandler)
    i.Wdt_Feed                               0x00006dcc   Section        0  wdt.o(i.Wdt_Feed)
    i.Wdt_Init                               0x00006ddc   Section        0  wdt.o(i.Wdt_Init)
    i.Wdt_Start                              0x00006e00   Section        0  wdt.o(i.Wdt_Start)
    i.Wdt_WriteWdtLoad                       0x00006e10   Section        0  wdt.o(i.Wdt_WriteWdtLoad)
    i._SysctrlUnlock                         0x00006e28   Section        0  sysctrl.o(i._SysctrlUnlock)
    _SysctrlUnlock                           0x00006e29   Thumb Code    12  sysctrl.o(i._SysctrlUnlock)
    i.__0printf$8                            0x00006e40   Section        0  printf8.o(i.__0printf$8)
    i.__ARM_common_switch8                   0x00006e60   Section        0  system.o(i.__ARM_common_switch8)
    i.__scatterload_copy                     0x00006e7a   Section       14  handlers.o(i.__scatterload_copy)
    i.__scatterload_null                     0x00006e88   Section        2  handlers.o(i.__scatterload_null)
    i.__scatterload_zeroinit                 0x00006e8a   Section       14  handlers.o(i.__scatterload_zeroinit)
    i._printf_core                           0x00006e98   Section        0  printf8.o(i._printf_core)
    _printf_core                             0x00006e99   Thumb Code  1020  printf8.o(i._printf_core)
    i._printf_post_padding                   0x000072c0   Section        0  printf8.o(i._printf_post_padding)
    _printf_post_padding                     0x000072c1   Thumb Code    32  printf8.o(i._printf_post_padding)
    i._printf_pre_padding                    0x000072e0   Section        0  printf8.o(i._printf_pre_padding)
    _printf_pre_padding                      0x000072e1   Thumb Code    44  printf8.o(i._printf_pre_padding)
    i.ble_Package_CheckSum                   0x0000730c   Section        0  iot_protol.o(i.ble_Package_CheckSum)
    i.can_check_sum                          0x0000732c   Section        0  iot_protol.o(i.can_check_sum)
    can_check_sum                            0x0000732d   Thumb Code    26  iot_protol.o(i.can_check_sum)
    i.can_ota_data                           0x00007348   Section        0  iot_protol.o(i.can_ota_data)
    i.can_rx_dispitch                        0x000073fc   Section        0  system.o(i.can_rx_dispitch)
    i.can_rx_frame_in                        0x00007420   Section        0  system.o(i.can_rx_frame_in)
    can_rx_frame_in                          0x00007421   Thumb Code    44  system.o(i.can_rx_frame_in)
    i.can_rx_frame_out                       0x00007450   Section        0  system.o(i.can_rx_frame_out)
    can_rx_frame_out                         0x00007451   Thumb Code    44  system.o(i.can_rx_frame_out)
    i.car_jump_password                      0x00007480   Section        0  iot_protol.o(i.car_jump_password)
    i.car_lock_send                          0x000074c8   Section        0  iot_protol.o(i.car_lock_send)
    i.car_unlock_send                        0x00007568   Section        0  iot_protol.o(i.car_unlock_send)
    i.cat1_init                              0x0000764c   Section        0  system.o(i.cat1_init)
    cat1_init                                0x0000764d   Thumb Code   144  system.o(i.cat1_init)
    i.cat1_power_control                     0x000076dc   Section        0  system.o(i.cat1_power_control)
    i.crc32_test                             0x00007784   Section        0  app_ota.o(i.crc32_test)
    i.ddl_memclr                             0x000077b8   Section        0  ddl.o(i.ddl_memclr)
    i.delay100us                             0x000077cc   Section        0  ddl.o(i.delay100us)
    i.delay10us                              0x0000781c   Section        0  ddl.o(i.delay10us)
    i.delay1ms                               0x0000786c   Section        0  ddl.o(i.delay1ms)
    i.fputc                                  0x000078b8   Section        0  system.o(i.fputc)
    i.free                                   0x000078d0   Section        0  malloc.o(i.free)
    i.gps_send_cmd_str                       0x00007924   Section        0  gps_control.o(i.gps_send_cmd_str)
    i.hextoint                               0x000079dc   Section        0  gps_control.o(i.hextoint)
    i.iap_load_app                           0x000079f0   Section        0  system.o(i.iap_load_app)
    i.main                                   0x00007a28   Section        0  main.o(i.main)
    i.malloc                                 0x00007b04   Section        0  malloc.o(i.malloc)
    i.ota_data_check                         0x00007b70   Section        0  app_ota.o(i.ota_data_check)
    i.ota_flash_erase                        0x00007c40   Section        0  app_ota.o(i.ota_flash_erase)
    i.ota_flash_read                         0x00007c94   Section        0  app_ota.o(i.ota_flash_read)
    i.ota_flash_write                        0x00007ca8   Section        0  app_ota.o(i.ota_flash_write)
    i.simulation_uart_tx                     0x00007cec   Section        0  system.o(i.simulation_uart_tx)
    i.sys_rest                               0x00007d2a   Section        0  system.o(i.sys_rest)
    sys_rest                                 0x00007d2b   Thumb Code   226  system.o(i.sys_rest)
    .constdata                               0x00007e0c   Section       24  sysctrl.o(.constdata)
    .constdata                               0x00007e24   Section        8  uart.o(.constdata)
    .constdata                               0x00007e2c   Section       32  flash.o(.constdata)
    .constdata                               0x00007e4c   Section       64  ctype_c.o(.constdata)
    .conststring                             0x00007e8c   Section      174  gps_control.o(.conststring)
    .data                                    0x20000000   Section        4  system_hc32l07x.o(.data)
    .data                                    0x20000004   Section        1  main.o(.data)
    .data                                    0x20000008   Section       26  system.o(.data)
    state                                    0x20000008   Data           1  system.o(.data)
    u8RxData_0                               0x2000000b   Data           1  system.o(.data)
    u8RxData_1                               0x2000000c   Data           1  system.o(.data)
    week_flag                                0x2000000d   Data           1  system.o(.data)
    .data                                    0x20000022   Section       20  iot_protol.o(.data)
    cmd                                      0x20000022   Data           1  iot_protol.o(.data)
    step                                     0x20000023   Data           1  iot_protol.o(.data)
    check_sum                                0x20000026   Data           2  iot_protol.o(.data)
    rev_sum                                  0x20000028   Data           2  iot_protol.o(.data)
    len                                      0x2000002a   Data           2  iot_protol.o(.data)
    i                                        0x2000002c   Data           2  iot_protol.o(.data)
    .data                                    0x20000038   Section       88  gps_control.o(.data)
    step                                     0x20000038   Data           1  gps_control.o(.data)
    last_len                                 0x2000003a   Data           2  gps_control.o(.data)
    rx_len                                   0x2000003c   Data           2  gps_control.o(.data)
    gps_cmd_pwr_deepsleep                    0x20000064   Data          16  gps_control.o(.data)
    gps_cmd_ctrl_start                       0x20000074   Data          16  gps_control.o(.data)
    gps_cmd_factory                          0x20000084   Data          12  gps_control.o(.data)
    .data                                    0x20000090   Section     1024  app_ota.o(.data)
    .data                                    0x20000490   Section        4  stdout.o(.data)
    .data                                    0x20000494   Section        4  mvars.o(.data)
    .data                                    0x20000498   Section        4  mvars.o(.data)
    .bss                                     0x2000049c   Section     5192  system.o(.bss)
    stcRxFrame                               0x2000049c   Data          16  system.o(.bss)
    .bss                                     0x200018e4   Section      144  fifo.o(.bss)
    .bss                                     0x20001974   Section      512  iot_protol.o(.bss)
    buf                                      0x20001a74   Data         256  iot_protol.o(.bss)
    .bss                                     0x20001b74   Section      512  gps_control.o(.bss)
    .bss                                     0x20001d74   Section       21  app_ota.o(.bss)
    .bss                                     0x20001d8c   Section      140  app_ota.o(.bss)
    HEAP                                     0x20001e18   Section      512  startup_hc32l07x.o(HEAP)
    STACK                                    0x20002018   Section      512  startup_hc32l07x.o(STACK)

    Global Symbols

    Symbol Name                              Value     Ov Type        Size  Object(Section)

    BuildAttributes$$THM_ISAv3M$S$PE$A:L22$X:L11$S22$IEEE1$IW$USESV6$~STKCKD$USESV7$~SHL$OTIME$ROPI$EBA8$MICROLIB$REQ8$PRES8$EABIv2 0x00000000   Number         0  anon$$obj.o ABSOLUTE
    __ARM_use_no_argv                        0x00000000   Number         0  main.o ABSOLUTE
    _printf_a                                0x00000000   Number         0  stubs.o ABSOLUTE
    _printf_c                                0x00000000   Number         0  stubs.o ABSOLUTE
    _printf_charcount                        0x00000000   Number         0  stubs.o ABSOLUTE
    _printf_d                                0x00000000   Number         0  stubs.o ABSOLUTE
    _printf_e                                0x00000000   Number         0  stubs.o ABSOLUTE
    _printf_f                                0x00000000   Number         0  stubs.o ABSOLUTE
    _printf_flags                            0x00000000   Number         0  stubs.o ABSOLUTE
    _printf_fp_dec                           0x00000000   Number         0  stubs.o ABSOLUTE
    _printf_fp_hex                           0x00000000   Number         0  stubs.o ABSOLUTE
    _printf_g                                0x00000000   Number         0  stubs.o ABSOLUTE
    _printf_i                                0x00000000   Number         0  stubs.o ABSOLUTE
    _printf_int_dec                          0x00000000   Number         0  stubs.o ABSOLUTE
    _printf_l                                0x00000000   Number         0  stubs.o ABSOLUTE
    _printf_lc                               0x00000000   Number         0  stubs.o ABSOLUTE
    _printf_ll                               0x00000000   Number         0  stubs.o ABSOLUTE
    _printf_lld                              0x00000000   Number         0  stubs.o ABSOLUTE
    _printf_lli                              0x00000000   Number         0  stubs.o ABSOLUTE
    _printf_llo                              0x00000000   Number         0  stubs.o ABSOLUTE
    _printf_llu                              0x00000000   Number         0  stubs.o ABSOLUTE
    _printf_llx                              0x00000000   Number         0  stubs.o ABSOLUTE
    _printf_longlong_dec                     0x00000000   Number         0  stubs.o ABSOLUTE
    _printf_longlong_hex                     0x00000000   Number         0  stubs.o ABSOLUTE
    _printf_longlong_oct                     0x00000000   Number         0  stubs.o ABSOLUTE
    _printf_ls                               0x00000000   Number         0  stubs.o ABSOLUTE
    _printf_mbtowc                           0x00000000   Number         0  stubs.o ABSOLUTE
    _printf_n                                0x00000000   Number         0  stubs.o ABSOLUTE
    _printf_o                                0x00000000   Number         0  stubs.o ABSOLUTE
    _printf_p                                0x00000000   Number         0  stubs.o ABSOLUTE
    _printf_percent                          0x00000000   Number         0  stubs.o ABSOLUTE
    _printf_pre_padding                      0x00000000   Number         0  stubs.o ABSOLUTE
    _printf_return_value                     0x00000000   Number         0  stubs.o ABSOLUTE
    _printf_s                                0x00000000   Number         0  stubs.o ABSOLUTE
    _printf_sizespec                         0x00000000   Number         0  stubs.o ABSOLUTE
    _printf_str                              0x00000000   Number         0  stubs.o ABSOLUTE
    _printf_truncate_signed                  0x00000000   Number         0  stubs.o ABSOLUTE
    _printf_truncate_unsigned                0x00000000   Number         0  stubs.o ABSOLUTE
    _printf_u                                0x00000000   Number         0  stubs.o ABSOLUTE
    _printf_wc                               0x00000000   Number         0  stubs.o ABSOLUTE
    _printf_wctomb                           0x00000000   Number         0  stubs.o ABSOLUTE
    _printf_widthprec                        0x00000000   Number         0  stubs.o ABSOLUTE
    _printf_x                                0x00000000   Number         0  stubs.o ABSOLUTE
    Adc_IRQHandler                            - Undefined Weak Reference
    ClkTrim_IRQHandler                        - Undefined Weak Reference
    Cts_IRQHandler                            - Undefined Weak Reference
    Dac_IRQHandler                            - Undefined Weak Reference
    Dmac_IRQHandler                           - Undefined Weak Reference
    Flash_IRQHandler                          - Undefined Weak Reference
    I2c0_IRQHandler                           - Undefined Weak Reference
    I2c1_IRQHandler                           - Undefined Weak Reference
    I2s0_IRQHandler                           - Undefined Weak Reference
    I2s1_IRQHandler                           - Undefined Weak Reference
    Lcd_IRQHandler                            - Undefined Weak Reference
    LpTim0_IRQHandler                         - Undefined Weak Reference
    LpTim1_IRQHandler                         - Undefined Weak Reference
    LpUart0_IRQHandler                        - Undefined Weak Reference
    LpUart1_IRQHandler                        - Undefined Weak Reference
    Lvd_IRQHandler                            - Undefined Weak Reference
    Pca_IRQHandler                            - Undefined Weak Reference
    Pcnt_IRQHandler                           - Undefined Weak Reference
    PortC_IRQHandler                          - Undefined Weak Reference
    PortD_IRQHandler                          - Undefined Weak Reference
    PortE_IRQHandler                          - Undefined Weak Reference
    PortF_IRQHandler                          - Undefined Weak Reference
    Ram_IRQHandler                            - Undefined Weak Reference
    Spi0_IRQHandler                           - Undefined Weak Reference
    Spi1_IRQHandler                           - Undefined Weak Reference
    Tim0_IRQHandler                           - Undefined Weak Reference
    Tim1_IRQHandler                           - Undefined Weak Reference
    Tim2_IRQHandler                           - Undefined Weak Reference
    Tim4_IRQHandler                           - Undefined Weak Reference
    Tim5_IRQHandler                           - Undefined Weak Reference
    Tim6_IRQHandler                           - Undefined Weak Reference
    Uart2_IRQHandler                          - Undefined Weak Reference
    Uart3_IRQHandler                          - Undefined Weak Reference
    Usbfs_IRQHandler                          - Undefined Weak Reference
    Vc0_IRQHandler                            - Undefined Weak Reference
    Vc1_IRQHandler                            - Undefined Weak Reference
    Vc2_IRQHandler                            - Undefined Weak Reference
    Wdt_IRQHandler                            - Undefined Weak Reference
    __cpp_initialize__aeabi_                  - Undefined Weak Reference
    __cxa_finalize                            - Undefined Weak Reference
    _clock_init                               - Undefined Weak Reference
    _microlib_exit                            - Undefined Weak Reference
    _scanf_longlong                           - Undefined Weak Reference
    _scanf_real                               - Undefined Weak Reference
    _scanf_string                             - Undefined Weak Reference
    __Vectors_Size                           0x000000c0   Number         0  startup_hc32l07x.o ABSOLUTE
    __Vectors                                0x00004000   Data           0  startup_hc32l07x.o(RESET)
    __Vectors_End                            0x000040c0   Data           0  startup_hc32l07x.o(RESET)
    __main                                   0x000040c1   Thumb Code     0  entry.o(.ARM.Collect$$$$00000000)
    _main_stk                                0x000040c1   Thumb Code     0  entry2.o(.ARM.Collect$$$$00000001)
    _main_scatterload                        0x000040c5   Thumb Code     0  entry5.o(.ARM.Collect$$$$00000004)
    __main_after_scatterload                 0x000040c9   Thumb Code     0  entry5.o(.ARM.Collect$$$$00000004)
    _main_clock                              0x000040c9   Thumb Code     0  entry7b.o(.ARM.Collect$$$$00000008)
    _main_cpp_init                           0x000040c9   Thumb Code     0  entry8b.o(.ARM.Collect$$$$0000000A)
    _main_init                               0x000040c9   Thumb Code     0  entry9a.o(.ARM.Collect$$$$0000000B)
    __rt_final_cpp                           0x000040d1   Thumb Code     0  entry10a.o(.ARM.Collect$$$$0000000D)
    __rt_final_exit                          0x000040d1   Thumb Code     0  entry11a.o(.ARM.Collect$$$$0000000F)
    WFI_SET                                  0x000040d5   Thumb Code     2  system.o(.emb_text)
    INTX_DISABLE                             0x000040d7   Thumb Code     4  system.o(.emb_text)
    INTX_ENABLE                              0x000040db   Thumb Code     4  system.o(.emb_text)
    MSR_MSP                                  0x000040df   Thumb Code     6  system.o(.emb_text)
    Reset_Handler                            0x000040e5   Thumb Code    26  startup_hc32l07x.o(.text)
    NMI_Handler                              0x000040ff   Thumb Code     2  startup_hc32l07x.o(.text)
    SVC_Handler                              0x00004103   Thumb Code     2  startup_hc32l07x.o(.text)
    PendSV_Handler                           0x00004105   Thumb Code     2  startup_hc32l07x.o(.text)
    __aeabi_uidiv                            0x00004121   Thumb Code     0  uidiv.o(.text)
    __aeabi_uidivmod                         0x00004121   Thumb Code    44  uidiv.o(.text)
    __aeabi_memcpy                           0x0000414d   Thumb Code    36  memcpya.o(.text)
    __aeabi_memcpy4                          0x0000414d   Thumb Code     0  memcpya.o(.text)
    __aeabi_memcpy8                          0x0000414d   Thumb Code     0  memcpya.o(.text)
    __aeabi_memset                           0x00004171   Thumb Code    14  memseta.o(.text)
    __aeabi_memset4                          0x00004171   Thumb Code     0  memseta.o(.text)
    __aeabi_memset8                          0x00004171   Thumb Code     0  memseta.o(.text)
    __aeabi_memclr                           0x0000417f   Thumb Code     4  memseta.o(.text)
    __aeabi_memclr4                          0x0000417f   Thumb Code     0  memseta.o(.text)
    __aeabi_memclr8                          0x0000417f   Thumb Code     0  memseta.o(.text)
    _memset$wrapper                          0x00004183   Thumb Code    18  memseta.o(.text)
    strstr                                   0x00004195   Thumb Code    40  strstr.o(.text)
    strchr                                   0x000041bd   Thumb Code    20  strchr.o(.text)
    strlen                                   0x000041d1   Thumb Code    14  strlen.o(.text)
    memcmp                                   0x000041df   Thumb Code    26  memcmp.o(.text)
    __aeabi_uread4                           0x000041f9   Thumb Code    20  uread4.o(.text)
    __rt_uread4                              0x000041f9   Thumb Code     0  uread4.o(.text)
    _uread4                                  0x000041f9   Thumb Code     0  uread4.o(.text)
    __aeabi_uwrite4                          0x0000420d   Thumb Code    18  uwrite4.o(.text)
    __rt_uwrite4                             0x0000420d   Thumb Code     0  uwrite4.o(.text)
    _uwrite4                                 0x0000420d   Thumb Code     0  uwrite4.o(.text)
    __0sscanf                                0x00004221   Thumb Code    50  __0sscanf.o(.text)
    _scanf_int                               0x0000425d   Thumb Code   330  _scanf_int.o(.text)
    __aeabi_fadd                             0x000043a7   Thumb Code   162  fadd.o(.text)
    __aeabi_fsub                             0x00004449   Thumb Code     8  fadd.o(.text)
    __aeabi_frsub                            0x00004451   Thumb Code     8  fadd.o(.text)
    __aeabi_fdiv                             0x00004459   Thumb Code   124  fdiv.o(.text)
    __aeabi_ui2f                             0x000044d5   Thumb Code    14  ffltui.o(.text)
    __aeabi_f2uiz                            0x000044e3   Thumb Code    40  ffixui.o(.text)
    __aeabi_uldivmod                         0x0000450b   Thumb Code    96  uldiv.o(.text)
    _chval                                   0x0000456b   Thumb Code    30  _chval.o(.text)
    __vfscanf_char                           0x00004595   Thumb Code    24  scanf_char.o(.text)
    _sgetc                                   0x000045b5   Thumb Code    32  _sgetc.o(.text)
    _sbackspace                              0x000045d5   Thumb Code    36  _sgetc.o(.text)
    __I$use$fp                               0x000045f9   Thumb Code     0  iusefp.o(.text)
    _float_round                             0x000045f9   Thumb Code    16  fepilogue.o(.text)
    _float_epilogue                          0x00004609   Thumb Code   114  fepilogue.o(.text)
    __scatterload                            0x0000467d   Thumb Code    28  init.o(.text)
    __scatterload_rt2                        0x0000467d   Thumb Code     0  init.o(.text)
    __aeabi_llsl                             0x000046a1   Thumb Code    32  llshl.o(.text)
    _ll_shift_l                              0x000046a1   Thumb Code     0  llshl.o(.text)
    __aeabi_llsr                             0x000046c1   Thumb Code    34  llushr.o(.text)
    _ll_ushift_r                             0x000046c1   Thumb Code     0  llushr.o(.text)
    isspace                                  0x000046e3   Thumb Code    14  isspace_c.o(.text)
    __vfscanf                                0x000046f1   Thumb Code   812  _scanf.o(.text)
    __ctype_lookup                           0x00004a29   Thumb Code    32  ctype_c.o(.text)
    __decompress                             0x00004a4d   Thumb Code     0  __dczerorl2.o(.text)
    __decompress1                            0x00004a4d   Thumb Code    86  __dczerorl2.o(.text)
    main                                     0x00004aa3   Thumb Code    14  system_hc32l07x.o(i.$Sub$$main)
    ADC_DAC_IRQHandler                       0x00004ab1   Thumb Code    12  interrupts_hc32l07x.o(i.ADC_DAC_IRQHandler)
    App_SystemClkInit_PLL48M_byXTH           0x00004c0d   Thumb Code    80  system.o(i.App_SystemClkInit_PLL48M_byXTH)
    App_Timer3Cfg                            0x00004c5d   Thumb Code    86  system.o(i.App_Timer3Cfg)
    CAN_FilterConfig                         0x00004cb5   Thumb Code   128  can.o(i.CAN_FilterConfig)
    CAN_IRQHandler                           0x00004d39   Thumb Code     8  interrupts_hc32l07x.o(i.CAN_IRQHandler)
    CAN_Init                                 0x00004d41   Thumb Code   176  can.o(i.CAN_Init)
    CAN_IrqCmd                               0x00004df5   Thumb Code    18  can.o(i.CAN_IrqCmd)
    CAN_IrqFlgClr                            0x00004e0d   Thumb Code    14  can.o(i.CAN_IrqFlgClr)
    CAN_IrqFlgGet                            0x00004e25   Thumb Code    16  can.o(i.CAN_IrqFlgGet)
    CAN_ModeConfig                           0x00004e39   Thumb Code    52  can.o(i.CAN_ModeConfig)
    CAN_Rec_Prase                            0x00004e71   Thumb Code    70  iot_protol.o(i.CAN_Rec_Prase)
    CAN_Receive                              0x00004ec1   Thumb Code    32  can.o(i.CAN_Receive)
    CAN_SetFrame                             0x00004ee5   Thumb Code    52  can.o(i.CAN_SetFrame)
    CAN_StatusGet                            0x00004f1d   Thumb Code    16  can.o(i.CAN_StatusGet)
    CAN_TransmitCmd                          0x00004f31   Thumb Code    10  can.o(i.CAN_TransmitCmd)
    CLKTRIM_CTS_IRQHandler                   0x00004f41   Thumb Code    12  interrupts_hc32l07x.o(i.CLKTRIM_CTS_IRQHandler)
    Can_IRQHandler                           0x00004f4d   Thumb Code    72  system.o(i.Can_IRQHandler)
    DDL_ConsoleOutputChar                    0x00004fa5   Thumb Code    10  system.o(i.DDL_ConsoleOutputChar)
    DMAC_IRQHandler                          0x00004faf   Thumb Code     8  interrupts_hc32l07x.o(i.DMAC_IRQHandler)
    Data_Print                               0x00004fb9   Thumb Code    48  iot_protol.o(i.Data_Print)
    EnableNvic                               0x00004ffd   Thumb Code    88  interrupts_hc32l07x.o(i.EnableNvic)
    FIFO_Clean_Buf                           0x000050c5   Thumb Code    18  fifo.o(i.FIFO_Clean_Buf)
    FIFO_Init                                0x000050dd   Thumb Code    22  fifo.o(i.FIFO_Init)
    FIFO_Rece_Buf                            0x000050f9   Thumb Code    78  fifo.o(i.FIFO_Rece_Buf)
    FIFO_Size_Check                          0x0000514d   Thumb Code    56  fifo.o(i.FIFO_Size_Check)
    FIFO_Valid_Size                          0x00005189   Thumb Code    12  fifo.o(i.FIFO_Valid_Size)
    FIFO_Write_NByte                         0x00005199   Thumb Code    78  fifo.o(i.FIFO_Write_NByte)
    FIFO_Write_OneByte                       0x000051ed   Thumb Code    56  fifo.o(i.FIFO_Write_OneByte)
    FLASH_RAM_IRQHandler                     0x00005229   Thumb Code    12  interrupts_hc32l07x.o(i.FLASH_RAM_IRQHandler)
    Flash_Init                               0x00005235   Thumb Code   150  flash.o(i.Flash_Init)
    Flash_LockAll                            0x000052dd   Thumb Code    22  flash.o(i.Flash_LockAll)
    Flash_SectorErase                        0x00005301   Thumb Code   116  flash.o(i.Flash_SectorErase)
    Flash_UnlockAll                          0x00005385   Thumb Code    24  flash.o(i.Flash_UnlockAll)
    Flash_WaitCycle                          0x000053a9   Thumb Code    32  flash.o(i.Flash_WaitCycle)
    Flash_WriteByte                          0x000053d5   Thumb Code   118  flash.o(i.Flash_WriteByte)
    GPS_Control                              0x0000545d   Thumb Code   140  gps_control.o(i.GPS_Control)
    GPS_data_task                            0x000054fd   Thumb Code   124  gps_control.o(i.GPS_data_task)
    GPS_deep_sleep_cmd                       0x000055d1   Thumb Code    18  gps_control.o(i.GPS_deep_sleep_cmd)
    GPS_host_start_cmd                       0x000055e9   Thumb Code    18  gps_control.o(i.GPS_host_start_cmd)
    GPS_init                                 0x00005601   Thumb Code   282  gps_control.o(i.GPS_init)
    GPS_power_off                            0x00005771   Thumb Code    18  gps_control.o(i.GPS_power_off)
    GPS_power_on                             0x00005783   Thumb Code    12  gps_control.o(i.GPS_power_on)
    GetBit                                   0x0000578f   Thumb Code    10  ddl.o(i.GetBit)
    GetCrc32                                 0x00005799   Thumb Code    36  app_ota.o(i.GetCrc32)
    GetCrc32_cum                             0x000057c1   Thumb Code    32  app_ota.o(i.GetCrc32_cum)
    Gpio_ClearIrq                            0x000057e5   Thumb Code    16  gpio.o(i.Gpio_ClearIrq)
    Gpio_ClrIO                               0x000057f9   Thumb Code    16  gpio.o(i.Gpio_ClrIO)
    Gpio_DisableIrq                          0x0000580d   Thumb Code    20  gpio.o(i.Gpio_DisableIrq)
    Gpio_EnableIrq                           0x00005825   Thumb Code    20  gpio.o(i.Gpio_EnableIrq)
    Gpio_GetInputIO                          0x0000583d   Thumb Code    12  gpio.o(i.Gpio_GetInputIO)
    Gpio_GetIrqStatus                        0x0000584d   Thumb Code    12  gpio.o(i.Gpio_GetIrqStatus)
    Gpio_Init                                0x0000585d   Thumb Code   138  gpio.o(i.Gpio_Init)
    Gpio_SetAfMode                           0x000058f5   Thumb Code    14  gpio.o(i.Gpio_SetAfMode)
    Gpio_SetIO                               0x00005909   Thumb Code    16  gpio.o(i.Gpio_SetIO)
    HardFault_Handler                        0x0000591d   Thumb Code    12  interrupts_hc32l07x.o(i.HardFault_Handler)
    I2C0_IRQHandler                          0x00005929   Thumb Code     8  interrupts_hc32l07x.o(i.I2C0_IRQHandler)
    I2C1_IRQHandler                          0x00005931   Thumb Code     8  interrupts_hc32l07x.o(i.I2C1_IRQHandler)
    IOT_Rec_Parse                            0x00005939   Thumb Code   262  iot_protol.o(i.IOT_Rec_Parse)
    IOT_cmd_data_send                        0x00005a81   Thumb Code    64  iot_protol.o(i.IOT_cmd_data_send)
    IOT_rcv_data_handler                     0x00005ac5   Thumb Code   874  iot_protol.o(i.IOT_rcv_data_handler)
    Iot_Can_Send                             0x00005edd   Thumb Code    52  system.o(i.Iot_Can_Send)
    LCD_IRQHandler                           0x00005f11   Thumb Code     8  interrupts_hc32l07x.o(i.LCD_IRQHandler)
    LPTIM0_1_IRQHandler                      0x00005f19   Thumb Code    12  interrupts_hc32l07x.o(i.LPTIM0_1_IRQHandler)
    LPUART0_IRQHandler                       0x00005f25   Thumb Code     8  interrupts_hc32l07x.o(i.LPUART0_IRQHandler)
    LPUART1_IRQHandler                       0x00005f2d   Thumb Code     8  interrupts_hc32l07x.o(i.LPUART1_IRQHandler)
    Lpm_GotoDeepSleep                        0x00005f35   Thumb Code    24  lpm.o(i.Lpm_GotoDeepSleep)
    PCA_IRQHandler                           0x00005f51   Thumb Code     8  interrupts_hc32l07x.o(i.PCA_IRQHandler)
    PCNT_IRQHandler                          0x00005f59   Thumb Code     8  interrupts_hc32l07x.o(i.PCNT_IRQHandler)
    PORTA_IRQHandler                         0x00005f61   Thumb Code     8  interrupts_hc32l07x.o(i.PORTA_IRQHandler)
    PORTB_IRQHandler                         0x00005f69   Thumb Code     8  interrupts_hc32l07x.o(i.PORTB_IRQHandler)
    PORTC_E_IRQHandler                       0x00005f71   Thumb Code    12  interrupts_hc32l07x.o(i.PORTC_E_IRQHandler)
    PORTD_F_IRQHandler                       0x00005f7d   Thumb Code    12  interrupts_hc32l07x.o(i.PORTD_F_IRQHandler)
    PortA_IRQHandler                         0x00005f89   Thumb Code    44  system.o(i.PortA_IRQHandler)
    PortB_IRQHandler                         0x00005fb5   Thumb Code    24  system.o(i.PortB_IRQHandler)
    RTC_IRQHandler                           0x00005fcd   Thumb Code     8  interrupts_hc32l07x.o(i.RTC_IRQHandler)
    Rtc_AlmIeCmd                             0x00005fd5   Thumb Code    38  rtc.o(i.Rtc_AlmIeCmd)
    Rtc_ClearPrdfItStatus                    0x00006001   Thumb Code    14  rtc.o(i.Rtc_ClearPrdfItStatus)
    Rtc_Cmd                                  0x00006015   Thumb Code    14  rtc.o(i.Rtc_Cmd)
    Rtc_CompCfg                              0x00006029   Thumb Code    48  rtc.o(i.Rtc_CompCfg)
    Rtc_GetPridItStatus                      0x0000605d   Thumb Code    12  rtc.o(i.Rtc_GetPridItStatus)
    Rtc_IRQHandler                           0x0000606d   Thumb Code    20  system.o(i.Rtc_IRQHandler)
    Rtc_Init                                 0x00006085   Thumb Code    70  rtc.o(i.Rtc_Init)
    Rtc_SetCyc                               0x000060d1   Thumb Code    74  rtc.o(i.Rtc_SetCyc)
    Rtc_SetTime                              0x00006121   Thumb Code   100  rtc.o(i.Rtc_SetTime)
    Rtc_StartWait                            0x00006189   Thumb Code    32  rtc.o(i.Rtc_StartWait)
    SPI0_I2S0_IRQHandler                     0x000061ad   Thumb Code    12  interrupts_hc32l07x.o(i.SPI0_I2S0_IRQHandler)
    SPI1_I2S1_IRQHandler                     0x000061b9   Thumb Code    12  interrupts_hc32l07x.o(i.SPI1_I2S1_IRQHandler)
    SetBit                                   0x000061c5   Thumb Code    20  ddl.o(i.SetBit)
    SysTick_Handler                          0x000061d9   Thumb Code     8  interrupts_hc32l07x.o(i.SysTick_Handler)
    SysTick_IRQHandler                       0x000061e1   Thumb Code     2  system.o(i.SysTick_IRQHandler)
    Sys_Check_Sleep                          0x000061e5   Thumb Code   142  system.o(i.Sys_Check_Sleep)
    Sys_Init                                 0x000062a9   Thumb Code   282  system.o(i.Sys_Init)
    Sysctrl_ClkSourceEnable                  0x00006485   Thumb Code   268  sysctrl.o(i.Sysctrl_ClkSourceEnable)
    Sysctrl_GetHClkFreq                      0x000065a1   Thumb Code   298  sysctrl.o(i.Sysctrl_GetHClkFreq)
    Sysctrl_GetPClkFreq                      0x000066dd   Thumb Code    18  sysctrl.o(i.Sysctrl_GetPClkFreq)
    Sysctrl_SetHCLKDiv                       0x000066f5   Thumb Code    30  sysctrl.o(i.Sysctrl_SetHCLKDiv)
    Sysctrl_SetPCLKDiv                       0x00006719   Thumb Code    30  sysctrl.o(i.Sysctrl_SetPCLKDiv)
    Sysctrl_SetPLLFreq                       0x0000673d   Thumb Code   204  sysctrl.o(i.Sysctrl_SetPLLFreq)
    Sysctrl_SetPeripheralGate                0x00006819   Thumb Code    30  sysctrl.o(i.Sysctrl_SetPeripheralGate)
    Sysctrl_SetXTHFreq                       0x0000683d   Thumb Code    24  sysctrl.o(i.Sysctrl_SetXTHFreq)
    Sysctrl_SetXTHStableTime                 0x00006859   Thumb Code    24  sysctrl.o(i.Sysctrl_SetXTHStableTime)
    Sysctrl_SysClkSwitch                     0x00006875   Thumb Code    34  sysctrl.o(i.Sysctrl_SysClkSwitch)
    Sysctrl_XTHDriverCfg                     0x0000689d   Thumb Code    22  sysctrl.o(i.Sysctrl_XTHDriverCfg)
    SystemCoreClockUpdate                    0x000068b9   Thumb Code    12  system_hc32l07x.o(i.SystemCoreClockUpdate)
    SystemInit                               0x000068c9   Thumb Code    84  system_hc32l07x.o(i.SystemInit)
    TIM0_IRQHandler                          0x0000692d   Thumb Code     8  interrupts_hc32l07x.o(i.TIM0_IRQHandler)
    TIM1_IRQHandler                          0x00006935   Thumb Code     8  interrupts_hc32l07x.o(i.TIM1_IRQHandler)
    TIM2_IRQHandler                          0x0000693d   Thumb Code     8  interrupts_hc32l07x.o(i.TIM2_IRQHandler)
    TIM3_IRQHandler                          0x00006945   Thumb Code     8  interrupts_hc32l07x.o(i.TIM3_IRQHandler)
    TIM4_IRQHandler                          0x0000694d   Thumb Code     8  interrupts_hc32l07x.o(i.TIM4_IRQHandler)
    TIM5_IRQHandler                          0x00006955   Thumb Code     8  interrupts_hc32l07x.o(i.TIM5_IRQHandler)
    TIM6_IRQHandler                          0x0000695d   Thumb Code     8  interrupts_hc32l07x.o(i.TIM6_IRQHandler)
    Tim3_ClearIntFlag                        0x00006965   Thumb Code    16  timer3.o(i.Tim3_ClearIntFlag)
    Tim3_GetIntFlag                          0x00006979   Thumb Code    12  timer3.o(i.Tim3_GetIntFlag)
    Tim3_IRQHandler                          0x00006989   Thumb Code    52  system.o(i.Tim3_IRQHandler)
    Tim3_M0_ARRSet                           0x000069c5   Thumb Code    18  timer3.o(i.Tim3_M0_ARRSet)
    Tim3_M0_Cnt16Set                         0x000069dd   Thumb Code    18  timer3.o(i.Tim3_M0_Cnt16Set)
    Tim3_M0_Run                              0x000069f5   Thumb Code    14  timer3.o(i.Tim3_M0_Run)
    Tim3_Mode0_EnableIrq                     0x00006a09   Thumb Code    14  timer3.o(i.Tim3_Mode0_EnableIrq)
    Tim3_Mode0_Init                          0x00006a1d   Thumb Code   124  timer3.o(i.Tim3_Mode0_Init)
    UART0_2_IRQHandler                       0x00006a9d   Thumb Code    12  interrupts_hc32l07x.o(i.UART0_2_IRQHandler)
    UART1_3_IRQHandler                       0x00006b5d   Thumb Code    12  interrupts_hc32l07x.o(i.UART1_3_IRQHandler)
    USBFS_IRQHandler                         0x00006c0d   Thumb Code     8  interrupts_hc32l07x.o(i.USBFS_IRQHandler)
    Uart0_IRQHandler                         0x00006c15   Thumb Code    46  system.o(i.Uart0_IRQHandler)
    Uart0_Send_Iot                           0x00006c49   Thumb Code    38  system.o(i.Uart0_Send_Iot)
    Uart1_IRQHandler                         0x00006c71   Thumb Code    44  system.o(i.Uart1_IRQHandler)
    Uart1_Send_gps                           0x00006ca5   Thumb Code    36  system.o(i.Uart1_Send_gps)
    Uart_ClrStatus                           0x00006ccd   Thumb Code    14  uart.o(i.Uart_ClrStatus)
    Uart_EnableFunc                          0x00006cdb   Thumb Code    14  uart.o(i.Uart_EnableFunc)
    Uart_EnableIrq                           0x00006ce9   Thumb Code    14  uart.o(i.Uart_EnableIrq)
    Uart_GetStatus                           0x00006cf7   Thumb Code    10  uart.o(i.Uart_GetStatus)
    Uart_Init                                0x00006d01   Thumb Code   112  uart.o(i.Uart_Init)
    Uart_ReceiveData                         0x00006d75   Thumb Code     6  uart.o(i.Uart_ReceiveData)
    Uart_SendDataPoll                        0x00006d7b   Thumb Code    52  uart.o(i.Uart_SendDataPoll)
    VC0_1_2_LVD_IRQHandler                   0x00006daf   Thumb Code    20  interrupts_hc32l07x.o(i.VC0_1_2_LVD_IRQHandler)
    WDT_IRQHandler                           0x00006dc3   Thumb Code     8  interrupts_hc32l07x.o(i.WDT_IRQHandler)
    Wdt_Feed                                 0x00006dcd   Thumb Code    12  wdt.o(i.Wdt_Feed)
    Wdt_Init                                 0x00006ddd   Thumb Code    30  wdt.o(i.Wdt_Init)
    Wdt_Start                                0x00006e01   Thumb Code    12  wdt.o(i.Wdt_Start)
    Wdt_WriteWdtLoad                         0x00006e11   Thumb Code    18  wdt.o(i.Wdt_WriteWdtLoad)
    __0printf$8                              0x00006e41   Thumb Code    24  printf8.o(i.__0printf$8)
    __1printf$8                              0x00006e41   Thumb Code     0  printf8.o(i.__0printf$8)
    __2printf                                0x00006e41   Thumb Code     0  printf8.o(i.__0printf$8)
    __ARM_common_switch8                     0x00006e61   Thumb Code    26  system.o(i.__ARM_common_switch8)
    __scatterload_copy                       0x00006e7b   Thumb Code    14  handlers.o(i.__scatterload_copy)
    __scatterload_null                       0x00006e89   Thumb Code     2  handlers.o(i.__scatterload_null)
    __scatterload_zeroinit                   0x00006e8b   Thumb Code    14  handlers.o(i.__scatterload_zeroinit)
    ble_Package_CheckSum                     0x0000730d   Thumb Code    28  iot_protol.o(i.ble_Package_CheckSum)
    can_ota_data                             0x00007349   Thumb Code   172  iot_protol.o(i.can_ota_data)
    can_rx_dispitch                          0x000073fd   Thumb Code    30  system.o(i.can_rx_dispitch)
    car_jump_password                        0x00007481   Thumb Code    66  iot_protol.o(i.car_jump_password)
    car_lock_send                            0x000074c9   Thumb Code   152  iot_protol.o(i.car_lock_send)
    car_unlock_send                          0x00007569   Thumb Code   218  iot_protol.o(i.car_unlock_send)
    cat1_power_control                       0x000076dd   Thumb Code   136  system.o(i.cat1_power_control)
    crc32_test                               0x00007785   Thumb Code    28  app_ota.o(i.crc32_test)
    ddl_memclr                               0x000077b9   Thumb Code    18  ddl.o(i.ddl_memclr)
    delay100us                               0x000077cd   Thumb Code    62  ddl.o(i.delay100us)
    delay10us                                0x0000781d   Thumb Code    62  ddl.o(i.delay10us)
    delay1ms                                 0x0000786d   Thumb Code    64  ddl.o(i.delay1ms)
    fputc                                    0x000078b9   Thumb Code    24  system.o(i.fputc)
    free                                     0x000078d1   Thumb Code    80  malloc.o(i.free)
    gps_send_cmd_str                         0x00007925   Thumb Code   134  gps_control.o(i.gps_send_cmd_str)
    hextoint                                 0x000079dd   Thumb Code    14  gps_control.o(i.hextoint)
    iap_load_app                             0x000079f1   Thumb Code    44  system.o(i.iap_load_app)
    $Super$$main                             0x00007a29   Thumb Code   176  main.o(i.main)
    malloc                                   0x00007b05   Thumb Code    92  malloc.o(i.malloc)
    ota_data_check                           0x00007b71   Thumb Code   166  app_ota.o(i.ota_data_check)
    ota_flash_erase                          0x00007c41   Thumb Code    54  app_ota.o(i.ota_flash_erase)
    ota_flash_read                           0x00007c95   Thumb Code    18  app_ota.o(i.ota_flash_read)
    ota_flash_write                          0x00007ca9   Thumb Code    40  app_ota.o(i.ota_flash_write)
    simulation_uart_tx                       0x00007ced   Thumb Code    62  system.o(i.simulation_uart_tx)
    pu32PcgTimer4M                           0x00007e2c   Data          32  flash.o(.constdata)
    __ctype_categories                       0x00007e4c   Data          64  ctype_c.o(.constdata)
    Region$$Table$$Base                      0x00007f3c   Number         0  anon$$obj.o(Region$$Table)
    Region$$Table$$Limit                     0x00007f5c   Number         0  anon$$obj.o(Region$$Table)
    SystemCoreClock                          0x20000000   Data           4  system_hc32l07x.o(.data)
    unlock_cnt                               0x20000004   Data           1  main.o(.data)
    ship_mode_flag                           0x20000009   Data           1  system.o(.data)
    g_cat1_state                             0x2000000a   Data           1  system.o(.data)
    cur_tick                                 0x20000010   Data           4  system.o(.data)
    jump2app                                 0x20000014   Data           4  system.o(.data)
    mcu_buf                                  0x20000018   Data          10  system.o(.data)
    lock_sta                                 0x20000024   Data           1  iot_protol.o(.data)
    can_ota                                  0x2000002e   Data           8  iot_protol.o(.data)
    gps_data_offset                          0x2000003e   Data           2  gps_control.o(.data)
    cmd_NAME_OFF                             0x20000040   Data           4  gps_control.o(.data)
    cmd_GGA_ON                               0x20000044   Data           4  gps_control.o(.data)
    cmd_SAVE                                 0x20000048   Data           4  gps_control.o(.data)
    cmd_NAME_1HZ                             0x2000004c   Data           4  gps_control.o(.data)
    cmd_GGA_OFF                              0x20000050   Data           4  gps_control.o(.data)
    cmd_RMC_ON                               0x20000054   Data           4  gps_control.o(.data)
    cmd_RMC_OFF                              0x20000058   Data           4  gps_control.o(.data)
    cmd_GLL_ON                               0x2000005c   Data           4  gps_control.o(.data)
    cmd_GLL_OFF                              0x20000060   Data           4  gps_control.o(.data)
    CRC32Table                               0x20000090   Data        1024  app_ota.o(.data)
    __stdout                                 0x20000490   Data           4  stdout.o(.data)
    __microlib_freelist                      0x20000494   Data           4  mvars.o(.data)
    __microlib_freelist_initialised          0x20000498   Data           4  mvars.o(.data)
    sys_time                                 0x200004ac   Data          32  system.o(.bss)
    can_rx_frame                             0x200004cc   Data          24  system.o(.bss)
    rx_buff                                  0x200004e4   Data         512  system.o(.bss)
    gps_rx_buff                              0x200006e4   Data         512  system.o(.bss)
    can_ota_buf                              0x200008e4   Data        4096  system.o(.bss)
    RxFIFO                                   0x200018e4   Data         144  fifo.o(.bss)
    buf                                      0x20001974   Data         256  iot_protol.o(.bss)
    gps_buff                                 0x20001b74   Data         512  gps_control.o(.bss)
    ota_config                               0x20001d74   Data          21  app_ota.o(.bss)
    ota_control                              0x20001d8c   Data         140  app_ota.o(.bss)
    __heap_base                              0x20001e18   Data           0  startup_hc32l07x.o(HEAP)
    __heap_limit                             0x20002018   Data           0  startup_hc32l07x.o(HEAP)
    __initial_sp                             0x20002218   Data           0  startup_hc32l07x.o(STACK)



==============================================================================

Memory Map of the image

  Image Entry point : 0x000040c1

  Load Region LR_IROM1 (Base: 0x00004000, Size: 0x000043f8, Max: 0x00008000, ABSOLUTE, COMPRESSED[0x000043a4])

    Execution Region ER_IROM1 (Base: 0x00004000, Size: 0x00003f5c, Max: 0x00008000, ABSOLUTE)

    Base Addr    Size         Type   Attr      Idx    E Section Name        Object

    0x00004000   0x000000c0   Data   RO            3    RESET               startup_hc32l07x.o
    0x000040c0   0x00000000   Code   RO         2434  * .ARM.Collect$$$$00000000  mc_p.l(entry.o)
    0x000040c0   0x00000004   Code   RO         2758    .ARM.Collect$$$$00000001  mc_p.l(entry2.o)
    0x000040c4   0x00000004   Code   RO         2761    .ARM.Collect$$$$00000004  mc_p.l(entry5.o)
    0x000040c8   0x00000000   Code   RO         2763    .ARM.Collect$$$$00000008  mc_p.l(entry7b.o)
    0x000040c8   0x00000000   Code   RO         2765    .ARM.Collect$$$$0000000A  mc_p.l(entry8b.o)
    0x000040c8   0x00000008   Code   RO         2766    .ARM.Collect$$$$0000000B  mc_p.l(entry9a.o)
    0x000040d0   0x00000000   Code   RO         2768    .ARM.Collect$$$$0000000D  mc_p.l(entry10a.o)
    0x000040d0   0x00000000   Code   RO         2770    .ARM.Collect$$$$0000000F  mc_p.l(entry11a.o)
    0x000040d0   0x00000004   Code   RO         2759    .ARM.Collect$$$$00002712  mc_p.l(entry2.o)
    0x000040d4   0x00000010   Code   RO          395    .emb_text           system.o
    0x000040e4   0x0000003c   Code   RO            4    .text               startup_hc32l07x.o
    0x00004120   0x0000002c   Code   RO         2437    .text               mc_p.l(uidiv.o)
    0x0000414c   0x00000024   Code   RO         2439    .text               mc_p.l(memcpya.o)
    0x00004170   0x00000024   Code   RO         2441    .text               mc_p.l(memseta.o)
    0x00004194   0x00000028   Code   RO         2443    .text               mc_p.l(strstr.o)
    0x000041bc   0x00000014   Code   RO         2445    .text               mc_p.l(strchr.o)
    0x000041d0   0x0000000e   Code   RO         2447    .text               mc_p.l(strlen.o)
    0x000041de   0x0000001a   Code   RO         2449    .text               mc_p.l(memcmp.o)
    0x000041f8   0x00000014   Code   RO         2742    .text               mc_p.l(uread4.o)
    0x0000420c   0x00000012   Code   RO         2744    .text               mc_p.l(uwrite4.o)
    0x0000421e   0x00000002   PAD
    0x00004220   0x0000003c   Code   RO         2746    .text               mc_p.l(__0sscanf.o)
    0x0000425c   0x0000014a   Code   RO         2748    .text               mc_p.l(_scanf_int.o)
    0x000043a6   0x000000b2   Code   RO         2750    .text               mf_p.l(fadd.o)
    0x00004458   0x0000007c   Code   RO         2752    .text               mf_p.l(fdiv.o)
    0x000044d4   0x0000000e   Code   RO         2754    .text               mf_p.l(ffltui.o)
    0x000044e2   0x00000028   Code   RO         2756    .text               mf_p.l(ffixui.o)
    0x0000450a   0x00000060   Code   RO         2773    .text               mc_p.l(uldiv.o)
    0x0000456a   0x0000001e   Code   RO         2777    .text               mc_p.l(_chval.o)
    0x00004588   0x0000002c   Code   RO         2779    .text               mc_p.l(scanf_char.o)
    0x000045b4   0x00000044   Code   RO         2781    .text               mc_p.l(_sgetc.o)
    0x000045f8   0x00000000   Code   RO         2783    .text               mc_p.l(iusefp.o)
    0x000045f8   0x00000082   Code   RO         2784    .text               mf_p.l(fepilogue.o)
    0x0000467a   0x00000002   PAD
    0x0000467c   0x00000024   Code   RO         2796    .text               mc_p.l(init.o)
    0x000046a0   0x00000020   Code   RO         2798    .text               mc_p.l(llshl.o)
    0x000046c0   0x00000022   Code   RO         2800    .text               mc_p.l(llushr.o)
    0x000046e2   0x0000000e   Code   RO         2804    .text               mc_p.l(isspace_c.o)
    0x000046f0   0x00000338   Code   RO         2806    .text               mc_p.l(_scanf.o)
    0x00004a28   0x00000024   Code   RO         2812    .text               mc_p.l(ctype_c.o)
    0x00004a4c   0x00000056   Code   RO         2823    .text               mc_p.l(__dczerorl2.o)
    0x00004aa2   0x0000000e   Code   RO          290    i.$Sub$$main        system_hc32l07x.o
    0x00004ab0   0x0000000c   Code   RO           12    i.ADC_DAC_IRQHandler  interrupts_hc32l07x.o
    0x00004abc   0x000000f0   Code   RO          396    i.App_Can_init      system.o
    0x00004bac   0x00000060   Code   RO          397    i.App_Rtc_Init      system.o
    0x00004c0c   0x00000050   Code   RO          398    i.App_SystemClkInit_PLL48M_byXTH  system.o
    0x00004c5c   0x00000056   Code   RO          399    i.App_Timer3Cfg     system.o
    0x00004cb2   0x00000002   PAD
    0x00004cb4   0x00000084   Code   RO         1385    i.CAN_FilterConfig  can.o
    0x00004d38   0x00000008   Code   RO           13    i.CAN_IRQHandler    interrupts_hc32l07x.o
    0x00004d40   0x000000b4   Code   RO         1386    i.CAN_Init          can.o
    0x00004df4   0x00000018   Code   RO         1387    i.CAN_IrqCmd        can.o
    0x00004e0c   0x00000018   Code   RO         1388    i.CAN_IrqFlgClr     can.o
    0x00004e24   0x00000014   Code   RO         1389    i.CAN_IrqFlgGet     can.o
    0x00004e38   0x00000038   Code   RO         1390    i.CAN_ModeConfig    can.o
    0x00004e70   0x00000050   Code   RO          702    i.CAN_Rec_Prase     iot_protol.o
    0x00004ec0   0x00000024   Code   RO         1391    i.CAN_Receive       can.o
    0x00004ee4   0x00000038   Code   RO         1394    i.CAN_SetFrame      can.o
    0x00004f1c   0x00000014   Code   RO         1395    i.CAN_StatusGet     can.o
    0x00004f30   0x00000010   Code   RO         1396    i.CAN_TransmitCmd   can.o
    0x00004f40   0x0000000c   Code   RO           14    i.CLKTRIM_CTS_IRQHandler  interrupts_hc32l07x.o
    0x00004f4c   0x00000058   Code   RO          400    i.Can_IRQHandler    system.o
    0x00004fa4   0x0000000a   Code   RO          401    i.DDL_ConsoleOutputChar  system.o
    0x00004fae   0x00000008   Code   RO           15    i.DMAC_IRQHandler   interrupts_hc32l07x.o
    0x00004fb6   0x00000002   PAD
    0x00004fb8   0x00000044   Code   RO          703    i.Data_Print        iot_protol.o
    0x00004ffc   0x00000068   Code   RO           16    i.EnableNvic        interrupts_hc32l07x.o
    0x00005064   0x00000060   Code   RO          402    i.Exit_Interrupt_Init  system.o
    0x000050c4   0x00000018   Code   RO          619    i.FIFO_Clean_Buf    fifo.o
    0x000050dc   0x0000001c   Code   RO          624    i.FIFO_Init         fifo.o
    0x000050f8   0x00000054   Code   RO          625    i.FIFO_Rece_Buf     fifo.o
    0x0000514c   0x0000003c   Code   RO          627    i.FIFO_Size_Check   fifo.o
    0x00005188   0x00000010   Code   RO          628    i.FIFO_Valid_Size   fifo.o
    0x00005198   0x00000054   Code   RO          629    i.FIFO_Write_NByte  fifo.o
    0x000051ec   0x0000003c   Code   RO          630    i.FIFO_Write_OneByte  fifo.o
    0x00005228   0x0000000c   Code   RO           17    i.FLASH_RAM_IRQHandler  interrupts_hc32l07x.o
    0x00005234   0x000000a8   Code   RO         1848    i.Flash_Init        flash.o
    0x000052dc   0x00000024   Code   RO         1849    i.Flash_LockAll     flash.o
    0x00005300   0x00000084   Code   RO         1851    i.Flash_SectorErase  flash.o
    0x00005384   0x00000024   Code   RO         1852    i.Flash_UnlockAll   flash.o
    0x000053a8   0x0000002c   Code   RO         1853    i.Flash_WaitCycle   flash.o
    0x000053d4   0x00000088   Code   RO         1854    i.Flash_WriteByte   flash.o
    0x0000545c   0x000000a0   Code   RO          798    i.GPS_Control       gps_control.o
    0x000054fc   0x000000d4   Code   RO          799    i.GPS_data_task     gps_control.o
    0x000055d0   0x00000018   Code   RO          800    i.GPS_deep_sleep_cmd  gps_control.o
    0x000055e8   0x00000018   Code   RO          802    i.GPS_host_start_cmd  gps_control.o
    0x00005600   0x00000170   Code   RO          803    i.GPS_init          gps_control.o
    0x00005770   0x00000012   Code   RO          804    i.GPS_power_off     gps_control.o
    0x00005782   0x0000000c   Code   RO          805    i.GPS_power_on      gps_control.o
    0x0000578e   0x0000000a   Code   RO         1000    i.GetBit            ddl.o
    0x00005798   0x00000028   Code   RO          938    i.GetCrc32          app_ota.o
    0x000057c0   0x00000024   Code   RO          939    i.GetCrc32_cum      app_ota.o
    0x000057e4   0x00000014   Code   RO         1212    i.Gpio_ClearIrq     gpio.o
    0x000057f8   0x00000014   Code   RO         1213    i.Gpio_ClrIO        gpio.o
    0x0000580c   0x00000018   Code   RO         1215    i.Gpio_DisableIrq   gpio.o
    0x00005824   0x00000018   Code   RO         1216    i.Gpio_EnableIrq    gpio.o
    0x0000583c   0x00000010   Code   RO         1218    i.Gpio_GetInputIO   gpio.o
    0x0000584c   0x00000010   Code   RO         1219    i.Gpio_GetIrqStatus  gpio.o
    0x0000585c   0x00000098   Code   RO         1220    i.Gpio_Init         gpio.o
    0x000058f4   0x00000014   Code   RO         1222    i.Gpio_SetAfMode    gpio.o
    0x00005908   0x00000014   Code   RO         1225    i.Gpio_SetIO        gpio.o
    0x0000591c   0x0000000c   Code   RO           18    i.HardFault_Handler  interrupts_hc32l07x.o
    0x00005928   0x00000008   Code   RO           19    i.I2C0_IRQHandler   interrupts_hc32l07x.o
    0x00005930   0x00000008   Code   RO           20    i.I2C1_IRQHandler   interrupts_hc32l07x.o
    0x00005938   0x00000148   Code   RO          704    i.IOT_Rec_Parse     iot_protol.o
    0x00005a80   0x00000044   Code   RO          705    i.IOT_cmd_data_send  iot_protol.o
    0x00005ac4   0x00000418   Code   RO          706    i.IOT_rcv_data_handler  iot_protol.o
    0x00005edc   0x00000034   Code   RO          403    i.Iot_Can_Send      system.o
    0x00005f10   0x00000008   Code   RO           21    i.LCD_IRQHandler    interrupts_hc32l07x.o
    0x00005f18   0x0000000c   Code   RO           22    i.LPTIM0_1_IRQHandler  interrupts_hc32l07x.o
    0x00005f24   0x00000008   Code   RO           23    i.LPUART0_IRQHandler  interrupts_hc32l07x.o
    0x00005f2c   0x00000008   Code   RO           24    i.LPUART1_IRQHandler  interrupts_hc32l07x.o
    0x00005f34   0x0000001c   Code   RO         1817    i.Lpm_GotoDeepSleep  lpm.o
    0x00005f50   0x00000008   Code   RO           25    i.PCA_IRQHandler    interrupts_hc32l07x.o
    0x00005f58   0x00000008   Code   RO           26    i.PCNT_IRQHandler   interrupts_hc32l07x.o
    0x00005f60   0x00000008   Code   RO           27    i.PORTA_IRQHandler  interrupts_hc32l07x.o
    0x00005f68   0x00000008   Code   RO           28    i.PORTB_IRQHandler  interrupts_hc32l07x.o
    0x00005f70   0x0000000c   Code   RO           29    i.PORTC_E_IRQHandler  interrupts_hc32l07x.o
    0x00005f7c   0x0000000c   Code   RO           30    i.PORTD_F_IRQHandler  interrupts_hc32l07x.o
    0x00005f88   0x0000002c   Code   RO          404    i.PortA_IRQHandler  system.o
    0x00005fb4   0x00000018   Code   RO          405    i.PortB_IRQHandler  system.o
    0x00005fcc   0x00000008   Code   RO           31    i.RTC_IRQHandler    interrupts_hc32l07x.o
    0x00005fd4   0x0000002c   Code   RO         1690    i.Rtc_AlmIeCmd      rtc.o
    0x00006000   0x00000014   Code   RO         1693    i.Rtc_ClearPrdfItStatus  rtc.o
    0x00006014   0x00000014   Code   RO         1694    i.Rtc_Cmd           rtc.o
    0x00006028   0x00000034   Code   RO         1695    i.Rtc_CompCfg       rtc.o
    0x0000605c   0x00000010   Code   RO         1698    i.Rtc_GetPridItStatus  rtc.o
    0x0000606c   0x00000018   Code   RO          406    i.Rtc_IRQHandler    system.o
    0x00006084   0x0000004c   Code   RO         1700    i.Rtc_Init          rtc.o
    0x000060d0   0x00000050   Code   RO         1703    i.Rtc_SetCyc        rtc.o
    0x00006120   0x00000068   Code   RO         1704    i.Rtc_SetTime       rtc.o
    0x00006188   0x00000024   Code   RO         1705    i.Rtc_StartWait     rtc.o
    0x000061ac   0x0000000c   Code   RO           32    i.SPI0_I2S0_IRQHandler  interrupts_hc32l07x.o
    0x000061b8   0x0000000c   Code   RO           33    i.SPI1_I2S1_IRQHandler  interrupts_hc32l07x.o
    0x000061c4   0x00000014   Code   RO         1002    i.SetBit            ddl.o
    0x000061d8   0x00000008   Code   RO           34    i.SysTick_Handler   interrupts_hc32l07x.o
    0x000061e0   0x00000002   Code   RO          407    i.SysTick_IRQHandler  system.o
    0x000061e2   0x00000002   PAD
    0x000061e4   0x000000c4   Code   RO          408    i.Sys_Check_Sleep   system.o
    0x000062a8   0x000001dc   Code   RO          409    i.Sys_Init          system.o
    0x00006484   0x0000011c   Code   RO         1058    i.Sysctrl_ClkSourceEnable  sysctrl.o
    0x000065a0   0x0000013c   Code   RO         1059    i.Sysctrl_GetHClkFreq  sysctrl.o
    0x000066dc   0x00000018   Code   RO         1060    i.Sysctrl_GetPClkFreq  sysctrl.o
    0x000066f4   0x00000024   Code   RO         1063    i.Sysctrl_SetHCLKDiv  sysctrl.o
    0x00006718   0x00000024   Code   RO         1064    i.Sysctrl_SetPCLKDiv  sysctrl.o
    0x0000673c   0x000000dc   Code   RO         1065    i.Sysctrl_SetPLLFreq  sysctrl.o
    0x00006818   0x00000024   Code   RO         1067    i.Sysctrl_SetPeripheralGate  sysctrl.o
    0x0000683c   0x0000001c   Code   RO         1072    i.Sysctrl_SetXTHFreq  sysctrl.o
    0x00006858   0x0000001c   Code   RO         1073    i.Sysctrl_SetXTHStableTime  sysctrl.o
    0x00006874   0x00000028   Code   RO         1075    i.Sysctrl_SysClkSwitch  sysctrl.o
    0x0000689c   0x0000001c   Code   RO         1078    i.Sysctrl_XTHDriverCfg  sysctrl.o
    0x000068b8   0x00000010   Code   RO          291    i.SystemCoreClockUpdate  system_hc32l07x.o
    0x000068c8   0x00000064   Code   RO          292    i.SystemInit        system_hc32l07x.o
    0x0000692c   0x00000008   Code   RO           35    i.TIM0_IRQHandler   interrupts_hc32l07x.o
    0x00006934   0x00000008   Code   RO           36    i.TIM1_IRQHandler   interrupts_hc32l07x.o
    0x0000693c   0x00000008   Code   RO           37    i.TIM2_IRQHandler   interrupts_hc32l07x.o
    0x00006944   0x00000008   Code   RO           38    i.TIM3_IRQHandler   interrupts_hc32l07x.o
    0x0000694c   0x00000008   Code   RO           39    i.TIM4_IRQHandler   interrupts_hc32l07x.o
    0x00006954   0x00000008   Code   RO           40    i.TIM5_IRQHandler   interrupts_hc32l07x.o
    0x0000695c   0x00000008   Code   RO           41    i.TIM6_IRQHandler   interrupts_hc32l07x.o
    0x00006964   0x00000014   Code   RO         2111    i.Tim3_ClearIntFlag  timer3.o
    0x00006978   0x00000010   Code   RO         2112    i.Tim3_GetIntFlag   timer3.o
    0x00006988   0x0000003c   Code   RO          410    i.Tim3_IRQHandler   system.o
    0x000069c4   0x00000018   Code   RO         2113    i.Tim3_M0_ARRSet    timer3.o
    0x000069dc   0x00000018   Code   RO         2115    i.Tim3_M0_Cnt16Set  timer3.o
    0x000069f4   0x00000014   Code   RO         2120    i.Tim3_M0_Run       timer3.o
    0x00006a08   0x00000014   Code   RO         2154    i.Tim3_Mode0_EnableIrq  timer3.o
    0x00006a1c   0x00000080   Code   RO         2155    i.Tim3_Mode0_Init   timer3.o
    0x00006a9c   0x0000000c   Code   RO           42    i.UART0_2_IRQHandler  interrupts_hc32l07x.o
    0x00006aa8   0x000000b4   Code   RO          411    i.UART0_Iot_Init    system.o
    0x00006b5c   0x0000000c   Code   RO           43    i.UART1_3_IRQHandler  interrupts_hc32l07x.o
    0x00006b68   0x000000a4   Code   RO          413    i.UART1_GPS_Init    system.o
    0x00006c0c   0x00000008   Code   RO           44    i.USBFS_IRQHandler  interrupts_hc32l07x.o
    0x00006c14   0x00000034   Code   RO          414    i.Uart0_IRQHandler  system.o
    0x00006c48   0x00000026   Code   RO          415    i.Uart0_Send_Iot    system.o
    0x00006c6e   0x00000002   PAD
    0x00006c70   0x00000034   Code   RO          416    i.Uart1_IRQHandler  system.o
    0x00006ca4   0x00000028   Code   RO          417    i.Uart1_Send_gps    system.o
    0x00006ccc   0x0000000e   Code   RO         1499    i.Uart_ClrStatus    uart.o
    0x00006cda   0x0000000e   Code   RO         1502    i.Uart_EnableFunc   uart.o
    0x00006ce8   0x0000000e   Code   RO         1503    i.Uart_EnableIrq    uart.o
    0x00006cf6   0x0000000a   Code   RO         1506    i.Uart_GetStatus    uart.o
    0x00006d00   0x00000074   Code   RO         1509    i.Uart_Init         uart.o
    0x00006d74   0x00000006   Code   RO         1510    i.Uart_ReceiveData  uart.o
    0x00006d7a   0x00000034   Code   RO         1512    i.Uart_SendDataPoll  uart.o
    0x00006dae   0x00000014   Code   RO           45    i.VC0_1_2_LVD_IRQHandler  interrupts_hc32l07x.o
    0x00006dc2   0x00000008   Code   RO           46    i.WDT_IRQHandler    interrupts_hc32l07x.o
    0x00006dca   0x00000002   PAD
    0x00006dcc   0x00000010   Code   RO         1625    i.Wdt_Feed          wdt.o
    0x00006ddc   0x00000024   Code   RO         1627    i.Wdt_Init          wdt.o
    0x00006e00   0x00000010   Code   RO         1631    i.Wdt_Start         wdt.o
    0x00006e10   0x00000018   Code   RO         1632    i.Wdt_WriteWdtLoad  wdt.o
    0x00006e28   0x00000018   Code   RO         1080    i._SysctrlUnlock    sysctrl.o
    0x00006e40   0x00000020   Code   RO         2660    i.__0printf$8       mc_p.l(printf8.o)
    0x00006e60   0x0000001a   Code   RO          600    i.__ARM_common_switch8  system.o
    0x00006e7a   0x0000000e   Code   RO         2817    i.__scatterload_copy  mc_p.l(handlers.o)
    0x00006e88   0x00000002   Code   RO         2818    i.__scatterload_null  mc_p.l(handlers.o)
    0x00006e8a   0x0000000e   Code   RO         2819    i.__scatterload_zeroinit  mc_p.l(handlers.o)
    0x00006e98   0x00000428   Code   RO         2667    i._printf_core      mc_p.l(printf8.o)
    0x000072c0   0x00000020   Code   RO         2668    i._printf_post_padding  mc_p.l(printf8.o)
    0x000072e0   0x0000002c   Code   RO         2669    i._printf_pre_padding  mc_p.l(printf8.o)
    0x0000730c   0x00000020   Code   RO          707    i.ble_Package_CheckSum  iot_protol.o
    0x0000732c   0x0000001a   Code   RO          708    i.can_check_sum     iot_protol.o
    0x00007346   0x00000002   PAD
    0x00007348   0x000000b4   Code   RO          709    i.can_ota_data      iot_protol.o
    0x000073fc   0x00000024   Code   RO          418    i.can_rx_dispitch   system.o
    0x00007420   0x00000030   Code   RO          419    i.can_rx_frame_in   system.o
    0x00007450   0x00000030   Code   RO          420    i.can_rx_frame_out  system.o
    0x00007480   0x00000048   Code   RO          711    i.car_jump_password  iot_protol.o
    0x000074c8   0x000000a0   Code   RO          712    i.car_lock_send     iot_protol.o
    0x00007568   0x000000e4   Code   RO          713    i.car_unlock_send   iot_protol.o
    0x0000764c   0x00000090   Code   RO          421    i.cat1_init         system.o
    0x000076dc   0x000000a8   Code   RO          422    i.cat1_power_control  system.o
    0x00007784   0x00000034   Code   RO          940    i.crc32_test        app_ota.o
    0x000077b8   0x00000012   Code   RO         1003    i.ddl_memclr        ddl.o
    0x000077ca   0x00000002   PAD
    0x000077cc   0x00000050   Code   RO         1004    i.delay100us        ddl.o
    0x0000781c   0x00000050   Code   RO         1005    i.delay10us         ddl.o
    0x0000786c   0x0000004c   Code   RO         1006    i.delay1ms          ddl.o
    0x000078b8   0x00000018   Code   RO          424    i.fputc             system.o
    0x000078d0   0x00000054   Code   RO         2714    i.free              mc_p.l(malloc.o)
    0x00007924   0x000000b8   Code   RO          809    i.gps_send_cmd_str  gps_control.o
    0x000079dc   0x00000014   Code   RO          810    i.hextoint          gps_control.o
    0x000079f0   0x00000038   Code   RO          425    i.iap_load_app      system.o
    0x00007a28   0x000000dc   Code   RO          331    i.main              main.o
    0x00007b04   0x0000006c   Code   RO         2715    i.malloc            mc_p.l(malloc.o)
    0x00007b70   0x000000d0   Code   RO          941    i.ota_data_check    app_ota.o
    0x00007c40   0x00000054   Code   RO          942    i.ota_flash_erase   app_ota.o
    0x00007c94   0x00000012   Code   RO          943    i.ota_flash_read    app_ota.o
    0x00007ca6   0x00000002   PAD
    0x00007ca8   0x00000044   Code   RO          944    i.ota_flash_write   app_ota.o
    0x00007cec   0x0000003e   Code   RO          426    i.simulation_uart_tx  system.o
    0x00007d2a   0x000000e2   Code   RO          427    i.sys_rest          system.o
    0x00007e0c   0x00000018   Data   RO         1081    .constdata          sysctrl.o
    0x00007e24   0x00000008   Data   RO         1517    .constdata          uart.o
    0x00007e2c   0x00000020   Data   RO         1857    .constdata          flash.o
    0x00007e4c   0x00000040   Data   RO         2813    .constdata          mc_p.l(ctype_c.o)
    0x00007e8c   0x000000ae   Data   RO          814    .conststring        gps_control.o
    0x00007f3a   0x00000002   PAD
    0x00007f3c   0x00000020   Data   RO         2815    Region$$Table       anon$$obj.o


    Execution Region RW_IRAM1 (Base: 0x20000000, Size: 0x00002218, Max: 0x00004000, ABSOLUTE, COMPRESSED[0x00000448])

    Base Addr    Size         Type   Attr      Idx    E Section Name        Object

    0x20000000   0x00000004   Data   RW          293    .data               system_hc32l07x.o
    0x20000004   0x00000001   Data   RW          332    .data               main.o
    0x20000005   0x00000003   PAD
    0x20000008   0x0000001a   Data   RW          430    .data               system.o
    0x20000022   0x00000014   Data   RW          716    .data               iot_protol.o
    0x20000036   0x00000002   PAD
    0x20000038   0x00000058   Data   RW          831    .data               gps_control.o
    0x20000090   0x00000400   Data   RW          947    .data               app_ota.o
    0x20000490   0x00000004   Data   RW         2772    .data               mc_p.l(stdout.o)
    0x20000494   0x00000004   Data   RW         2775    .data               mc_p.l(mvars.o)
    0x20000498   0x00000004   Data   RW         2776    .data               mc_p.l(mvars.o)
    0x2000049c   0x00001448   Zero   RW          429    .bss                system.o
    0x200018e4   0x00000090   Zero   RW          631    .bss                fifo.o
    0x20001974   0x00000200   Zero   RW          714    .bss                iot_protol.o
    0x20001b74   0x00000200   Zero   RW          812    .bss                gps_control.o
    0x20001d74   0x00000015   Zero   RW          945    .bss                app_ota.o
    0x20001d89   0x00000003   PAD
    0x20001d8c   0x0000008c   Zero   RW          946    .bss                app_ota.o
    0x20001e18   0x00000200   Zero   RW            2    HEAP                startup_hc32l07x.o
    0x20002018   0x00000200   Zero   RW            1    STACK               startup_hc32l07x.o


==============================================================================

Image component sizes


      Code (inc. data)   RO Data    RW Data    ZI Data      Debug   Object Name

       506        132          0       1024        161       5721   app_ota.o
       564         50          0          0          0       7355   can.o
       284         48          0          0          0       3595   ddl.o
       356         36          0          0        144       4430   fifo.o
       552         90         32          0          0       4842   flash.o
       312         48          0          0          0       5400   gpio.o
      1022        262        174         88        512       7601   gps_control.o
       432         16          0          0          0     194263   interrupts_hc32l07x.o
      2290        344          0         20        512       9665   iot_protol.o
        28          4          0          0          0        456   lpm.o
       220         44          0          1          0      13312   main.o
       448         46          0          0          0       5295   rtc.o
        60         22        192          0       1024        620   startup_hc32l07x.o
      1100        114         24          0          0       8987   sysctrl.o
      2954        390          0         26       5192      32245   system.o
       130         20          0          4          0       2172   system_hc32l07x.o
       252         36          0          0          0       3925   timer3.o
       226          4          8          0          0       4260   uart.o
        92         20          0          0          0       2089   wdt.o

    ----------------------------------------------------------------------
     11844       1726        464       1168       7548     316233   Object Totals
         0          0         32          0          0          0   (incl. Generated)
        16          0          2          5          3          0   (incl. Padding)

    ----------------------------------------------------------------------

      Code (inc. data)   RO Data    RW Data    ZI Data      Debug   Library Member Name

        60         10          0          0          0         84   __0sscanf.o
        86          0          0          0          0          0   __dczerorl2.o
        30          0          0          0          0         60   _chval.o
       824         12          0          0          0         84   _scanf.o
       330          0          0          0          0         84   _scanf_int.o
        68          0          0          0          0         76   _sgetc.o
        36          4         64          0          0         60   ctype_c.o
         0          0          0          0          0          0   entry.o
         0          0          0          0          0          0   entry10a.o
         0          0          0          0          0          0   entry11a.o
         8          4          0          0          0          0   entry2.o
         4          0          0          0          0          0   entry5.o
         0          0          0          0          0          0   entry7b.o
         0          0          0          0          0          0   entry8b.o
         8          4          0          0          0          0   entry9a.o
        30          0          0          0          0          0   handlers.o
        36          8          0          0          0         68   init.o
        14          0          0          0          0         68   isspace_c.o
         0          0          0          0          0          0   iusefp.o
        32          0          0          0          0         68   llshl.o
        34          0          0          0          0         68   llushr.o
       192         20          0          0          0        144   malloc.o
        26          0          0          0          0         72   memcmp.o
        36          0          0          0          0         60   memcpya.o
        36          0          0          0          0        100   memseta.o
         0          0          0          8          0          0   mvars.o
      1172         52          0          0          0        324   printf8.o
        44          8          0          0          0         84   scanf_char.o
         0          0          0          4          0          0   stdout.o
        20          0          0          0          0         60   strchr.o
        14          0          0          0          0         60   strlen.o
        40          0          0          0          0         72   strstr.o
        44          0          0          0          0         72   uidiv.o
        96          0          0          0          0         84   uldiv.o
        20          0          0          0          0         60   uread4.o
        18          0          0          0          0         60   uwrite4.o
       178          0          0          0          0        108   fadd.o
       124          0          0          0          0         72   fdiv.o
       130          0          0          0          0        144   fepilogue.o
        40          0          0          0          0         60   ffixui.o
        14          0          0          0          0         68   ffltui.o

    ----------------------------------------------------------------------
      3848        122         64         12          0       2424   Library Totals
         4          0          0          0          0          0   (incl. Padding)

    ----------------------------------------------------------------------

      Code (inc. data)   RO Data    RW Data    ZI Data      Debug   Library Name

      3358        122         64         12          0       1972   mc_p.l
       486          0          0          0          0        452   mf_p.l

    ----------------------------------------------------------------------
      3848        122         64         12          0       2424   Library Totals

    ----------------------------------------------------------------------

==============================================================================


      Code (inc. data)   RO Data    RW Data    ZI Data      Debug   

     15692       1848        528       1180       7548     310029   Grand Totals
     15692       1848        528       1096       7548     310029   ELF Image Totals (compressed)
     15692       1848        528       1096          0          0   ROM Totals

==============================================================================

    Total RO  Size (Code + RO Data)                16220 (  15.84kB)
    Total RW  Size (RW Data + ZI Data)              8728 (   8.52kB)
    Total ROM Size (Code + RO Data + RW Data)      17316 (  16.91kB)

==============================================================================

