Component: ARM Compiler 5.06 update 3 (build 300) Tool: armlink [4d35c9]

==============================================================================

Image Symbol Table

    Local Symbols

    Symbol Name                              Value     Ov Type        Size  Object(Section)

    RESET                                    0x00000000   Section      192  startup_hc32l07x.o(RESET)
    ../clib/microlib/division.c              0x00000000   Number         0  uidiv.o ABSOLUTE
    ../clib/microlib/init/entry.s            0x00000000   Number         0  entry11b.o ABSOLUTE
    ../clib/microlib/init/entry.s            0x00000000   Number         0  entry2.o ABSOLUTE
    ../clib/microlib/init/entry.s            0x00000000   Number         0  entry10b.o ABSOLUTE
    ../clib/microlib/init/entry.s            0x00000000   Number         0  entry5.o ABSOLUTE
    ../clib/microlib/init/entry.s            0x00000000   Number         0  entry11a.o ABSOLUTE
    ../clib/microlib/init/entry.s            0x00000000   Number         0  entry7a.o ABSOLUTE
    ../clib/microlib/init/entry.s            0x00000000   Number         0  entry7b.o ABSOLUTE
    ../clib/microlib/init/entry.s            0x00000000   Number         0  entry8a.o ABSOLUTE
    ../clib/microlib/init/entry.s            0x00000000   Number         0  entry10a.o ABSOLUTE
    ../clib/microlib/init/entry.s            0x00000000   Number         0  entry9b.o ABSOLUTE
    ../clib/microlib/init/entry.s            0x00000000   Number         0  entry8b.o ABSOLUTE
    ../clib/microlib/init/entry.s            0x00000000   Number         0  entry9a.o ABSOLUTE
    ../clib/microlib/init/entry.s            0x00000000   Number         0  entry.o ABSOLUTE
    ../clib/microlib/string/memcpy.c         0x00000000   Number         0  memcpyb.o ABSOLUTE
    ../clib/microlib/string/memcpy.c         0x00000000   Number         0  memcpya.o ABSOLUTE
    ..\..\..\..\driver\src\ddl.c             0x00000000   Number         0  ddl.o ABSOLUTE
    ..\..\..\..\driver\src\gpio.c            0x00000000   Number         0  gpio.o ABSOLUTE
    ..\..\..\..\driver\src\lpm.c             0x00000000   Number         0  lpm.o ABSOLUTE
    ..\..\..\..\driver\src\sysctrl.c         0x00000000   Number         0  sysctrl.o ABSOLUTE
    ..\..\..\..\driver\src\wdt.c             0x00000000   Number         0  wdt.o ABSOLUTE
    ..\..\..\..\mcu\common\interrupts_hc32l07x.c 0x00000000   Number         0  interrupts_hc32l07x.o ABSOLUTE
    ..\..\..\..\mcu\common\system_hc32l07x.c 0x00000000   Number         0  system_hc32l07x.o ABSOLUTE
    ..\\..\\..\\..\\driver\\src\\ddl.c       0x00000000   Number         0  ddl.o ABSOLUTE
    ..\\..\\..\\..\\driver\\src\\gpio.c      0x00000000   Number         0  gpio.o ABSOLUTE
    ..\\..\\..\\..\\driver\\src\\lpm.c       0x00000000   Number         0  lpm.o ABSOLUTE
    ..\\..\\..\\..\\driver\\src\\sysctrl.c   0x00000000   Number         0  sysctrl.o ABSOLUTE
    ..\\..\\..\\..\\driver\\src\\wdt.c       0x00000000   Number         0  wdt.o ABSOLUTE
    ..\\..\\..\\..\\mcu\\common\\interrupts_hc32l07x.c 0x00000000   Number         0  interrupts_hc32l07x.o ABSOLUTE
    ..\\..\\..\\..\\mcu\\common\\system_hc32l07x.c 0x00000000   Number         0  system_hc32l07x.o ABSOLUTE
    ..\\source\\main.c                       0x00000000   Number         0  main.o ABSOLUTE
    ..\source\main.c                         0x00000000   Number         0  main.o ABSOLUTE
    dc.s                                     0x00000000   Number         0  dc.o ABSOLUTE
    handlers.s                               0x00000000   Number         0  handlers.o ABSOLUTE
    init.s                                   0x00000000   Number         0  init.o ABSOLUTE
    startup_hc32l07x.s                       0x00000000   Number         0  startup_hc32l07x.o ABSOLUTE
    .ARM.Collect$$$$00000000                 0x000000c0   Section        0  entry.o(.ARM.Collect$$$$00000000)
    .ARM.Collect$$$$00000001                 0x000000c0   Section        4  entry2.o(.ARM.Collect$$$$00000001)
    .ARM.Collect$$$$00000004                 0x000000c4   Section        4  entry5.o(.ARM.Collect$$$$00000004)
    .ARM.Collect$$$$00000008                 0x000000c8   Section        0  entry7b.o(.ARM.Collect$$$$00000008)
    .ARM.Collect$$$$0000000A                 0x000000c8   Section        0  entry8b.o(.ARM.Collect$$$$0000000A)
    .ARM.Collect$$$$0000000B                 0x000000c8   Section        8  entry9a.o(.ARM.Collect$$$$0000000B)
    .ARM.Collect$$$$0000000D                 0x000000d0   Section        0  entry10a.o(.ARM.Collect$$$$0000000D)
    .ARM.Collect$$$$0000000F                 0x000000d0   Section        0  entry11a.o(.ARM.Collect$$$$0000000F)
    .ARM.Collect$$$$00002712                 0x000000d0   Section        4  entry2.o(.ARM.Collect$$$$00002712)
    __lit__00000000                          0x000000d0   Data           4  entry2.o(.ARM.Collect$$$$00002712)
    .text                                    0x000000d4   Section       60  startup_hc32l07x.o(.text)
    .text                                    0x00000110   Section        0  uidiv.o(.text)
    .text                                    0x0000013c   Section        0  memcpya.o(.text)
    .text                                    0x00000160   Section       36  init.o(.text)
    i.$Sub$$main                             0x00000184   Section        0  system_hc32l07x.o(i.$Sub$$main)
    i.ADC_DAC_IRQHandler                     0x00000192   Section        0  interrupts_hc32l07x.o(i.ADC_DAC_IRQHandler)
    i.CAN_IRQHandler                         0x0000019e   Section        0  interrupts_hc32l07x.o(i.CAN_IRQHandler)
    i.CLKTRIM_CTS_IRQHandler                 0x000001a6   Section        0  interrupts_hc32l07x.o(i.CLKTRIM_CTS_IRQHandler)
    i.DMAC_IRQHandler                        0x000001b2   Section        0  interrupts_hc32l07x.o(i.DMAC_IRQHandler)
    i.EnableNvic                             0x000001bc   Section        0  interrupts_hc32l07x.o(i.EnableNvic)
    i.FLASH_RAM_IRQHandler                   0x00000224   Section        0  interrupts_hc32l07x.o(i.FLASH_RAM_IRQHandler)
    i.GetBit                                 0x00000230   Section        0  ddl.o(i.GetBit)
    i.Gpio_GetInputIO                        0x0000023c   Section        0  gpio.o(i.Gpio_GetInputIO)
    i.Gpio_Init                              0x0000024c   Section        0  gpio.o(i.Gpio_Init)
    i.Gpio_WriteOutputIO                     0x000002e4   Section        0  gpio.o(i.Gpio_WriteOutputIO)
    i.HardFault_Handler                      0x000002f8   Section        0  interrupts_hc32l07x.o(i.HardFault_Handler)
    i.I2C0_IRQHandler                        0x00000304   Section        0  interrupts_hc32l07x.o(i.I2C0_IRQHandler)
    i.I2C1_IRQHandler                        0x0000030c   Section        0  interrupts_hc32l07x.o(i.I2C1_IRQHandler)
    i.LCD_IRQHandler                         0x00000314   Section        0  interrupts_hc32l07x.o(i.LCD_IRQHandler)
    i.LPTIM0_1_IRQHandler                    0x0000031c   Section        0  interrupts_hc32l07x.o(i.LPTIM0_1_IRQHandler)
    i.LPUART0_IRQHandler                     0x00000328   Section        0  interrupts_hc32l07x.o(i.LPUART0_IRQHandler)
    i.LPUART1_IRQHandler                     0x00000330   Section        0  interrupts_hc32l07x.o(i.LPUART1_IRQHandler)
    i.Lpm_GotoDeepSleep                      0x00000338   Section        0  lpm.o(i.Lpm_GotoDeepSleep)
    i.PCA_IRQHandler                         0x00000354   Section        0  interrupts_hc32l07x.o(i.PCA_IRQHandler)
    i.PCNT_IRQHandler                        0x0000035c   Section        0  interrupts_hc32l07x.o(i.PCNT_IRQHandler)
    i.PORTA_IRQHandler                       0x00000364   Section        0  interrupts_hc32l07x.o(i.PORTA_IRQHandler)
    i.PORTB_IRQHandler                       0x0000036c   Section        0  interrupts_hc32l07x.o(i.PORTB_IRQHandler)
    i.PORTC_E_IRQHandler                     0x00000374   Section        0  interrupts_hc32l07x.o(i.PORTC_E_IRQHandler)
    i.PORTD_F_IRQHandler                     0x00000380   Section        0  interrupts_hc32l07x.o(i.PORTD_F_IRQHandler)
    i.RTC_IRQHandler                         0x0000038c   Section        0  interrupts_hc32l07x.o(i.RTC_IRQHandler)
    i.SPI0_I2S0_IRQHandler                   0x00000394   Section        0  interrupts_hc32l07x.o(i.SPI0_I2S0_IRQHandler)
    i.SPI1_I2S1_IRQHandler                   0x000003a0   Section        0  interrupts_hc32l07x.o(i.SPI1_I2S1_IRQHandler)
    i.SetBit                                 0x000003ac   Section        0  ddl.o(i.SetBit)
    i.SysTick_Handler                        0x000003c0   Section        0  interrupts_hc32l07x.o(i.SysTick_Handler)
    i.Sysctrl_GetHClkFreq                    0x000003c8   Section        0  sysctrl.o(i.Sysctrl_GetHClkFreq)
    i.Sysctrl_SetFunc                        0x00000504   Section        0  sysctrl.o(i.Sysctrl_SetFunc)
    i.Sysctrl_SetPeripheralGate              0x00000520   Section        0  sysctrl.o(i.Sysctrl_SetPeripheralGate)
    i.SystemCoreClockUpdate                  0x00000544   Section        0  system_hc32l07x.o(i.SystemCoreClockUpdate)
    i.SystemInit                             0x00000554   Section        0  system_hc32l07x.o(i.SystemInit)
    i.TIM0_IRQHandler                        0x000005b8   Section        0  interrupts_hc32l07x.o(i.TIM0_IRQHandler)
    i.TIM1_IRQHandler                        0x000005c0   Section        0  interrupts_hc32l07x.o(i.TIM1_IRQHandler)
    i.TIM2_IRQHandler                        0x000005c8   Section        0  interrupts_hc32l07x.o(i.TIM2_IRQHandler)
    i.TIM3_IRQHandler                        0x000005d0   Section        0  interrupts_hc32l07x.o(i.TIM3_IRQHandler)
    i.TIM4_IRQHandler                        0x000005d8   Section        0  interrupts_hc32l07x.o(i.TIM4_IRQHandler)
    i.TIM5_IRQHandler                        0x000005e0   Section        0  interrupts_hc32l07x.o(i.TIM5_IRQHandler)
    i.TIM6_IRQHandler                        0x000005e8   Section        0  interrupts_hc32l07x.o(i.TIM6_IRQHandler)
    i.UART0_2_IRQHandler                     0x000005f0   Section        0  interrupts_hc32l07x.o(i.UART0_2_IRQHandler)
    i.UART1_3_IRQHandler                     0x000005fc   Section        0  interrupts_hc32l07x.o(i.UART1_3_IRQHandler)
    i.USBFS_IRQHandler                       0x00000608   Section        0  interrupts_hc32l07x.o(i.USBFS_IRQHandler)
    i.VC0_1_2_LVD_IRQHandler                 0x00000610   Section        0  interrupts_hc32l07x.o(i.VC0_1_2_LVD_IRQHandler)
    i.WDT_IRQHandler                         0x00000624   Section        0  interrupts_hc32l07x.o(i.WDT_IRQHandler)
    i.Wdt_GetIrqStatus                       0x0000062c   Section        0  wdt.o(i.Wdt_GetIrqStatus)
    i.Wdt_IRQHandler                         0x00000640   Section        0  main.o(i.Wdt_IRQHandler)
    i.Wdt_Init                               0x0000067c   Section        0  wdt.o(i.Wdt_Init)
    i.Wdt_IrqClr                             0x000006a0   Section        0  wdt.o(i.Wdt_IrqClr)
    i.Wdt_Start                              0x000006b0   Section        0  wdt.o(i.Wdt_Start)
    i.Wdt_WriteWdtLoad                       0x000006c0   Section        0  wdt.o(i.Wdt_WriteWdtLoad)
    i._LowPowerModeGpioSet                   0x000006d8   Section        0  main.o(i._LowPowerModeGpioSet)
    _LowPowerModeGpioSet                     0x000006d9   Thumb Code    68  main.o(i._LowPowerModeGpioSet)
    i._SysctrlUnlock                         0x00000728   Section        0  sysctrl.o(i._SysctrlUnlock)
    _SysctrlUnlock                           0x00000729   Thumb Code    12  sysctrl.o(i._SysctrlUnlock)
    i.__ARM_common_switch8                   0x00000740   Section        0  sysctrl.o(i.__ARM_common_switch8)
    i.__scatterload_copy                     0x0000075a   Section       14  handlers.o(i.__scatterload_copy)
    i.__scatterload_null                     0x00000768   Section        2  handlers.o(i.__scatterload_null)
    i.__scatterload_zeroinit                 0x0000076a   Section       14  handlers.o(i.__scatterload_zeroinit)
    i.ddl_memclr                             0x00000778   Section        0  ddl.o(i.ddl_memclr)
    i.delay1ms                               0x0000078c   Section        0  ddl.o(i.delay1ms)
    i.main                                   0x000007d8   Section        0  main.o(i.main)
    .constdata                               0x00000870   Section       24  sysctrl.o(.constdata)
    .data                                    0x20000000   Section        4  system_hc32l07x.o(.data)
    .data                                    0x20000004   Section        2  main.o(.data)
    STACK                                    0x20000008   Section      512  startup_hc32l07x.o(STACK)

    Global Symbols

    Symbol Name                              Value     Ov Type        Size  Object(Section)

    BuildAttributes$$THM_ISAv3M$S$PE$A:L22$X:L11$S22$IEEE1$IW$USESV6$~STKCKD$USESV7$~SHL$OSPACE$EBA8$MICROLIB$REQ8$PRES8$EABIv2 0x00000000   Number         0  anon$$obj.o ABSOLUTE
    __ARM_use_no_argv                        0x00000000   Number         0  main.o ABSOLUTE
    __Vectors                                0x00000000   Data           0  startup_hc32l07x.o(RESET)
    Adc_IRQHandler                            - Undefined Weak Reference
    Can_IRQHandler                            - Undefined Weak Reference
    ClkTrim_IRQHandler                        - Undefined Weak Reference
    Cts_IRQHandler                            - Undefined Weak Reference
    Dac_IRQHandler                            - Undefined Weak Reference
    Dmac_IRQHandler                           - Undefined Weak Reference
    Flash_IRQHandler                          - Undefined Weak Reference
    I2c0_IRQHandler                           - Undefined Weak Reference
    I2c1_IRQHandler                           - Undefined Weak Reference
    I2s0_IRQHandler                           - Undefined Weak Reference
    I2s1_IRQHandler                           - Undefined Weak Reference
    Lcd_IRQHandler                            - Undefined Weak Reference
    LpTim0_IRQHandler                         - Undefined Weak Reference
    LpTim1_IRQHandler                         - Undefined Weak Reference
    LpUart0_IRQHandler                        - Undefined Weak Reference
    LpUart1_IRQHandler                        - Undefined Weak Reference
    Lvd_IRQHandler                            - Undefined Weak Reference
    Pca_IRQHandler                            - Undefined Weak Reference
    Pcnt_IRQHandler                           - Undefined Weak Reference
    PortA_IRQHandler                          - Undefined Weak Reference
    PortB_IRQHandler                          - Undefined Weak Reference
    PortC_IRQHandler                          - Undefined Weak Reference
    PortD_IRQHandler                          - Undefined Weak Reference
    PortE_IRQHandler                          - Undefined Weak Reference
    PortF_IRQHandler                          - Undefined Weak Reference
    Ram_IRQHandler                            - Undefined Weak Reference
    Rtc_IRQHandler                            - Undefined Weak Reference
    Spi0_IRQHandler                           - Undefined Weak Reference
    Spi1_IRQHandler                           - Undefined Weak Reference
    SysTick_IRQHandler                        - Undefined Weak Reference
    Tim0_IRQHandler                           - Undefined Weak Reference
    Tim1_IRQHandler                           - Undefined Weak Reference
    Tim2_IRQHandler                           - Undefined Weak Reference
    Tim3_IRQHandler                           - Undefined Weak Reference
    Tim4_IRQHandler                           - Undefined Weak Reference
    Tim5_IRQHandler                           - Undefined Weak Reference
    Tim6_IRQHandler                           - Undefined Weak Reference
    Uart0_IRQHandler                          - Undefined Weak Reference
    Uart1_IRQHandler                          - Undefined Weak Reference
    Uart2_IRQHandler                          - Undefined Weak Reference
    Uart3_IRQHandler                          - Undefined Weak Reference
    Usbfs_IRQHandler                          - Undefined Weak Reference
    Vc0_IRQHandler                            - Undefined Weak Reference
    Vc1_IRQHandler                            - Undefined Weak Reference
    Vc2_IRQHandler                            - Undefined Weak Reference
    __cpp_initialize__aeabi_                  - Undefined Weak Reference
    __cxa_finalize                            - Undefined Weak Reference
    __decompress                              - Undefined Weak Reference
    _clock_init                               - Undefined Weak Reference
    _microlib_exit                            - Undefined Weak Reference
    __Vectors_End                            0x000000c0   Data           0  startup_hc32l07x.o(RESET)
    __Vectors_Size                           0x000000c0   Number         0  startup_hc32l07x.o ABSOLUTE
    __main                                   0x000000c1   Thumb Code     0  entry.o(.ARM.Collect$$$$00000000)
    _main_stk                                0x000000c1   Thumb Code     0  entry2.o(.ARM.Collect$$$$00000001)
    _main_scatterload                        0x000000c5   Thumb Code     0  entry5.o(.ARM.Collect$$$$00000004)
    __main_after_scatterload                 0x000000c9   Thumb Code     0  entry5.o(.ARM.Collect$$$$00000004)
    _main_clock                              0x000000c9   Thumb Code     0  entry7b.o(.ARM.Collect$$$$00000008)
    _main_cpp_init                           0x000000c9   Thumb Code     0  entry8b.o(.ARM.Collect$$$$0000000A)
    _main_init                               0x000000c9   Thumb Code     0  entry9a.o(.ARM.Collect$$$$0000000B)
    __rt_final_cpp                           0x000000d1   Thumb Code     0  entry10a.o(.ARM.Collect$$$$0000000D)
    __rt_final_exit                          0x000000d1   Thumb Code     0  entry11a.o(.ARM.Collect$$$$0000000F)
    Reset_Handler                            0x000000d5   Thumb Code    26  startup_hc32l07x.o(.text)
    NMI_Handler                              0x000000ef   Thumb Code     2  startup_hc32l07x.o(.text)
    SVC_Handler                              0x000000f3   Thumb Code     2  startup_hc32l07x.o(.text)
    PendSV_Handler                           0x000000f5   Thumb Code     2  startup_hc32l07x.o(.text)
    __aeabi_uidiv                            0x00000111   Thumb Code     0  uidiv.o(.text)
    __aeabi_uidivmod                         0x00000111   Thumb Code    44  uidiv.o(.text)
    __aeabi_memcpy                           0x0000013d   Thumb Code    36  memcpya.o(.text)
    __aeabi_memcpy4                          0x0000013d   Thumb Code     0  memcpya.o(.text)
    __aeabi_memcpy8                          0x0000013d   Thumb Code     0  memcpya.o(.text)
    __scatterload                            0x00000161   Thumb Code    28  init.o(.text)
    __scatterload_rt2                        0x00000161   Thumb Code     0  init.o(.text)
    main                                     0x00000185   Thumb Code    14  system_hc32l07x.o(i.$Sub$$main)
    ADC_DAC_IRQHandler                       0x00000193   Thumb Code    12  interrupts_hc32l07x.o(i.ADC_DAC_IRQHandler)
    CAN_IRQHandler                           0x0000019f   Thumb Code     8  interrupts_hc32l07x.o(i.CAN_IRQHandler)
    CLKTRIM_CTS_IRQHandler                   0x000001a7   Thumb Code    12  interrupts_hc32l07x.o(i.CLKTRIM_CTS_IRQHandler)
    DMAC_IRQHandler                          0x000001b3   Thumb Code     8  interrupts_hc32l07x.o(i.DMAC_IRQHandler)
    EnableNvic                               0x000001bd   Thumb Code    88  interrupts_hc32l07x.o(i.EnableNvic)
    FLASH_RAM_IRQHandler                     0x00000225   Thumb Code    12  interrupts_hc32l07x.o(i.FLASH_RAM_IRQHandler)
    GetBit                                   0x00000231   Thumb Code    10  ddl.o(i.GetBit)
    Gpio_GetInputIO                          0x0000023d   Thumb Code    12  gpio.o(i.Gpio_GetInputIO)
    Gpio_Init                                0x0000024d   Thumb Code   138  gpio.o(i.Gpio_Init)
    Gpio_WriteOutputIO                       0x000002e5   Thumb Code    14  gpio.o(i.Gpio_WriteOutputIO)
    HardFault_Handler                        0x000002f9   Thumb Code    12  interrupts_hc32l07x.o(i.HardFault_Handler)
    I2C0_IRQHandler                          0x00000305   Thumb Code     8  interrupts_hc32l07x.o(i.I2C0_IRQHandler)
    I2C1_IRQHandler                          0x0000030d   Thumb Code     8  interrupts_hc32l07x.o(i.I2C1_IRQHandler)
    LCD_IRQHandler                           0x00000315   Thumb Code     8  interrupts_hc32l07x.o(i.LCD_IRQHandler)
    LPTIM0_1_IRQHandler                      0x0000031d   Thumb Code    12  interrupts_hc32l07x.o(i.LPTIM0_1_IRQHandler)
    LPUART0_IRQHandler                       0x00000329   Thumb Code     8  interrupts_hc32l07x.o(i.LPUART0_IRQHandler)
    LPUART1_IRQHandler                       0x00000331   Thumb Code     8  interrupts_hc32l07x.o(i.LPUART1_IRQHandler)
    Lpm_GotoDeepSleep                        0x00000339   Thumb Code    24  lpm.o(i.Lpm_GotoDeepSleep)
    PCA_IRQHandler                           0x00000355   Thumb Code     8  interrupts_hc32l07x.o(i.PCA_IRQHandler)
    PCNT_IRQHandler                          0x0000035d   Thumb Code     8  interrupts_hc32l07x.o(i.PCNT_IRQHandler)
    PORTA_IRQHandler                         0x00000365   Thumb Code     8  interrupts_hc32l07x.o(i.PORTA_IRQHandler)
    PORTB_IRQHandler                         0x0000036d   Thumb Code     8  interrupts_hc32l07x.o(i.PORTB_IRQHandler)
    PORTC_E_IRQHandler                       0x00000375   Thumb Code    12  interrupts_hc32l07x.o(i.PORTC_E_IRQHandler)
    PORTD_F_IRQHandler                       0x00000381   Thumb Code    12  interrupts_hc32l07x.o(i.PORTD_F_IRQHandler)
    RTC_IRQHandler                           0x0000038d   Thumb Code     8  interrupts_hc32l07x.o(i.RTC_IRQHandler)
    SPI0_I2S0_IRQHandler                     0x00000395   Thumb Code    12  interrupts_hc32l07x.o(i.SPI0_I2S0_IRQHandler)
    SPI1_I2S1_IRQHandler                     0x000003a1   Thumb Code    12  interrupts_hc32l07x.o(i.SPI1_I2S1_IRQHandler)
    SetBit                                   0x000003ad   Thumb Code    20  ddl.o(i.SetBit)
    SysTick_Handler                          0x000003c1   Thumb Code     8  interrupts_hc32l07x.o(i.SysTick_Handler)
    Sysctrl_GetHClkFreq                      0x000003c9   Thumb Code   298  sysctrl.o(i.Sysctrl_GetHClkFreq)
    Sysctrl_SetFunc                          0x00000505   Thumb Code    24  sysctrl.o(i.Sysctrl_SetFunc)
    Sysctrl_SetPeripheralGate                0x00000521   Thumb Code    30  sysctrl.o(i.Sysctrl_SetPeripheralGate)
    SystemCoreClockUpdate                    0x00000545   Thumb Code    12  system_hc32l07x.o(i.SystemCoreClockUpdate)
    SystemInit                               0x00000555   Thumb Code    84  system_hc32l07x.o(i.SystemInit)
    TIM0_IRQHandler                          0x000005b9   Thumb Code     8  interrupts_hc32l07x.o(i.TIM0_IRQHandler)
    TIM1_IRQHandler                          0x000005c1   Thumb Code     8  interrupts_hc32l07x.o(i.TIM1_IRQHandler)
    TIM2_IRQHandler                          0x000005c9   Thumb Code     8  interrupts_hc32l07x.o(i.TIM2_IRQHandler)
    TIM3_IRQHandler                          0x000005d1   Thumb Code     8  interrupts_hc32l07x.o(i.TIM3_IRQHandler)
    TIM4_IRQHandler                          0x000005d9   Thumb Code     8  interrupts_hc32l07x.o(i.TIM4_IRQHandler)
    TIM5_IRQHandler                          0x000005e1   Thumb Code     8  interrupts_hc32l07x.o(i.TIM5_IRQHandler)
    TIM6_IRQHandler                          0x000005e9   Thumb Code     8  interrupts_hc32l07x.o(i.TIM6_IRQHandler)
    UART0_2_IRQHandler                       0x000005f1   Thumb Code    12  interrupts_hc32l07x.o(i.UART0_2_IRQHandler)
    UART1_3_IRQHandler                       0x000005fd   Thumb Code    12  interrupts_hc32l07x.o(i.UART1_3_IRQHandler)
    USBFS_IRQHandler                         0x00000609   Thumb Code     8  interrupts_hc32l07x.o(i.USBFS_IRQHandler)
    VC0_1_2_LVD_IRQHandler                   0x00000611   Thumb Code    20  interrupts_hc32l07x.o(i.VC0_1_2_LVD_IRQHandler)
    WDT_IRQHandler                           0x00000625   Thumb Code     8  interrupts_hc32l07x.o(i.WDT_IRQHandler)
    Wdt_GetIrqStatus                         0x0000062d   Thumb Code    16  wdt.o(i.Wdt_GetIrqStatus)
    Wdt_IRQHandler                           0x00000641   Thumb Code    50  main.o(i.Wdt_IRQHandler)
    Wdt_Init                                 0x0000067d   Thumb Code    30  wdt.o(i.Wdt_Init)
    Wdt_IrqClr                               0x000006a1   Thumb Code    12  wdt.o(i.Wdt_IrqClr)
    Wdt_Start                                0x000006b1   Thumb Code    12  wdt.o(i.Wdt_Start)
    Wdt_WriteWdtLoad                         0x000006c1   Thumb Code    18  wdt.o(i.Wdt_WriteWdtLoad)
    __ARM_common_switch8                     0x00000741   Thumb Code    26  sysctrl.o(i.__ARM_common_switch8)
    __scatterload_copy                       0x0000075b   Thumb Code    14  handlers.o(i.__scatterload_copy)
    __scatterload_null                       0x00000769   Thumb Code     2  handlers.o(i.__scatterload_null)
    __scatterload_zeroinit                   0x0000076b   Thumb Code    14  handlers.o(i.__scatterload_zeroinit)
    ddl_memclr                               0x00000779   Thumb Code    18  ddl.o(i.ddl_memclr)
    delay1ms                                 0x0000078d   Thumb Code    64  ddl.o(i.delay1ms)
    $Super$$main                             0x000007d9   Thumb Code   152  main.o(i.main)
    Region$$Table$$Base                      0x00000888   Number         0  anon$$obj.o(Region$$Table)
    Region$$Table$$Limit                     0x000008a8   Number         0  anon$$obj.o(Region$$Table)
    SystemCoreClock                          0x20000000   Data           4  system_hc32l07x.o(.data)
    u8Flag                                   0x20000004   Data           1  main.o(.data)
    u32CountWdt                              0x20000005   Data           1  main.o(.data)
    __initial_sp                             0x20000208   Data           0  startup_hc32l07x.o(STACK)



==============================================================================

Memory Map of the image

  Image Entry point : 0x000000c1

  Load Region LR_IROM1 (Base: 0x00000000, Size: 0x000008b0, Max: 0x00020000, ABSOLUTE)

    Execution Region ER_IROM1 (Base: 0x00000000, Size: 0x000008a8, Max: 0x00020000, ABSOLUTE)

    Base Addr    Size         Type   Attr      Idx    E Section Name        Object

    0x00000000   0x000000c0   Data   RO            3    RESET               startup_hc32l07x.o
    0x000000c0   0x00000000   Code   RO          844  * .ARM.Collect$$$$00000000  mc_p.l(entry.o)
    0x000000c0   0x00000004   Code   RO          853    .ARM.Collect$$$$00000001  mc_p.l(entry2.o)
    0x000000c4   0x00000004   Code   RO          856    .ARM.Collect$$$$00000004  mc_p.l(entry5.o)
    0x000000c8   0x00000000   Code   RO          858    .ARM.Collect$$$$00000008  mc_p.l(entry7b.o)
    0x000000c8   0x00000000   Code   RO          860    .ARM.Collect$$$$0000000A  mc_p.l(entry8b.o)
    0x000000c8   0x00000008   Code   RO          861    .ARM.Collect$$$$0000000B  mc_p.l(entry9a.o)
    0x000000d0   0x00000000   Code   RO          863    .ARM.Collect$$$$0000000D  mc_p.l(entry10a.o)
    0x000000d0   0x00000000   Code   RO          865    .ARM.Collect$$$$0000000F  mc_p.l(entry11a.o)
    0x000000d0   0x00000004   Code   RO          854    .ARM.Collect$$$$00002712  mc_p.l(entry2.o)
    0x000000d4   0x0000003c   Code   RO            4    .text               startup_hc32l07x.o
    0x00000110   0x0000002c   Code   RO          847    .text               mc_p.l(uidiv.o)
    0x0000013c   0x00000024   Code   RO          849    .text               mc_p.l(memcpya.o)
    0x00000160   0x00000024   Code   RO          867    .text               mc_p.l(init.o)
    0x00000184   0x0000000e   Code   RO           12    i.$Sub$$main        system_hc32l07x.o
    0x00000192   0x0000000c   Code   RO          100    i.ADC_DAC_IRQHandler  interrupts_hc32l07x.o
    0x0000019e   0x00000008   Code   RO          101    i.CAN_IRQHandler    interrupts_hc32l07x.o
    0x000001a6   0x0000000c   Code   RO          102    i.CLKTRIM_CTS_IRQHandler  interrupts_hc32l07x.o
    0x000001b2   0x00000008   Code   RO          103    i.DMAC_IRQHandler   interrupts_hc32l07x.o
    0x000001ba   0x00000002   PAD
    0x000001bc   0x00000068   Code   RO          104    i.EnableNvic        interrupts_hc32l07x.o
    0x00000224   0x0000000c   Code   RO          105    i.FLASH_RAM_IRQHandler  interrupts_hc32l07x.o
    0x00000230   0x0000000a   Code   RO          374    i.GetBit            ddl.o
    0x0000023a   0x00000002   PAD
    0x0000023c   0x00000010   Code   RO          682    i.Gpio_GetInputIO   gpio.o
    0x0000024c   0x00000098   Code   RO          684    i.Gpio_Init         gpio.o
    0x000002e4   0x00000014   Code   RO          701    i.Gpio_WriteOutputIO  gpio.o
    0x000002f8   0x0000000c   Code   RO          106    i.HardFault_Handler  interrupts_hc32l07x.o
    0x00000304   0x00000008   Code   RO          107    i.I2C0_IRQHandler   interrupts_hc32l07x.o
    0x0000030c   0x00000008   Code   RO          108    i.I2C1_IRQHandler   interrupts_hc32l07x.o
    0x00000314   0x00000008   Code   RO          109    i.LCD_IRQHandler    interrupts_hc32l07x.o
    0x0000031c   0x0000000c   Code   RO          110    i.LPTIM0_1_IRQHandler  interrupts_hc32l07x.o
    0x00000328   0x00000008   Code   RO          111    i.LPUART0_IRQHandler  interrupts_hc32l07x.o
    0x00000330   0x00000008   Code   RO          112    i.LPUART1_IRQHandler  interrupts_hc32l07x.o
    0x00000338   0x0000001c   Code   RO          650    i.Lpm_GotoDeepSleep  lpm.o
    0x00000354   0x00000008   Code   RO          113    i.PCA_IRQHandler    interrupts_hc32l07x.o
    0x0000035c   0x00000008   Code   RO          114    i.PCNT_IRQHandler   interrupts_hc32l07x.o
    0x00000364   0x00000008   Code   RO          115    i.PORTA_IRQHandler  interrupts_hc32l07x.o
    0x0000036c   0x00000008   Code   RO          116    i.PORTB_IRQHandler  interrupts_hc32l07x.o
    0x00000374   0x0000000c   Code   RO          117    i.PORTC_E_IRQHandler  interrupts_hc32l07x.o
    0x00000380   0x0000000c   Code   RO          118    i.PORTD_F_IRQHandler  interrupts_hc32l07x.o
    0x0000038c   0x00000008   Code   RO          119    i.RTC_IRQHandler    interrupts_hc32l07x.o
    0x00000394   0x0000000c   Code   RO          120    i.SPI0_I2S0_IRQHandler  interrupts_hc32l07x.o
    0x000003a0   0x0000000c   Code   RO          121    i.SPI1_I2S1_IRQHandler  interrupts_hc32l07x.o
    0x000003ac   0x00000014   Code   RO          376    i.SetBit            ddl.o
    0x000003c0   0x00000008   Code   RO          122    i.SysTick_Handler   interrupts_hc32l07x.o
    0x000003c8   0x0000013c   Code   RO          433    i.Sysctrl_GetHClkFreq  sysctrl.o
    0x00000504   0x0000001c   Code   RO          436    i.Sysctrl_SetFunc   sysctrl.o
    0x00000520   0x00000024   Code   RO          441    i.Sysctrl_SetPeripheralGate  sysctrl.o
    0x00000544   0x00000010   Code   RO           13    i.SystemCoreClockUpdate  system_hc32l07x.o
    0x00000554   0x00000064   Code   RO           14    i.SystemInit        system_hc32l07x.o
    0x000005b8   0x00000008   Code   RO          123    i.TIM0_IRQHandler   interrupts_hc32l07x.o
    0x000005c0   0x00000008   Code   RO          124    i.TIM1_IRQHandler   interrupts_hc32l07x.o
    0x000005c8   0x00000008   Code   RO          125    i.TIM2_IRQHandler   interrupts_hc32l07x.o
    0x000005d0   0x00000008   Code   RO          126    i.TIM3_IRQHandler   interrupts_hc32l07x.o
    0x000005d8   0x00000008   Code   RO          127    i.TIM4_IRQHandler   interrupts_hc32l07x.o
    0x000005e0   0x00000008   Code   RO          128    i.TIM5_IRQHandler   interrupts_hc32l07x.o
    0x000005e8   0x00000008   Code   RO          129    i.TIM6_IRQHandler   interrupts_hc32l07x.o
    0x000005f0   0x0000000c   Code   RO          130    i.UART0_2_IRQHandler  interrupts_hc32l07x.o
    0x000005fc   0x0000000c   Code   RO          131    i.UART1_3_IRQHandler  interrupts_hc32l07x.o
    0x00000608   0x00000008   Code   RO          132    i.USBFS_IRQHandler  interrupts_hc32l07x.o
    0x00000610   0x00000014   Code   RO          133    i.VC0_1_2_LVD_IRQHandler  interrupts_hc32l07x.o
    0x00000624   0x00000008   Code   RO          134    i.WDT_IRQHandler    interrupts_hc32l07x.o
    0x0000062c   0x00000014   Code   RO          589    i.Wdt_GetIrqStatus  wdt.o
    0x00000640   0x0000003c   Code   RO          331    i.Wdt_IRQHandler    main.o
    0x0000067c   0x00000024   Code   RO          590    i.Wdt_Init          wdt.o
    0x000006a0   0x00000010   Code   RO          591    i.Wdt_IrqClr        wdt.o
    0x000006b0   0x00000010   Code   RO          594    i.Wdt_Start         wdt.o
    0x000006c0   0x00000018   Code   RO          595    i.Wdt_WriteWdtLoad  wdt.o
    0x000006d8   0x00000050   Code   RO          332    i._LowPowerModeGpioSet  main.o
    0x00000728   0x00000018   Code   RO          454    i._SysctrlUnlock    sysctrl.o
    0x00000740   0x0000001a   Code   RO          580    i.__ARM_common_switch8  sysctrl.o
    0x0000075a   0x0000000e   Code   RO          871    i.__scatterload_copy  mc_p.l(handlers.o)
    0x00000768   0x00000002   Code   RO          872    i.__scatterload_null  mc_p.l(handlers.o)
    0x0000076a   0x0000000e   Code   RO          873    i.__scatterload_zeroinit  mc_p.l(handlers.o)
    0x00000778   0x00000012   Code   RO          377    i.ddl_memclr        ddl.o
    0x0000078a   0x00000002   PAD
    0x0000078c   0x0000004c   Code   RO          380    i.delay1ms          ddl.o
    0x000007d8   0x00000098   Code   RO          333    i.main              main.o
    0x00000870   0x00000018   Data   RO          455    .constdata          sysctrl.o
    0x00000888   0x00000020   Data   RO          869    Region$$Table       anon$$obj.o


    Execution Region RW_IRAM1 (Base: 0x20000000, Size: 0x00000208, Max: 0x00004000, ABSOLUTE)

    Base Addr    Size         Type   Attr      Idx    E Section Name        Object

    0x20000000   0x00000004   Data   RW           15    .data               system_hc32l07x.o
    0x20000004   0x00000002   Data   RW          334    .data               main.o
    0x20000006   0x00000002   PAD
    0x20000008   0x00000200   Zero   RW            1    STACK               startup_hc32l07x.o


==============================================================================

Image component sizes


      Code (inc. data)   RO Data    RW Data    ZI Data      Debug   Object Name

       124         12          0          0          0       2634   ddl.o
       188         24          0          0          0       2207   gpio.o
       432         16          0          0          0      24619   interrupts_hc32l07x.o
        28          4          0          0          0        492   lpm.o
       292         22          0          2          0       6093   main.o
        60         22        192          0        512        640   startup_hc32l07x.o
       430         48         24          0          0       4919   sysctrl.o
       130         20          0          4          0     172156   system_hc32l07x.o
       112         24          0          0          0       2790   wdt.o

    ----------------------------------------------------------------------
      1802        192        248          8        512     216550   Object Totals
         0          0         32          0          0          0   (incl. Generated)
         6          0          0          2          0          0   (incl. Padding)

    ----------------------------------------------------------------------

      Code (inc. data)   RO Data    RW Data    ZI Data      Debug   Library Member Name

         0          0          0          0          0          0   entry.o
         0          0          0          0          0          0   entry10a.o
         0          0          0          0          0          0   entry11a.o
         8          4          0          0          0          0   entry2.o
         4          0          0          0          0          0   entry5.o
         0          0          0          0          0          0   entry7b.o
         0          0          0          0          0          0   entry8b.o
         8          4          0          0          0          0   entry9a.o
        30          0          0          0          0          0   handlers.o
        36          8          0          0          0         68   init.o
        36          0          0          0          0         60   memcpya.o
        44          0          0          0          0         72   uidiv.o

    ----------------------------------------------------------------------
       166         16          0          0          0        200   Library Totals
         0          0          0          0          0          0   (incl. Padding)

    ----------------------------------------------------------------------

      Code (inc. data)   RO Data    RW Data    ZI Data      Debug   Library Name

       166         16          0          0          0        200   mc_p.l

    ----------------------------------------------------------------------
       166         16          0          0          0        200   Library Totals

    ----------------------------------------------------------------------

==============================================================================


      Code (inc. data)   RO Data    RW Data    ZI Data      Debug   

      1968        208        248          8        512     214482   Grand Totals
      1968        208        248          8        512     214482   ELF Image Totals
      1968        208        248          8          0          0   ROM Totals

==============================================================================

    Total RO  Size (Code + RO Data)                 2216 (   2.16kB)
    Total RW  Size (RW Data + ZI Data)               520 (   0.51kB)
    Total ROM Size (Code + RO Data + RW Data)       2224 (   2.17kB)

==============================================================================

