<html>
<body>
<pre>
<h1>礦ision Build Log</h1>
<h2>Tool Versions:</h2>
IDE-Version: μVision V5.21.1.0
Copyright (C) 2016 ARM Ltd and ARM Germany GmbH. All rights reserved.
License Information: 12 DY-0205, 11, LIC=UB4EI-T7QBF-17KRR-K4Y54-DWAZJ-T8261
 
Tool Versions:
Toolchain:       MDK-ARM Professional  Version: 5.21a
Toolchain Path:  C:\Keil_v5\ARM\ARMCC\Bin
C Compiler:      Armcc.exe V5.06 update 3 (build 300)
Assembler:       Armasm.exe V5.06 update 3 (build 300)
Linker/Locator:  ArmLink.exe V5.06 update 3 (build 300)
Library Manager: ArmAr.exe V5.06 update 3 (build 300)
Hex Converter:   FromElf.exe V5.06 update 3 (build 300)
CPU DLL:         SARMCM3.DLL V5.21a
Dialog DLL:      DARMCM1.DLL V1.14.0.0
Target DLL:      Segger\JL2CM3.dll V2.99.23.0
Dialog DLL:      TARMCM1.DLL V1.10.0.0
 
<h2>Project:</h2>
D:\wulang\IOT软件开发\ENG_IOT\mcu\bootloader\MDK\bootloader.uvprojx
Project File Date:  03/18/2025

<h2>Output:</h2>
*** Using Compiler 'V5.06 update 3 (build 300)', folder: 'C:\Keil_v5\ARM\ARMCC\Bin'
Build target 'bootloader'
compiling main.c...
..\source\system.h(19): warning:  #1295-D: Deprecated declaration Sys_Init - give arg types
  void Sys_Init();
..\source\system.h(37): warning:  #1-D: last line of file ends without a newline
  #endif
..\source\app_ota.h(23): warning:  #1295-D: Deprecated declaration check_bacp_app_config - give arg types
  int check_bacp_app_config();
..\source\app_ota.h(24): warning:  #1295-D: Deprecated declaration ota_data_check - give arg types
  int ota_data_check();
..\source\app_ota.h(25): warning:  #1295-D: Deprecated declaration back_app_to_app - give arg types
  void back_app_to_app();
..\source\app_ota.h(29): warning:  #1-D: last line of file ends without a newline
  #endif
..\source\main.c(90): warning:  #223-D: function "INTX_DISABLE" declared implicitly
  		INTX_DISABLE();
..\source\main.c: 7 warnings, 0 errors
linking...
Program Size: Code=6216 RO-data=280 RW-data=1036 ZI-data=540  
FromELF: creating hex file...
After Build - User command #1: C:\Keil_v5\ARM\ARMCC\bin\fromelf.exe --bin --output "bootloader.bin" "D:\wulang\IOT软件开发\ENG_IOT\mcu\bootloader\MDK\output\release\bootloader.axf"
".\output\release\bootloader.axf" - 0 Error(s), 7 Warning(s).

<h2>Software Packages used:</h2>

Package Vendor: ARM
                http://www.keil.com/pack/ARM.CMSIS.4.5.0.pack
                ARM::CMSIS:CORE:4.3.0
                CMSIS (Cortex Microcontroller Software Interface Standard)
   * Component: CORE Version: 4.3.0

<h2>Collection of Component include folders:</h2>
  D:\wulang\IOT软件开发\ENG_IOT\mcu\bootloader\MDK\RTE
  C:\Keil_v5\ARM\PACK\ARM\CMSIS\4.5.0\CMSIS\Include
  C:\Keil_v5\ARM\PACK\HDSC\HC32L07X\1.1.0\Device\Include

<h2>Collection of Component Files used:</h2>

   * Component: ARM::CMSIS:CORE:4.3.0
Build Time Elapsed:  00:00:01
</pre>
</body>
</html>
