Component: ARM Compiler 5.06 update 3 (build 300) Tool: armlink [4d35c9]

==============================================================================

Image Symbol Table

    Local Symbols

    Symbol Name                              Value     Ov Type        Size  Object(Section)

    RESET                                    0x00000000   Section      192  startup_hc32l07x.o(RESET)
    ../clib/microlib/division.c              0x00000000   Number         0  uidiv.o ABSOLUTE
    ../clib/microlib/init/entry.s            0x00000000   Number         0  entry2.o ABSOLUTE
    ../clib/microlib/init/entry.s            0x00000000   Number         0  entry9b.o ABSOLUTE
    ../clib/microlib/init/entry.s            0x00000000   Number         0  entry5.o ABSOLUTE
    ../clib/microlib/init/entry.s            0x00000000   Number         0  entry7a.o ABSOLUTE
    ../clib/microlib/init/entry.s            0x00000000   Number         0  entry7b.o ABSOLUTE
    ../clib/microlib/init/entry.s            0x00000000   Number         0  entry8a.o ABSOLUTE
    ../clib/microlib/init/entry.s            0x00000000   Number         0  entry11b.o ABSOLUTE
    ../clib/microlib/init/entry.s            0x00000000   Number         0  entry8b.o ABSOLUTE
    ../clib/microlib/init/entry.s            0x00000000   Number         0  entry11a.o ABSOLUTE
    ../clib/microlib/init/entry.s            0x00000000   Number         0  entry10b.o ABSOLUTE
    ../clib/microlib/init/entry.s            0x00000000   Number         0  entry9a.o ABSOLUTE
    ../clib/microlib/init/entry.s            0x00000000   Number         0  entry10a.o ABSOLUTE
    ../clib/microlib/init/entry.s            0x00000000   Number         0  entry.o ABSOLUTE
    ../clib/microlib/string/memcpy.c         0x00000000   Number         0  memcpya.o ABSOLUTE
    ../clib/microlib/string/memcpy.c         0x00000000   Number         0  memcpyb.o ABSOLUTE
    ..\..\..\..\driver\src\ddl.c             0x00000000   Number         0  ddl.o ABSOLUTE
    ..\..\..\..\driver\src\dmac.c            0x00000000   Number         0  dmac.o ABSOLUTE
    ..\..\..\..\driver\src\sysctrl.c         0x00000000   Number         0  sysctrl.o ABSOLUTE
    ..\..\..\..\mcu\common\interrupts_hc32l07x.c 0x00000000   Number         0  interrupts_hc32l07x.o ABSOLUTE
    ..\..\..\..\mcu\common\system_hc32l07x.c 0x00000000   Number         0  system_hc32l07x.o ABSOLUTE
    ..\\..\\..\\..\\driver\\src\\ddl.c       0x00000000   Number         0  ddl.o ABSOLUTE
    ..\\..\\..\\..\\driver\\src\\dmac.c      0x00000000   Number         0  dmac.o ABSOLUTE
    ..\\..\\..\\..\\driver\\src\\sysctrl.c   0x00000000   Number         0  sysctrl.o ABSOLUTE
    ..\\..\\..\\..\\mcu\\common\\interrupts_hc32l07x.c 0x00000000   Number         0  interrupts_hc32l07x.o ABSOLUTE
    ..\\..\\..\\..\\mcu\\common\\system_hc32l07x.c 0x00000000   Number         0  system_hc32l07x.o ABSOLUTE
    ..\\source\\main.c                       0x00000000   Number         0  main.o ABSOLUTE
    ..\source\main.c                         0x00000000   Number         0  main.o ABSOLUTE
    dc.s                                     0x00000000   Number         0  dc.o ABSOLUTE
    handlers.s                               0x00000000   Number         0  handlers.o ABSOLUTE
    init.s                                   0x00000000   Number         0  init.o ABSOLUTE
    startup_hc32l07x.s                       0x00000000   Number         0  startup_hc32l07x.o ABSOLUTE
    .ARM.Collect$$$$00000000                 0x000000c0   Section        0  entry.o(.ARM.Collect$$$$00000000)
    .ARM.Collect$$$$00000001                 0x000000c0   Section        4  entry2.o(.ARM.Collect$$$$00000001)
    .ARM.Collect$$$$00000004                 0x000000c4   Section        4  entry5.o(.ARM.Collect$$$$00000004)
    .ARM.Collect$$$$00000008                 0x000000c8   Section        0  entry7b.o(.ARM.Collect$$$$00000008)
    .ARM.Collect$$$$0000000A                 0x000000c8   Section        0  entry8b.o(.ARM.Collect$$$$0000000A)
    .ARM.Collect$$$$0000000B                 0x000000c8   Section        8  entry9a.o(.ARM.Collect$$$$0000000B)
    .ARM.Collect$$$$0000000D                 0x000000d0   Section        0  entry10a.o(.ARM.Collect$$$$0000000D)
    .ARM.Collect$$$$0000000F                 0x000000d0   Section        0  entry11a.o(.ARM.Collect$$$$0000000F)
    .ARM.Collect$$$$00002712                 0x000000d0   Section        4  entry2.o(.ARM.Collect$$$$00002712)
    __lit__00000000                          0x000000d0   Data           4  entry2.o(.ARM.Collect$$$$00002712)
    .text                                    0x000000d4   Section       60  startup_hc32l07x.o(.text)
    .text                                    0x00000110   Section        0  memcpya.o(.text)
    .text                                    0x00000134   Section       36  init.o(.text)
    i.$Sub$$main                             0x00000158   Section        0  system_hc32l07x.o(i.$Sub$$main)
    i.ADC_DAC_IRQHandler                     0x00000166   Section        0  interrupts_hc32l07x.o(i.ADC_DAC_IRQHandler)
    i.App_Dma1Cfg                            0x00000174   Section        0  main.o(i.App_Dma1Cfg)
    i.CAN_IRQHandler                         0x000001ec   Section        0  interrupts_hc32l07x.o(i.CAN_IRQHandler)
    i.CLKTRIM_CTS_IRQHandler                 0x000001f4   Section        0  interrupts_hc32l07x.o(i.CLKTRIM_CTS_IRQHandler)
    i.DMAC_IRQHandler                        0x00000200   Section        0  interrupts_hc32l07x.o(i.DMAC_IRQHandler)
    i.Dma_ClrStat                            0x00000208   Section        0  dmac.o(i.Dma_ClrStat)
    i.Dma_Enable                             0x00000220   Section        0  dmac.o(i.Dma_Enable)
    i.Dma_EnableChannel                      0x00000230   Section        0  dmac.o(i.Dma_EnableChannel)
    i.Dma_EnableChannelIrq                   0x00000248   Section        0  dmac.o(i.Dma_EnableChannelIrq)
    i.Dma_GetStat                            0x00000260   Section        0  dmac.o(i.Dma_GetStat)
    i.Dma_InitChannel                        0x00000274   Section        0  dmac.o(i.Dma_InitChannel)
    i.Dma_SwStart                            0x000002ec   Section        0  dmac.o(i.Dma_SwStart)
    i.Dmac_IRQHandler                        0x00000304   Section        0  main.o(i.Dmac_IRQHandler)
    i.EnableNvic                             0x00000348   Section        0  interrupts_hc32l07x.o(i.EnableNvic)
    i.FLASH_RAM_IRQHandler                   0x000003b0   Section        0  interrupts_hc32l07x.o(i.FLASH_RAM_IRQHandler)
    i.HardFault_Handler                      0x000003bc   Section        0  interrupts_hc32l07x.o(i.HardFault_Handler)
    i.I2C0_IRQHandler                        0x000003c8   Section        0  interrupts_hc32l07x.o(i.I2C0_IRQHandler)
    i.I2C1_IRQHandler                        0x000003d0   Section        0  interrupts_hc32l07x.o(i.I2C1_IRQHandler)
    i.LCD_IRQHandler                         0x000003d8   Section        0  interrupts_hc32l07x.o(i.LCD_IRQHandler)
    i.LPTIM0_1_IRQHandler                    0x000003e0   Section        0  interrupts_hc32l07x.o(i.LPTIM0_1_IRQHandler)
    i.LPUART0_IRQHandler                     0x000003ec   Section        0  interrupts_hc32l07x.o(i.LPUART0_IRQHandler)
    i.LPUART1_IRQHandler                     0x000003f4   Section        0  interrupts_hc32l07x.o(i.LPUART1_IRQHandler)
    i.PCA_IRQHandler                         0x000003fc   Section        0  interrupts_hc32l07x.o(i.PCA_IRQHandler)
    i.PCNT_IRQHandler                        0x00000404   Section        0  interrupts_hc32l07x.o(i.PCNT_IRQHandler)
    i.PORTA_IRQHandler                       0x0000040c   Section        0  interrupts_hc32l07x.o(i.PORTA_IRQHandler)
    i.PORTB_IRQHandler                       0x00000414   Section        0  interrupts_hc32l07x.o(i.PORTB_IRQHandler)
    i.PORTC_E_IRQHandler                     0x0000041c   Section        0  interrupts_hc32l07x.o(i.PORTC_E_IRQHandler)
    i.PORTD_F_IRQHandler                     0x00000428   Section        0  interrupts_hc32l07x.o(i.PORTD_F_IRQHandler)
    i.RTC_IRQHandler                         0x00000434   Section        0  interrupts_hc32l07x.o(i.RTC_IRQHandler)
    i.SPI0_I2S0_IRQHandler                   0x0000043c   Section        0  interrupts_hc32l07x.o(i.SPI0_I2S0_IRQHandler)
    i.SPI1_I2S1_IRQHandler                   0x00000448   Section        0  interrupts_hc32l07x.o(i.SPI1_I2S1_IRQHandler)
    i.SetBit                                 0x00000454   Section        0  ddl.o(i.SetBit)
    i.SysTick_Handler                        0x00000468   Section        0  interrupts_hc32l07x.o(i.SysTick_Handler)
    i.Sysctrl_GetHClkFreq                    0x00000470   Section        0  sysctrl.o(i.Sysctrl_GetHClkFreq)
    i.Sysctrl_SetPeripheralGate              0x000005ac   Section        0  sysctrl.o(i.Sysctrl_SetPeripheralGate)
    i.SystemCoreClockUpdate                  0x000005d0   Section        0  system_hc32l07x.o(i.SystemCoreClockUpdate)
    i.SystemInit                             0x000005e0   Section        0  system_hc32l07x.o(i.SystemInit)
    i.TIM0_IRQHandler                        0x00000644   Section        0  interrupts_hc32l07x.o(i.TIM0_IRQHandler)
    i.TIM1_IRQHandler                        0x0000064c   Section        0  interrupts_hc32l07x.o(i.TIM1_IRQHandler)
    i.TIM2_IRQHandler                        0x00000654   Section        0  interrupts_hc32l07x.o(i.TIM2_IRQHandler)
    i.TIM3_IRQHandler                        0x0000065c   Section        0  interrupts_hc32l07x.o(i.TIM3_IRQHandler)
    i.TIM4_IRQHandler                        0x00000664   Section        0  interrupts_hc32l07x.o(i.TIM4_IRQHandler)
    i.TIM5_IRQHandler                        0x0000066c   Section        0  interrupts_hc32l07x.o(i.TIM5_IRQHandler)
    i.TIM6_IRQHandler                        0x00000674   Section        0  interrupts_hc32l07x.o(i.TIM6_IRQHandler)
    i.UART0_2_IRQHandler                     0x0000067c   Section        0  interrupts_hc32l07x.o(i.UART0_2_IRQHandler)
    i.UART1_3_IRQHandler                     0x00000688   Section        0  interrupts_hc32l07x.o(i.UART1_3_IRQHandler)
    i.USBFS_IRQHandler                       0x00000694   Section        0  interrupts_hc32l07x.o(i.USBFS_IRQHandler)
    i.VC0_1_2_LVD_IRQHandler                 0x0000069c   Section        0  interrupts_hc32l07x.o(i.VC0_1_2_LVD_IRQHandler)
    i.WDT_IRQHandler                         0x000006b0   Section        0  interrupts_hc32l07x.o(i.WDT_IRQHandler)
    i.__ARM_common_switch8                   0x000006b8   Section        0  sysctrl.o(i.__ARM_common_switch8)
    i.__scatterload_copy                     0x000006d2   Section       14  handlers.o(i.__scatterload_copy)
    i.__scatterload_null                     0x000006e0   Section        2  handlers.o(i.__scatterload_null)
    i.__scatterload_zeroinit                 0x000006e2   Section       14  handlers.o(i.__scatterload_zeroinit)
    i.ddl_memclr                             0x000006f0   Section        0  ddl.o(i.ddl_memclr)
    i.main                                   0x00000702   Section        0  main.o(i.main)
    .constdata                               0x00000710   Section       24  sysctrl.o(.constdata)
    .data                                    0x20000000   Section        4  system_hc32l07x.o(.data)
    .data                                    0x20000004   Section      128  main.o(.data)
    aSRC_Const_Buffer                        0x20000004   Data         128  main.o(.data)
    .bss                                     0x20000084   Section      128  main.o(.bss)
    aDST_Buffer                              0x20000084   Data         128  main.o(.bss)
    STACK                                    0x20000108   Section      512  startup_hc32l07x.o(STACK)

    Global Symbols

    Symbol Name                              Value     Ov Type        Size  Object(Section)

    BuildAttributes$$THM_ISAv3M$S$PE$A:L22$X:L11$S22$IEEE1$IW$USESV6$~STKCKD$USESV7$~SHL$OSPACE$EBA8$MICROLIB$REQ8$PRES8$EABIv2 0x00000000   Number         0  anon$$obj.o ABSOLUTE
    __ARM_use_no_argv                        0x00000000   Number         0  main.o ABSOLUTE
    __Vectors                                0x00000000   Data           0  startup_hc32l07x.o(RESET)
    Adc_IRQHandler                            - Undefined Weak Reference
    Can_IRQHandler                            - Undefined Weak Reference
    ClkTrim_IRQHandler                        - Undefined Weak Reference
    Cts_IRQHandler                            - Undefined Weak Reference
    Dac_IRQHandler                            - Undefined Weak Reference
    Flash_IRQHandler                          - Undefined Weak Reference
    I2c0_IRQHandler                           - Undefined Weak Reference
    I2c1_IRQHandler                           - Undefined Weak Reference
    I2s0_IRQHandler                           - Undefined Weak Reference
    I2s1_IRQHandler                           - Undefined Weak Reference
    Lcd_IRQHandler                            - Undefined Weak Reference
    LpTim0_IRQHandler                         - Undefined Weak Reference
    LpTim1_IRQHandler                         - Undefined Weak Reference
    LpUart0_IRQHandler                        - Undefined Weak Reference
    LpUart1_IRQHandler                        - Undefined Weak Reference
    Lvd_IRQHandler                            - Undefined Weak Reference
    Pca_IRQHandler                            - Undefined Weak Reference
    Pcnt_IRQHandler                           - Undefined Weak Reference
    PortA_IRQHandler                          - Undefined Weak Reference
    PortB_IRQHandler                          - Undefined Weak Reference
    PortC_IRQHandler                          - Undefined Weak Reference
    PortD_IRQHandler                          - Undefined Weak Reference
    PortE_IRQHandler                          - Undefined Weak Reference
    PortF_IRQHandler                          - Undefined Weak Reference
    Ram_IRQHandler                            - Undefined Weak Reference
    Rtc_IRQHandler                            - Undefined Weak Reference
    Spi0_IRQHandler                           - Undefined Weak Reference
    Spi1_IRQHandler                           - Undefined Weak Reference
    SysTick_IRQHandler                        - Undefined Weak Reference
    Tim0_IRQHandler                           - Undefined Weak Reference
    Tim1_IRQHandler                           - Undefined Weak Reference
    Tim2_IRQHandler                           - Undefined Weak Reference
    Tim3_IRQHandler                           - Undefined Weak Reference
    Tim4_IRQHandler                           - Undefined Weak Reference
    Tim5_IRQHandler                           - Undefined Weak Reference
    Tim6_IRQHandler                           - Undefined Weak Reference
    Uart0_IRQHandler                          - Undefined Weak Reference
    Uart1_IRQHandler                          - Undefined Weak Reference
    Uart2_IRQHandler                          - Undefined Weak Reference
    Uart3_IRQHandler                          - Undefined Weak Reference
    Usbfs_IRQHandler                          - Undefined Weak Reference
    Vc0_IRQHandler                            - Undefined Weak Reference
    Vc1_IRQHandler                            - Undefined Weak Reference
    Vc2_IRQHandler                            - Undefined Weak Reference
    Wdt_IRQHandler                            - Undefined Weak Reference
    __cpp_initialize__aeabi_                  - Undefined Weak Reference
    __cxa_finalize                            - Undefined Weak Reference
    __decompress                              - Undefined Weak Reference
    _clock_init                               - Undefined Weak Reference
    _microlib_exit                            - Undefined Weak Reference
    __Vectors_End                            0x000000c0   Data           0  startup_hc32l07x.o(RESET)
    __Vectors_Size                           0x000000c0   Number         0  startup_hc32l07x.o ABSOLUTE
    __main                                   0x000000c1   Thumb Code     0  entry.o(.ARM.Collect$$$$00000000)
    _main_stk                                0x000000c1   Thumb Code     0  entry2.o(.ARM.Collect$$$$00000001)
    _main_scatterload                        0x000000c5   Thumb Code     0  entry5.o(.ARM.Collect$$$$00000004)
    __main_after_scatterload                 0x000000c9   Thumb Code     0  entry5.o(.ARM.Collect$$$$00000004)
    _main_clock                              0x000000c9   Thumb Code     0  entry7b.o(.ARM.Collect$$$$00000008)
    _main_cpp_init                           0x000000c9   Thumb Code     0  entry8b.o(.ARM.Collect$$$$0000000A)
    _main_init                               0x000000c9   Thumb Code     0  entry9a.o(.ARM.Collect$$$$0000000B)
    __rt_final_cpp                           0x000000d1   Thumb Code     0  entry10a.o(.ARM.Collect$$$$0000000D)
    __rt_final_exit                          0x000000d1   Thumb Code     0  entry11a.o(.ARM.Collect$$$$0000000F)
    Reset_Handler                            0x000000d5   Thumb Code    26  startup_hc32l07x.o(.text)
    NMI_Handler                              0x000000ef   Thumb Code     2  startup_hc32l07x.o(.text)
    SVC_Handler                              0x000000f3   Thumb Code     2  startup_hc32l07x.o(.text)
    PendSV_Handler                           0x000000f5   Thumb Code     2  startup_hc32l07x.o(.text)
    __aeabi_memcpy                           0x00000111   Thumb Code    36  memcpya.o(.text)
    __aeabi_memcpy4                          0x00000111   Thumb Code     0  memcpya.o(.text)
    __aeabi_memcpy8                          0x00000111   Thumb Code     0  memcpya.o(.text)
    __scatterload                            0x00000135   Thumb Code    28  init.o(.text)
    __scatterload_rt2                        0x00000135   Thumb Code     0  init.o(.text)
    main                                     0x00000159   Thumb Code    14  system_hc32l07x.o(i.$Sub$$main)
    ADC_DAC_IRQHandler                       0x00000167   Thumb Code    12  interrupts_hc32l07x.o(i.ADC_DAC_IRQHandler)
    App_Dma1Cfg                              0x00000175   Thumb Code   110  main.o(i.App_Dma1Cfg)
    CAN_IRQHandler                           0x000001ed   Thumb Code     8  interrupts_hc32l07x.o(i.CAN_IRQHandler)
    CLKTRIM_CTS_IRQHandler                   0x000001f5   Thumb Code    12  interrupts_hc32l07x.o(i.CLKTRIM_CTS_IRQHandler)
    DMAC_IRQHandler                          0x00000201   Thumb Code     8  interrupts_hc32l07x.o(i.DMAC_IRQHandler)
    Dma_ClrStat                              0x00000209   Thumb Code    18  dmac.o(i.Dma_ClrStat)
    Dma_Enable                               0x00000221   Thumb Code    12  dmac.o(i.Dma_Enable)
    Dma_EnableChannel                        0x00000231   Thumb Code    18  dmac.o(i.Dma_EnableChannel)
    Dma_EnableChannelIrq                     0x00000249   Thumb Code    18  dmac.o(i.Dma_EnableChannelIrq)
    Dma_GetStat                              0x00000261   Thumb Code    14  dmac.o(i.Dma_GetStat)
    Dma_InitChannel                          0x00000275   Thumb Code   112  dmac.o(i.Dma_InitChannel)
    Dma_SwStart                              0x000002ed   Thumb Code    18  dmac.o(i.Dma_SwStart)
    Dmac_IRQHandler                          0x00000305   Thumb Code    60  main.o(i.Dmac_IRQHandler)
    EnableNvic                               0x00000349   Thumb Code    88  interrupts_hc32l07x.o(i.EnableNvic)
    FLASH_RAM_IRQHandler                     0x000003b1   Thumb Code    12  interrupts_hc32l07x.o(i.FLASH_RAM_IRQHandler)
    HardFault_Handler                        0x000003bd   Thumb Code    12  interrupts_hc32l07x.o(i.HardFault_Handler)
    I2C0_IRQHandler                          0x000003c9   Thumb Code     8  interrupts_hc32l07x.o(i.I2C0_IRQHandler)
    I2C1_IRQHandler                          0x000003d1   Thumb Code     8  interrupts_hc32l07x.o(i.I2C1_IRQHandler)
    LCD_IRQHandler                           0x000003d9   Thumb Code     8  interrupts_hc32l07x.o(i.LCD_IRQHandler)
    LPTIM0_1_IRQHandler                      0x000003e1   Thumb Code    12  interrupts_hc32l07x.o(i.LPTIM0_1_IRQHandler)
    LPUART0_IRQHandler                       0x000003ed   Thumb Code     8  interrupts_hc32l07x.o(i.LPUART0_IRQHandler)
    LPUART1_IRQHandler                       0x000003f5   Thumb Code     8  interrupts_hc32l07x.o(i.LPUART1_IRQHandler)
    PCA_IRQHandler                           0x000003fd   Thumb Code     8  interrupts_hc32l07x.o(i.PCA_IRQHandler)
    PCNT_IRQHandler                          0x00000405   Thumb Code     8  interrupts_hc32l07x.o(i.PCNT_IRQHandler)
    PORTA_IRQHandler                         0x0000040d   Thumb Code     8  interrupts_hc32l07x.o(i.PORTA_IRQHandler)
    PORTB_IRQHandler                         0x00000415   Thumb Code     8  interrupts_hc32l07x.o(i.PORTB_IRQHandler)
    PORTC_E_IRQHandler                       0x0000041d   Thumb Code    12  interrupts_hc32l07x.o(i.PORTC_E_IRQHandler)
    PORTD_F_IRQHandler                       0x00000429   Thumb Code    12  interrupts_hc32l07x.o(i.PORTD_F_IRQHandler)
    RTC_IRQHandler                           0x00000435   Thumb Code     8  interrupts_hc32l07x.o(i.RTC_IRQHandler)
    SPI0_I2S0_IRQHandler                     0x0000043d   Thumb Code    12  interrupts_hc32l07x.o(i.SPI0_I2S0_IRQHandler)
    SPI1_I2S1_IRQHandler                     0x00000449   Thumb Code    12  interrupts_hc32l07x.o(i.SPI1_I2S1_IRQHandler)
    SetBit                                   0x00000455   Thumb Code    20  ddl.o(i.SetBit)
    SysTick_Handler                          0x00000469   Thumb Code     8  interrupts_hc32l07x.o(i.SysTick_Handler)
    Sysctrl_GetHClkFreq                      0x00000471   Thumb Code   298  sysctrl.o(i.Sysctrl_GetHClkFreq)
    Sysctrl_SetPeripheralGate                0x000005ad   Thumb Code    30  sysctrl.o(i.Sysctrl_SetPeripheralGate)
    SystemCoreClockUpdate                    0x000005d1   Thumb Code    12  system_hc32l07x.o(i.SystemCoreClockUpdate)
    SystemInit                               0x000005e1   Thumb Code    84  system_hc32l07x.o(i.SystemInit)
    TIM0_IRQHandler                          0x00000645   Thumb Code     8  interrupts_hc32l07x.o(i.TIM0_IRQHandler)
    TIM1_IRQHandler                          0x0000064d   Thumb Code     8  interrupts_hc32l07x.o(i.TIM1_IRQHandler)
    TIM2_IRQHandler                          0x00000655   Thumb Code     8  interrupts_hc32l07x.o(i.TIM2_IRQHandler)
    TIM3_IRQHandler                          0x0000065d   Thumb Code     8  interrupts_hc32l07x.o(i.TIM3_IRQHandler)
    TIM4_IRQHandler                          0x00000665   Thumb Code     8  interrupts_hc32l07x.o(i.TIM4_IRQHandler)
    TIM5_IRQHandler                          0x0000066d   Thumb Code     8  interrupts_hc32l07x.o(i.TIM5_IRQHandler)
    TIM6_IRQHandler                          0x00000675   Thumb Code     8  interrupts_hc32l07x.o(i.TIM6_IRQHandler)
    UART0_2_IRQHandler                       0x0000067d   Thumb Code    12  interrupts_hc32l07x.o(i.UART0_2_IRQHandler)
    UART1_3_IRQHandler                       0x00000689   Thumb Code    12  interrupts_hc32l07x.o(i.UART1_3_IRQHandler)
    USBFS_IRQHandler                         0x00000695   Thumb Code     8  interrupts_hc32l07x.o(i.USBFS_IRQHandler)
    VC0_1_2_LVD_IRQHandler                   0x0000069d   Thumb Code    20  interrupts_hc32l07x.o(i.VC0_1_2_LVD_IRQHandler)
    WDT_IRQHandler                           0x000006b1   Thumb Code     8  interrupts_hc32l07x.o(i.WDT_IRQHandler)
    __ARM_common_switch8                     0x000006b9   Thumb Code    26  sysctrl.o(i.__ARM_common_switch8)
    __scatterload_copy                       0x000006d3   Thumb Code    14  handlers.o(i.__scatterload_copy)
    __scatterload_null                       0x000006e1   Thumb Code     2  handlers.o(i.__scatterload_null)
    __scatterload_zeroinit                   0x000006e3   Thumb Code    14  handlers.o(i.__scatterload_zeroinit)
    ddl_memclr                               0x000006f1   Thumb Code    18  ddl.o(i.ddl_memclr)
    $Super$$main                             0x00000703   Thumb Code    12  main.o(i.main)
    Region$$Table$$Base                      0x00000728   Number         0  anon$$obj.o(Region$$Table)
    Region$$Table$$Limit                     0x00000748   Number         0  anon$$obj.o(Region$$Table)
    SystemCoreClock                          0x20000000   Data           4  system_hc32l07x.o(.data)
    __initial_sp                             0x20000308   Data           0  startup_hc32l07x.o(STACK)



==============================================================================

Memory Map of the image

  Image Entry point : 0x000000c1

  Load Region LR_IROM1 (Base: 0x00000000, Size: 0x000007cc, Max: 0x00020000, ABSOLUTE)

    Execution Region ER_IROM1 (Base: 0x00000000, Size: 0x00000748, Max: 0x00020000, ABSOLUTE)

    Base Addr    Size         Type   Attr      Idx    E Section Name        Object

    0x00000000   0x000000c0   Data   RO            3    RESET               startup_hc32l07x.o
    0x000000c0   0x00000000   Code   RO          745  * .ARM.Collect$$$$00000000  mc_p.l(entry.o)
    0x000000c0   0x00000004   Code   RO          754    .ARM.Collect$$$$00000001  mc_p.l(entry2.o)
    0x000000c4   0x00000004   Code   RO          757    .ARM.Collect$$$$00000004  mc_p.l(entry5.o)
    0x000000c8   0x00000000   Code   RO          759    .ARM.Collect$$$$00000008  mc_p.l(entry7b.o)
    0x000000c8   0x00000000   Code   RO          761    .ARM.Collect$$$$0000000A  mc_p.l(entry8b.o)
    0x000000c8   0x00000008   Code   RO          762    .ARM.Collect$$$$0000000B  mc_p.l(entry9a.o)
    0x000000d0   0x00000000   Code   RO          764    .ARM.Collect$$$$0000000D  mc_p.l(entry10a.o)
    0x000000d0   0x00000000   Code   RO          766    .ARM.Collect$$$$0000000F  mc_p.l(entry11a.o)
    0x000000d0   0x00000004   Code   RO          755    .ARM.Collect$$$$00002712  mc_p.l(entry2.o)
    0x000000d4   0x0000003c   Code   RO            4    .text               startup_hc32l07x.o
    0x00000110   0x00000024   Code   RO          750    .text               mc_p.l(memcpya.o)
    0x00000134   0x00000024   Code   RO          768    .text               mc_p.l(init.o)
    0x00000158   0x0000000e   Code   RO           12    i.$Sub$$main        system_hc32l07x.o
    0x00000166   0x0000000c   Code   RO          100    i.ADC_DAC_IRQHandler  interrupts_hc32l07x.o
    0x00000172   0x00000002   PAD
    0x00000174   0x00000078   Code   RO          331    i.App_Dma1Cfg       main.o
    0x000001ec   0x00000008   Code   RO          101    i.CAN_IRQHandler    interrupts_hc32l07x.o
    0x000001f4   0x0000000c   Code   RO          102    i.CLKTRIM_CTS_IRQHandler  interrupts_hc32l07x.o
    0x00000200   0x00000008   Code   RO          103    i.DMAC_IRQHandler   interrupts_hc32l07x.o
    0x00000208   0x00000018   Code   RO          583    i.Dma_ClrStat       dmac.o
    0x00000220   0x00000010   Code   RO          589    i.Dma_Enable        dmac.o
    0x00000230   0x00000018   Code   RO          590    i.Dma_EnableChannel  dmac.o
    0x00000248   0x00000018   Code   RO          592    i.Dma_EnableChannelIrq  dmac.o
    0x00000260   0x00000014   Code   RO          594    i.Dma_GetStat       dmac.o
    0x00000274   0x00000078   Code   RO          596    i.Dma_InitChannel   dmac.o
    0x000002ec   0x00000018   Code   RO          606    i.Dma_SwStart       dmac.o
    0x00000304   0x00000044   Code   RO          332    i.Dmac_IRQHandler   main.o
    0x00000348   0x00000068   Code   RO          104    i.EnableNvic        interrupts_hc32l07x.o
    0x000003b0   0x0000000c   Code   RO          105    i.FLASH_RAM_IRQHandler  interrupts_hc32l07x.o
    0x000003bc   0x0000000c   Code   RO          106    i.HardFault_Handler  interrupts_hc32l07x.o
    0x000003c8   0x00000008   Code   RO          107    i.I2C0_IRQHandler   interrupts_hc32l07x.o
    0x000003d0   0x00000008   Code   RO          108    i.I2C1_IRQHandler   interrupts_hc32l07x.o
    0x000003d8   0x00000008   Code   RO          109    i.LCD_IRQHandler    interrupts_hc32l07x.o
    0x000003e0   0x0000000c   Code   RO          110    i.LPTIM0_1_IRQHandler  interrupts_hc32l07x.o
    0x000003ec   0x00000008   Code   RO          111    i.LPUART0_IRQHandler  interrupts_hc32l07x.o
    0x000003f4   0x00000008   Code   RO          112    i.LPUART1_IRQHandler  interrupts_hc32l07x.o
    0x000003fc   0x00000008   Code   RO          113    i.PCA_IRQHandler    interrupts_hc32l07x.o
    0x00000404   0x00000008   Code   RO          114    i.PCNT_IRQHandler   interrupts_hc32l07x.o
    0x0000040c   0x00000008   Code   RO          115    i.PORTA_IRQHandler  interrupts_hc32l07x.o
    0x00000414   0x00000008   Code   RO          116    i.PORTB_IRQHandler  interrupts_hc32l07x.o
    0x0000041c   0x0000000c   Code   RO          117    i.PORTC_E_IRQHandler  interrupts_hc32l07x.o
    0x00000428   0x0000000c   Code   RO          118    i.PORTD_F_IRQHandler  interrupts_hc32l07x.o
    0x00000434   0x00000008   Code   RO          119    i.RTC_IRQHandler    interrupts_hc32l07x.o
    0x0000043c   0x0000000c   Code   RO          120    i.SPI0_I2S0_IRQHandler  interrupts_hc32l07x.o
    0x00000448   0x0000000c   Code   RO          121    i.SPI1_I2S1_IRQHandler  interrupts_hc32l07x.o
    0x00000454   0x00000014   Code   RO          371    i.SetBit            ddl.o
    0x00000468   0x00000008   Code   RO          122    i.SysTick_Handler   interrupts_hc32l07x.o
    0x00000470   0x0000013c   Code   RO          428    i.Sysctrl_GetHClkFreq  sysctrl.o
    0x000005ac   0x00000024   Code   RO          436    i.Sysctrl_SetPeripheralGate  sysctrl.o
    0x000005d0   0x00000010   Code   RO           13    i.SystemCoreClockUpdate  system_hc32l07x.o
    0x000005e0   0x00000064   Code   RO           14    i.SystemInit        system_hc32l07x.o
    0x00000644   0x00000008   Code   RO          123    i.TIM0_IRQHandler   interrupts_hc32l07x.o
    0x0000064c   0x00000008   Code   RO          124    i.TIM1_IRQHandler   interrupts_hc32l07x.o
    0x00000654   0x00000008   Code   RO          125    i.TIM2_IRQHandler   interrupts_hc32l07x.o
    0x0000065c   0x00000008   Code   RO          126    i.TIM3_IRQHandler   interrupts_hc32l07x.o
    0x00000664   0x00000008   Code   RO          127    i.TIM4_IRQHandler   interrupts_hc32l07x.o
    0x0000066c   0x00000008   Code   RO          128    i.TIM5_IRQHandler   interrupts_hc32l07x.o
    0x00000674   0x00000008   Code   RO          129    i.TIM6_IRQHandler   interrupts_hc32l07x.o
    0x0000067c   0x0000000c   Code   RO          130    i.UART0_2_IRQHandler  interrupts_hc32l07x.o
    0x00000688   0x0000000c   Code   RO          131    i.UART1_3_IRQHandler  interrupts_hc32l07x.o
    0x00000694   0x00000008   Code   RO          132    i.USBFS_IRQHandler  interrupts_hc32l07x.o
    0x0000069c   0x00000014   Code   RO          133    i.VC0_1_2_LVD_IRQHandler  interrupts_hc32l07x.o
    0x000006b0   0x00000008   Code   RO          134    i.WDT_IRQHandler    interrupts_hc32l07x.o
    0x000006b8   0x0000001a   Code   RO          575    i.__ARM_common_switch8  sysctrl.o
    0x000006d2   0x0000000e   Code   RO          772    i.__scatterload_copy  mc_p.l(handlers.o)
    0x000006e0   0x00000002   Code   RO          773    i.__scatterload_null  mc_p.l(handlers.o)
    0x000006e2   0x0000000e   Code   RO          774    i.__scatterload_zeroinit  mc_p.l(handlers.o)
    0x000006f0   0x00000012   Code   RO          372    i.ddl_memclr        ddl.o
    0x00000702   0x0000000c   Code   RO          333    i.main              main.o
    0x0000070e   0x00000002   PAD
    0x00000710   0x00000018   Data   RO          450    .constdata          sysctrl.o
    0x00000728   0x00000020   Data   RO          770    Region$$Table       anon$$obj.o


    Execution Region RW_IRAM1 (Base: 0x20000000, Size: 0x00000308, Max: 0x00004000, ABSOLUTE)

    Base Addr    Size         Type   Attr      Idx    E Section Name        Object

    0x20000000   0x00000004   Data   RW           15    .data               system_hc32l07x.o
    0x20000004   0x00000080   Data   RW          335    .data               main.o
    0x20000084   0x00000080   Zero   RW          334    .bss                main.o
    0x20000104   0x00000004   PAD
    0x20000108   0x00000200   Zero   RW            1    STACK               startup_hc32l07x.o


==============================================================================

Image component sizes


      Code (inc. data)   RO Data    RW Data    ZI Data      Debug   Object Name

        38          0          0          0          0       1494   ddl.o
       252         42          0          0          0       5432   dmac.o
       432         16          0          0          0      24479   interrupts_hc32l07x.o
       200         18          0        128        128       4987   main.o
        60         22        192          0        512        640   startup_hc32l07x.o
       378         32         24          0          0       3897   sysctrl.o
       130         20          0          4          0     172128   system_hc32l07x.o

    ----------------------------------------------------------------------
      1494        150        248        132        644     213057   Object Totals
         0          0         32          0          0          0   (incl. Generated)
         4          0          0          0          4          0   (incl. Padding)

    ----------------------------------------------------------------------

      Code (inc. data)   RO Data    RW Data    ZI Data      Debug   Library Member Name

         0          0          0          0          0          0   entry.o
         0          0          0          0          0          0   entry10a.o
         0          0          0          0          0          0   entry11a.o
         8          4          0          0          0          0   entry2.o
         4          0          0          0          0          0   entry5.o
         0          0          0          0          0          0   entry7b.o
         0          0          0          0          0          0   entry8b.o
         8          4          0          0          0          0   entry9a.o
        30          0          0          0          0          0   handlers.o
        36          8          0          0          0         68   init.o
        36          0          0          0          0         60   memcpya.o

    ----------------------------------------------------------------------
       122         16          0          0          0        128   Library Totals
         0          0          0          0          0          0   (incl. Padding)

    ----------------------------------------------------------------------

      Code (inc. data)   RO Data    RW Data    ZI Data      Debug   Library Name

       122         16          0          0          0        128   mc_p.l

    ----------------------------------------------------------------------
       122         16          0          0          0        128   Library Totals

    ----------------------------------------------------------------------

==============================================================================


      Code (inc. data)   RO Data    RW Data    ZI Data      Debug   

      1616        166        248        132        644     211181   Grand Totals
      1616        166        248        132        644     211181   ELF Image Totals
      1616        166        248        132          0          0   ROM Totals

==============================================================================

    Total RO  Size (Code + RO Data)                 1864 (   1.82kB)
    Total RW  Size (RW Data + ZI Data)               776 (   0.76kB)
    Total ROM Size (Code + RO Data + RW Data)       1996 (   1.95kB)

==============================================================================

