Component: ARM Compiler 5.06 update 3 (build 300) Tool: armlink [4d35c9]

==============================================================================

Image Symbol Table

    Local Symbols

    Symbol Name                              Value     Ov Type        Size  Object(Section)

    RESET                                    0x00000000   Section      192  startup_hc32l07x.o(RESET)
    ../clib/microlib/division.c              0x00000000   Number         0  uidiv.o ABSOLUTE
    ../clib/microlib/division.c              0x00000000   Number         0  idiv.o ABSOLUTE
    ../clib/microlib/division.c              0x00000000   Number         0  uldiv.o ABSOLUTE
    ../clib/microlib/init/entry.s            0x00000000   Number         0  entry7b.o ABSOLUTE
    ../clib/microlib/init/entry.s            0x00000000   Number         0  entry8b.o ABSOLUTE
    ../clib/microlib/init/entry.s            0x00000000   Number         0  entry7a.o ABSOLUTE
    ../clib/microlib/init/entry.s            0x00000000   Number         0  entry5.o ABSOLUTE
    ../clib/microlib/init/entry.s            0x00000000   Number         0  entry2.o ABSOLUTE
    ../clib/microlib/init/entry.s            0x00000000   Number         0  entry9b.o ABSOLUTE
    ../clib/microlib/init/entry.s            0x00000000   Number         0  entry8a.o ABSOLUTE
    ../clib/microlib/init/entry.s            0x00000000   Number         0  entry10a.o ABSOLUTE
    ../clib/microlib/init/entry.s            0x00000000   Number         0  entry10b.o ABSOLUTE
    ../clib/microlib/init/entry.s            0x00000000   Number         0  entry11a.o ABSOLUTE
    ../clib/microlib/init/entry.s            0x00000000   Number         0  entry.o ABSOLUTE
    ../clib/microlib/init/entry.s            0x00000000   Number         0  entry11b.o ABSOLUTE
    ../clib/microlib/init/entry.s            0x00000000   Number         0  entry9a.o ABSOLUTE
    ../clib/microlib/longlong.c              0x00000000   Number         0  llsshr.o ABSOLUTE
    ../clib/microlib/longlong.c              0x00000000   Number         0  llshl.o ABSOLUTE
    ../clib/microlib/longlong.c              0x00000000   Number         0  llushr.o ABSOLUTE
    ../clib/microlib/printf/printf.c         0x00000000   Number         0  printfa.o ABSOLUTE
    ../clib/microlib/printf/printf.c         0x00000000   Number         0  printf8.o ABSOLUTE
    ../clib/microlib/printf/printf.c         0x00000000   Number         0  printf7.o ABSOLUTE
    ../clib/microlib/printf/printf.c         0x00000000   Number         0  printf5.o ABSOLUTE
    ../clib/microlib/printf/printf.c         0x00000000   Number         0  printf4.o ABSOLUTE
    ../clib/microlib/printf/printf.c         0x00000000   Number         0  printf3.o ABSOLUTE
    ../clib/microlib/printf/printf.c         0x00000000   Number         0  printf1.o ABSOLUTE
    ../clib/microlib/printf/printf.c         0x00000000   Number         0  printf0.o ABSOLUTE
    ../clib/microlib/printf/printf.c         0x00000000   Number         0  printfb.o ABSOLUTE
    ../clib/microlib/printf/printf.c         0x00000000   Number         0  printf6.o ABSOLUTE
    ../clib/microlib/printf/printf.c         0x00000000   Number         0  printf2.o ABSOLUTE
    ../clib/microlib/printf/stubs.s          0x00000000   Number         0  stubs.o ABSOLUTE
    ../clib/microlib/stdio/streams.c         0x00000000   Number         0  stdout.o ABSOLUTE
    ../clib/microlib/string/memcpy.c         0x00000000   Number         0  memcpyb.o ABSOLUTE
    ../clib/microlib/string/memcpy.c         0x00000000   Number         0  memcpya.o ABSOLUTE
    ../clib/microlib/string/memset.c         0x00000000   Number         0  memseta.o ABSOLUTE
    ../clib/microlib/string/strlen.c         0x00000000   Number         0  strlen.o ABSOLUTE
    ../clib/microlib/string/strstr.c         0x00000000   Number         0  strstr.o ABSOLUTE
    ../clib/microlib/stubs.s                 0x00000000   Number         0  iusefp.o ABSOLUTE
    ../clib/microlib/time/localtime.c        0x00000000   Number         0  localtime_i.o ABSOLUTE
    ../clib/microlib/time/localtime.c        0x00000000   Number         0  localtime_w.o ABSOLUTE
    ../clib/microlib/time/localtime.c        0x00000000   Number         0  localtime.o ABSOLUTE
    ../clib/microlib/time/mktime.c           0x00000000   Number         0  mktime.o ABSOLUTE
    ../fplib/microlib/fpadd.c                0x00000000   Number         0  dadd.o ABSOLUTE
    ../fplib/microlib/fpadd.c                0x00000000   Number         0  fadd.o ABSOLUTE
    ../fplib/microlib/fpdiv.c                0x00000000   Number         0  ddiv.o ABSOLUTE
    ../fplib/microlib/fpdiv.c                0x00000000   Number         0  fdiv.o ABSOLUTE
    ../fplib/microlib/fpepilogue.c           0x00000000   Number         0  depilogue.o ABSOLUTE
    ../fplib/microlib/fpepilogue.c           0x00000000   Number         0  fepilogue.o ABSOLUTE
    ../fplib/microlib/fpfix.c                0x00000000   Number         0  dfixul.o ABSOLUTE
    ../fplib/microlib/fpfix.c                0x00000000   Number         0  ffixui.o ABSOLUTE
    ../fplib/microlib/fpflt.c                0x00000000   Number         0  ffltui.o ABSOLUTE
    ../fplib/microlib/fpmul.c                0x00000000   Number         0  dmul.o ABSOLUTE
    ..\..\driver\src\adc.c                   0x00000000   Number         0  adc.o ABSOLUTE
    ..\..\driver\src\bgr.c                   0x00000000   Number         0  bgr.o ABSOLUTE
    ..\..\driver\src\can.c                   0x00000000   Number         0  can.o ABSOLUTE
    ..\..\driver\src\ddl.c                   0x00000000   Number         0  ddl.o ABSOLUTE
    ..\..\driver\src\dmac.c                  0x00000000   Number         0  dmac.o ABSOLUTE
    ..\..\driver\src\flash.c                 0x00000000   Number         0  flash.o ABSOLUTE
    ..\..\driver\src\gpio.c                  0x00000000   Number         0  gpio.o ABSOLUTE
    ..\..\driver\src\lpm.c                   0x00000000   Number         0  lpm.o ABSOLUTE
    ..\..\driver\src\rtc.c                   0x00000000   Number         0  rtc.o ABSOLUTE
    ..\..\driver\src\sysctrl.c               0x00000000   Number         0  sysctrl.o ABSOLUTE
    ..\..\driver\src\timer3.c                0x00000000   Number         0  timer3.o ABSOLUTE
    ..\..\driver\src\uart.c                  0x00000000   Number         0  uart.o ABSOLUTE
    ..\..\driver\src\wdt.c                   0x00000000   Number         0  wdt.o ABSOLUTE
    ..\..\mcu\common\interrupts_hc32l07x.c   0x00000000   Number         0  interrupts_hc32l07x.o ABSOLUTE
    ..\..\mcu\common\system_hc32l07x.c       0x00000000   Number         0  system_hc32l07x.o ABSOLUTE
    ..\\..\\driver\\src\\adc.c               0x00000000   Number         0  adc.o ABSOLUTE
    ..\\..\\driver\\src\\bgr.c               0x00000000   Number         0  bgr.o ABSOLUTE
    ..\\..\\driver\\src\\can.c               0x00000000   Number         0  can.o ABSOLUTE
    ..\\..\\driver\\src\\ddl.c               0x00000000   Number         0  ddl.o ABSOLUTE
    ..\\..\\driver\\src\\dmac.c              0x00000000   Number         0  dmac.o ABSOLUTE
    ..\\..\\driver\\src\\flash.c             0x00000000   Number         0  flash.o ABSOLUTE
    ..\\..\\driver\\src\\gpio.c              0x00000000   Number         0  gpio.o ABSOLUTE
    ..\\..\\driver\\src\\lpm.c               0x00000000   Number         0  lpm.o ABSOLUTE
    ..\\..\\driver\\src\\rtc.c               0x00000000   Number         0  rtc.o ABSOLUTE
    ..\\..\\driver\\src\\sysctrl.c           0x00000000   Number         0  sysctrl.o ABSOLUTE
    ..\\..\\driver\\src\\timer3.c            0x00000000   Number         0  timer3.o ABSOLUTE
    ..\\..\\driver\\src\\uart.c              0x00000000   Number         0  uart.o ABSOLUTE
    ..\\..\\driver\\src\\wdt.c               0x00000000   Number         0  wdt.o ABSOLUTE
    ..\\..\\mcu\\common\\interrupts_hc32l07x.c 0x00000000   Number         0  interrupts_hc32l07x.o ABSOLUTE
    ..\\..\\mcu\\common\\system_hc32l07x.c   0x00000000   Number         0  system_hc32l07x.o ABSOLUTE
    ..\\source\\IOT_Protol.c                 0x00000000   Number         0  iot_protol.o ABSOLUTE
    ..\\source\\main.c                       0x00000000   Number         0  main.o ABSOLUTE
    ..\\source\\system.c                     0x00000000   Number         0  system.o ABSOLUTE
    ..\source\FIFO.c                         0x00000000   Number         0  fifo.o ABSOLUTE
    ..\source\IOT_Protol.c                   0x00000000   Number         0  iot_protol.o ABSOLUTE
    ..\source\main.c                         0x00000000   Number         0  main.o ABSOLUTE
    ..\source\system.c                       0x00000000   Number         0  system.o ABSOLUTE
    cdrcmple.s                               0x00000000   Number         0  cdrcmple.o ABSOLUTE
    dc.s                                     0x00000000   Number         0  dc.o ABSOLUTE
    handlers.s                               0x00000000   Number         0  handlers.o ABSOLUTE
    init.s                                   0x00000000   Number         0  init.o ABSOLUTE
    startup_hc32l07x.s                       0x00000000   Number         0  startup_hc32l07x.o ABSOLUTE
    .ARM.Collect$$$$00000000                 0x000000c0   Section        0  entry.o(.ARM.Collect$$$$00000000)
    .ARM.Collect$$$$00000001                 0x000000c0   Section        4  entry2.o(.ARM.Collect$$$$00000001)
    .ARM.Collect$$$$00000004                 0x000000c4   Section        4  entry5.o(.ARM.Collect$$$$00000004)
    .ARM.Collect$$$$00000008                 0x000000c8   Section        0  entry7b.o(.ARM.Collect$$$$00000008)
    .ARM.Collect$$$$0000000A                 0x000000c8   Section        0  entry8b.o(.ARM.Collect$$$$0000000A)
    .ARM.Collect$$$$0000000B                 0x000000c8   Section        8  entry9a.o(.ARM.Collect$$$$0000000B)
    .ARM.Collect$$$$0000000D                 0x000000d0   Section        0  entry10a.o(.ARM.Collect$$$$0000000D)
    .ARM.Collect$$$$0000000F                 0x000000d0   Section        0  entry11a.o(.ARM.Collect$$$$0000000F)
    .ARM.Collect$$$$00002712                 0x000000d0   Section        4  entry2.o(.ARM.Collect$$$$00002712)
    __lit__00000000                          0x000000d0   Data           4  entry2.o(.ARM.Collect$$$$00002712)
    .text                                    0x000000d4   Section       60  startup_hc32l07x.o(.text)
    .text                                    0x00000110   Section        0  uidiv.o(.text)
    .text                                    0x0000013c   Section        0  memcpya.o(.text)
    .text                                    0x00000160   Section        0  memseta.o(.text)
    .text                                    0x00000184   Section        0  strstr.o(.text)
    .text                                    0x000001ac   Section        0  strlen.o(.text)
    .text                                    0x000001ba   Section        0  fadd.o(.text)
    .text                                    0x0000026c   Section        0  fdiv.o(.text)
    .text                                    0x000002e8   Section        0  ffltui.o(.text)
    .text                                    0x000002f6   Section        0  ffixui.o(.text)
    .text                                    0x0000031e   Section        0  uldiv.o(.text)
    .text                                    0x0000037e   Section        0  fepilogue.o(.text)
    .text                                    0x0000037e   Section        0  iusefp.o(.text)
    .text                                    0x00000400   Section       36  init.o(.text)
    .text                                    0x00000424   Section        0  llshl.o(.text)
    .text                                    0x00000444   Section        0  llushr.o(.text)
    i.$Sub$$main                             0x00000466   Section        0  system_hc32l07x.o(i.$Sub$$main)
    i.ADC_DAC_IRQHandler                     0x00000474   Section        0  interrupts_hc32l07x.o(i.ADC_DAC_IRQHandler)
    i.App_Can_init                           0x00000480   Section        0  system.o(i.App_Can_init)
    App_Can_init                             0x00000481   Thumb Code   232  system.o(i.App_Can_init)
    i.App_SystemClkInit_PLL48M_byXTH         0x00000570   Section        0  system.o(i.App_SystemClkInit_PLL48M_byXTH)
    i.App_Timer3Cfg                          0x000005c8   Section        0  system.o(i.App_Timer3Cfg)
    i.CAN_FilterConfig                       0x00000620   Section        0  can.o(i.CAN_FilterConfig)
    i.CAN_IRQHandler                         0x000006a4   Section        0  interrupts_hc32l07x.o(i.CAN_IRQHandler)
    i.CAN_Init                               0x000006ac   Section        0  can.o(i.CAN_Init)
    i.CAN_IrqCmd                             0x00000760   Section        0  can.o(i.CAN_IrqCmd)
    i.CAN_IrqFlgClr                          0x00000778   Section        0  can.o(i.CAN_IrqFlgClr)
    i.CAN_IrqFlgGet                          0x00000790   Section        0  can.o(i.CAN_IrqFlgGet)
    i.CAN_ModeConfig                         0x000007a4   Section        0  can.o(i.CAN_ModeConfig)
    i.CAN_Rec_Prase                          0x000007dc   Section        0  iot_protol.o(i.CAN_Rec_Prase)
    i.CAN_Receive                            0x0000082c   Section        0  can.o(i.CAN_Receive)
    i.CAN_SetFrame                           0x00000850   Section        0  can.o(i.CAN_SetFrame)
    i.CAN_StatusGet                          0x00000888   Section        0  can.o(i.CAN_StatusGet)
    i.CAN_TransmitCmd                        0x0000089c   Section        0  can.o(i.CAN_TransmitCmd)
    i.CLKTRIM_CTS_IRQHandler                 0x000008ac   Section        0  interrupts_hc32l07x.o(i.CLKTRIM_CTS_IRQHandler)
    i.Can_IRQHandler                         0x000008b8   Section        0  system.o(i.Can_IRQHandler)
    i.DDL_ConsoleOutputChar                  0x00000904   Section        0  system.o(i.DDL_ConsoleOutputChar)
    i.DMAC_IRQHandler                        0x0000090e   Section        0  interrupts_hc32l07x.o(i.DMAC_IRQHandler)
    i.EnableNvic                             0x00000918   Section        0  interrupts_hc32l07x.o(i.EnableNvic)
    i.FIFO_Clean_Buf                         0x00000980   Section        0  fifo.o(i.FIFO_Clean_Buf)
    i.FIFO_Init                              0x00000998   Section        0  fifo.o(i.FIFO_Init)
    i.FIFO_Rece_Buf                          0x000009b4   Section        0  fifo.o(i.FIFO_Rece_Buf)
    i.FIFO_Size_Check                        0x00000a08   Section        0  fifo.o(i.FIFO_Size_Check)
    i.FIFO_Valid_Size                        0x00000a44   Section        0  fifo.o(i.FIFO_Valid_Size)
    i.FIFO_Write_OneByte                     0x00000a54   Section        0  fifo.o(i.FIFO_Write_OneByte)
    i.FLASH_RAM_IRQHandler                   0x00000a90   Section        0  interrupts_hc32l07x.o(i.FLASH_RAM_IRQHandler)
    i.Flash_Init                             0x00000a9c   Section        0  flash.o(i.Flash_Init)
    i.Flash_WaitCycle                        0x00000b44   Section        0  flash.o(i.Flash_WaitCycle)
    i.GetBit                                 0x00000b70   Section        0  ddl.o(i.GetBit)
    i.Gpio_ClearIrq                          0x00000b7c   Section        0  gpio.o(i.Gpio_ClearIrq)
    i.Gpio_ClrIO                             0x00000b90   Section        0  gpio.o(i.Gpio_ClrIO)
    i.Gpio_GetIrqStatus                      0x00000ba4   Section        0  gpio.o(i.Gpio_GetIrqStatus)
    i.Gpio_Init                              0x00000bb4   Section        0  gpio.o(i.Gpio_Init)
    i.Gpio_SetAfMode                         0x00000c4c   Section        0  gpio.o(i.Gpio_SetAfMode)
    i.Gpio_SetIO                             0x00000c60   Section        0  gpio.o(i.Gpio_SetIO)
    i.HardFault_Handler                      0x00000c74   Section        0  interrupts_hc32l07x.o(i.HardFault_Handler)
    i.I2C0_IRQHandler                        0x00000c80   Section        0  interrupts_hc32l07x.o(i.I2C0_IRQHandler)
    i.I2C1_IRQHandler                        0x00000c88   Section        0  interrupts_hc32l07x.o(i.I2C1_IRQHandler)
    i.IOT_Rec_Parse                          0x00000c90   Section        0  iot_protol.o(i.IOT_Rec_Parse)
    i.IOT_rcv_data_handler                   0x00000dd8   Section        0  iot_protol.o(i.IOT_rcv_data_handler)
    i.Iot_Can_Send                           0x00000e44   Section        0  system.o(i.Iot_Can_Send)
    i.LCD_IRQHandler                         0x00000e78   Section        0  interrupts_hc32l07x.o(i.LCD_IRQHandler)
    i.LPTIM0_1_IRQHandler                    0x00000e80   Section        0  interrupts_hc32l07x.o(i.LPTIM0_1_IRQHandler)
    i.LPUART0_IRQHandler                     0x00000e8c   Section        0  interrupts_hc32l07x.o(i.LPUART0_IRQHandler)
    i.LPUART1_IRQHandler                     0x00000e94   Section        0  interrupts_hc32l07x.o(i.LPUART1_IRQHandler)
    i.PCA_IRQHandler                         0x00000e9c   Section        0  interrupts_hc32l07x.o(i.PCA_IRQHandler)
    i.PCNT_IRQHandler                        0x00000ea4   Section        0  interrupts_hc32l07x.o(i.PCNT_IRQHandler)
    i.PORTA_IRQHandler                       0x00000eac   Section        0  interrupts_hc32l07x.o(i.PORTA_IRQHandler)
    i.PORTB_IRQHandler                       0x00000eb4   Section        0  interrupts_hc32l07x.o(i.PORTB_IRQHandler)
    i.PORTC_E_IRQHandler                     0x00000ebc   Section        0  interrupts_hc32l07x.o(i.PORTC_E_IRQHandler)
    i.PORTD_F_IRQHandler                     0x00000ec8   Section        0  interrupts_hc32l07x.o(i.PORTD_F_IRQHandler)
    i.PortA_IRQHandler                       0x00000ed4   Section        0  system.o(i.PortA_IRQHandler)
    i.PortB_IRQHandler                       0x00000f14   Section        0  system.o(i.PortB_IRQHandler)
    i.RTC_IRQHandler                         0x00000f2c   Section        0  interrupts_hc32l07x.o(i.RTC_IRQHandler)
    i.Rtc_ClearAlmfItStatus                  0x00000f34   Section        0  rtc.o(i.Rtc_ClearAlmfItStatus)
    i.Rtc_ClearPrdfItStatus                  0x00000f48   Section        0  rtc.o(i.Rtc_ClearPrdfItStatus)
    i.Rtc_GetAlmfItStatus                    0x00000f5c   Section        0  rtc.o(i.Rtc_GetAlmfItStatus)
    i.Rtc_GetPridItStatus                    0x00000f6c   Section        0  rtc.o(i.Rtc_GetPridItStatus)
    i.Rtc_IRQHandler                         0x00000f7c   Section        0  system.o(i.Rtc_IRQHandler)
    i.SPI0_I2S0_IRQHandler                   0x00000fa4   Section        0  interrupts_hc32l07x.o(i.SPI0_I2S0_IRQHandler)
    i.SPI1_I2S1_IRQHandler                   0x00000fb0   Section        0  interrupts_hc32l07x.o(i.SPI1_I2S1_IRQHandler)
    i.SetBit                                 0x00000fbc   Section        0  ddl.o(i.SetBit)
    i.SysTick_Handler                        0x00000fd0   Section        0  interrupts_hc32l07x.o(i.SysTick_Handler)
    i.SysTick_IRQHandler                     0x00000fd8   Section        0  system.o(i.SysTick_IRQHandler)
    i.Sys_Init                               0x00000fdc   Section        0  system.o(i.Sys_Init)
    i.Sysctrl_ClkSourceEnable                0x0000115c   Section        0  sysctrl.o(i.Sysctrl_ClkSourceEnable)
    i.Sysctrl_GetHClkFreq                    0x00001278   Section        0  sysctrl.o(i.Sysctrl_GetHClkFreq)
    i.Sysctrl_GetPClkFreq                    0x000013b4   Section        0  sysctrl.o(i.Sysctrl_GetPClkFreq)
    i.Sysctrl_SetHCLKDiv                     0x000013cc   Section        0  sysctrl.o(i.Sysctrl_SetHCLKDiv)
    i.Sysctrl_SetPCLKDiv                     0x000013f0   Section        0  sysctrl.o(i.Sysctrl_SetPCLKDiv)
    i.Sysctrl_SetPLLFreq                     0x00001414   Section        0  sysctrl.o(i.Sysctrl_SetPLLFreq)
    i.Sysctrl_SetPeripheralGate              0x000014f0   Section        0  sysctrl.o(i.Sysctrl_SetPeripheralGate)
    i.Sysctrl_SetXTHFreq                     0x00001514   Section        0  sysctrl.o(i.Sysctrl_SetXTHFreq)
    i.Sysctrl_SetXTHStableTime               0x00001530   Section        0  sysctrl.o(i.Sysctrl_SetXTHStableTime)
    i.Sysctrl_SysClkSwitch                   0x0000154c   Section        0  sysctrl.o(i.Sysctrl_SysClkSwitch)
    i.Sysctrl_XTHDriverCfg                   0x00001574   Section        0  sysctrl.o(i.Sysctrl_XTHDriverCfg)
    i.SystemCoreClockUpdate                  0x00001590   Section        0  system_hc32l07x.o(i.SystemCoreClockUpdate)
    i.SystemInit                             0x000015a0   Section        0  system_hc32l07x.o(i.SystemInit)
    i.TIM0_IRQHandler                        0x00001604   Section        0  interrupts_hc32l07x.o(i.TIM0_IRQHandler)
    i.TIM1_IRQHandler                        0x0000160c   Section        0  interrupts_hc32l07x.o(i.TIM1_IRQHandler)
    i.TIM2_IRQHandler                        0x00001614   Section        0  interrupts_hc32l07x.o(i.TIM2_IRQHandler)
    i.TIM3_IRQHandler                        0x0000161c   Section        0  interrupts_hc32l07x.o(i.TIM3_IRQHandler)
    i.TIM4_IRQHandler                        0x00001624   Section        0  interrupts_hc32l07x.o(i.TIM4_IRQHandler)
    i.TIM5_IRQHandler                        0x0000162c   Section        0  interrupts_hc32l07x.o(i.TIM5_IRQHandler)
    i.TIM6_IRQHandler                        0x00001634   Section        0  interrupts_hc32l07x.o(i.TIM6_IRQHandler)
    i.Tim3_ClearIntFlag                      0x0000163c   Section        0  timer3.o(i.Tim3_ClearIntFlag)
    i.Tim3_GetIntFlag                        0x00001650   Section        0  timer3.o(i.Tim3_GetIntFlag)
    i.Tim3_IRQHandler                        0x00001660   Section        0  system.o(i.Tim3_IRQHandler)
    i.Tim3_M0_ARRSet                         0x0000169c   Section        0  timer3.o(i.Tim3_M0_ARRSet)
    i.Tim3_M0_Cnt16Set                       0x000016b4   Section        0  timer3.o(i.Tim3_M0_Cnt16Set)
    i.Tim3_M0_Run                            0x000016cc   Section        0  timer3.o(i.Tim3_M0_Run)
    i.Tim3_Mode0_EnableIrq                   0x000016e0   Section        0  timer3.o(i.Tim3_Mode0_EnableIrq)
    i.Tim3_Mode0_Init                        0x000016f4   Section        0  timer3.o(i.Tim3_Mode0_Init)
    i.UART0_2_IRQHandler                     0x00001774   Section        0  interrupts_hc32l07x.o(i.UART0_2_IRQHandler)
    i.UART0_Iot_Init                         0x00001780   Section        0  system.o(i.UART0_Iot_Init)
    UART0_Iot_Init                           0x00001781   Thumb Code   172  system.o(i.UART0_Iot_Init)
    i.UART1_3_IRQHandler                     0x00001834   Section        0  interrupts_hc32l07x.o(i.UART1_3_IRQHandler)
    i.USBFS_IRQHandler                       0x00001840   Section        0  interrupts_hc32l07x.o(i.USBFS_IRQHandler)
    i.Uart0_IRQHandler                       0x00001848   Section        0  system.o(i.Uart0_IRQHandler)
    i.Uart0_Send_Iot                         0x0000187c   Section        0  system.o(i.Uart0_Send_Iot)
    i.Uart1_IRQHandler                       0x000018a4   Section        0  system.o(i.Uart1_IRQHandler)
    i.Uart_ClrStatus                         0x000018d8   Section        0  uart.o(i.Uart_ClrStatus)
    i.Uart_EnableFunc                        0x000018e6   Section        0  uart.o(i.Uart_EnableFunc)
    i.Uart_EnableIrq                         0x000018f4   Section        0  uart.o(i.Uart_EnableIrq)
    i.Uart_GetStatus                         0x00001902   Section        0  uart.o(i.Uart_GetStatus)
    i.Uart_Init                              0x0000190c   Section        0  uart.o(i.Uart_Init)
    i.Uart_ReceiveData                       0x00001980   Section        0  uart.o(i.Uart_ReceiveData)
    i.Uart_SendDataPoll                      0x00001986   Section        0  uart.o(i.Uart_SendDataPoll)
    i.VC0_1_2_LVD_IRQHandler                 0x000019ba   Section        0  interrupts_hc32l07x.o(i.VC0_1_2_LVD_IRQHandler)
    i.WDT_IRQHandler                         0x000019ce   Section        0  interrupts_hc32l07x.o(i.WDT_IRQHandler)
    i.Wdt_Feed                               0x000019d8   Section        0  wdt.o(i.Wdt_Feed)
    i.Wdt_Init                               0x000019e8   Section        0  wdt.o(i.Wdt_Init)
    i.Wdt_Start                              0x00001a0c   Section        0  wdt.o(i.Wdt_Start)
    i.Wdt_WriteWdtLoad                       0x00001a1c   Section        0  wdt.o(i.Wdt_WriteWdtLoad)
    i._SysctrlUnlock                         0x00001a34   Section        0  sysctrl.o(i._SysctrlUnlock)
    _SysctrlUnlock                           0x00001a35   Thumb Code    12  sysctrl.o(i._SysctrlUnlock)
    i.__0printf$8                            0x00001a4c   Section        0  printf8.o(i.__0printf$8)
    i.__ARM_common_switch8                   0x00001a6c   Section        0  system.o(i.__ARM_common_switch8)
    i.__scatterload_copy                     0x00001a86   Section       14  handlers.o(i.__scatterload_copy)
    i.__scatterload_null                     0x00001a94   Section        2  handlers.o(i.__scatterload_null)
    i.__scatterload_zeroinit                 0x00001a96   Section       14  handlers.o(i.__scatterload_zeroinit)
    i._printf_core                           0x00001aa4   Section        0  printf8.o(i._printf_core)
    _printf_core                             0x00001aa5   Thumb Code  1020  printf8.o(i._printf_core)
    i._printf_post_padding                   0x00001ecc   Section        0  printf8.o(i._printf_post_padding)
    _printf_post_padding                     0x00001ecd   Thumb Code    32  printf8.o(i._printf_post_padding)
    i._printf_pre_padding                    0x00001eec   Section        0  printf8.o(i._printf_pre_padding)
    _printf_pre_padding                      0x00001eed   Thumb Code    44  printf8.o(i._printf_pre_padding)
    i.ble_Package_CheckSum                   0x00001f18   Section        0  iot_protol.o(i.ble_Package_CheckSum)
    i.can_rx_dispitch                        0x00001f38   Section        0  system.o(i.can_rx_dispitch)
    i.can_rx_frame_in                        0x00001f5c   Section        0  system.o(i.can_rx_frame_in)
    can_rx_frame_in                          0x00001f5d   Thumb Code    44  system.o(i.can_rx_frame_in)
    i.can_rx_frame_out                       0x00001f8c   Section        0  system.o(i.can_rx_frame_out)
    can_rx_frame_out                         0x00001f8d   Thumb Code    44  system.o(i.can_rx_frame_out)
    i.ddl_memclr                             0x00001fbc   Section        0  ddl.o(i.ddl_memclr)
    i.delay100us                             0x00001fd0   Section        0  ddl.o(i.delay100us)
    i.delay10us                              0x00002020   Section        0  ddl.o(i.delay10us)
    i.delay1ms                               0x00002070   Section        0  ddl.o(i.delay1ms)
    i.delay_us                               0x000020bc   Section        0  system.o(i.delay_us)
    i.fputc                                  0x000020dc   Section        0  system.o(i.fputc)
    i.hmi_init                               0x000020f4   Section        0  system.o(i.hmi_init)
    i.main                                   0x0000218c   Section        0  main.o(i.main)
    i.simulation_uart_tx                     0x000021cc   Section        0  system.o(i.simulation_uart_tx)
    .constdata                               0x0000220c   Section       24  sysctrl.o(.constdata)
    .constdata                               0x00002224   Section        8  uart.o(.constdata)
    .constdata                               0x0000222c   Section       32  flash.o(.constdata)
    .data                                    0x20000000   Section        4  system_hc32l07x.o(.data)
    .data                                    0x20000004   Section       28  system.o(.data)
    state                                    0x20000004   Data           1  system.o(.data)
    count                                    0x20000005   Data           1  system.o(.data)
    u8RxData_0                               0x20000007   Data           1  system.o(.data)
    u8RxData_1                               0x20000008   Data           1  system.o(.data)
    week_flag                                0x20000009   Data           1  system.o(.data)
    power48v_adc_sum                         0x2000000c   Data           4  system.o(.data)
    bat_adc_sum                              0x20000010   Data           4  system.o(.data)
    bat_temp_adc_sum                         0x20000014   Data           4  system.o(.data)
    .data                                    0x20000020   Section       18  iot_protol.o(.data)
    cmd                                      0x20000020   Data           1  iot_protol.o(.data)
    step                                     0x20000021   Data           1  iot_protol.o(.data)
    check_sum                                0x20000022   Data           2  iot_protol.o(.data)
    rev_sum                                  0x20000024   Data           2  iot_protol.o(.data)
    len                                      0x20000026   Data           2  iot_protol.o(.data)
    i                                        0x20000028   Data           2  iot_protol.o(.data)
    .data                                    0x20000034   Section        4  stdout.o(.data)
    .bss                                     0x20000038   Section     4684  system.o(.bss)
    stcRxFrame                               0x20000038   Data          16  system.o(.bss)
    .bss                                     0x20001284   Section      144  fifo.o(.bss)
    .bss                                     0x20001314   Section      512  iot_protol.o(.bss)
    buf                                      0x20001414   Data         256  iot_protol.o(.bss)
    STACK                                    0x20001518   Section      512  startup_hc32l07x.o(STACK)

    Global Symbols

    Symbol Name                              Value     Ov Type        Size  Object(Section)

    BuildAttributes$$THM_ISAv3M$S$PE$A:L22$X:L11$S22$IEEE1$IW$USESV6$~STKCKD$USESV7$~SHL$OTIME$ROPI$EBA8$MICROLIB$REQ8$PRES8$EABIv2 0x00000000   Number         0  anon$$obj.o ABSOLUTE
    __ARM_use_no_argv                        0x00000000   Number         0  main.o ABSOLUTE
    __Vectors                                0x00000000   Data           0  startup_hc32l07x.o(RESET)
    _printf_a                                0x00000000   Number         0  stubs.o ABSOLUTE
    _printf_c                                0x00000000   Number         0  stubs.o ABSOLUTE
    _printf_charcount                        0x00000000   Number         0  stubs.o ABSOLUTE
    _printf_d                                0x00000000   Number         0  stubs.o ABSOLUTE
    _printf_e                                0x00000000   Number         0  stubs.o ABSOLUTE
    _printf_f                                0x00000000   Number         0  stubs.o ABSOLUTE
    _printf_flags                            0x00000000   Number         0  stubs.o ABSOLUTE
    _printf_fp_dec                           0x00000000   Number         0  stubs.o ABSOLUTE
    _printf_fp_hex                           0x00000000   Number         0  stubs.o ABSOLUTE
    _printf_g                                0x00000000   Number         0  stubs.o ABSOLUTE
    _printf_i                                0x00000000   Number         0  stubs.o ABSOLUTE
    _printf_int_dec                          0x00000000   Number         0  stubs.o ABSOLUTE
    _printf_l                                0x00000000   Number         0  stubs.o ABSOLUTE
    _printf_lc                               0x00000000   Number         0  stubs.o ABSOLUTE
    _printf_ll                               0x00000000   Number         0  stubs.o ABSOLUTE
    _printf_lld                              0x00000000   Number         0  stubs.o ABSOLUTE
    _printf_lli                              0x00000000   Number         0  stubs.o ABSOLUTE
    _printf_llo                              0x00000000   Number         0  stubs.o ABSOLUTE
    _printf_llu                              0x00000000   Number         0  stubs.o ABSOLUTE
    _printf_llx                              0x00000000   Number         0  stubs.o ABSOLUTE
    _printf_longlong_dec                     0x00000000   Number         0  stubs.o ABSOLUTE
    _printf_longlong_hex                     0x00000000   Number         0  stubs.o ABSOLUTE
    _printf_longlong_oct                     0x00000000   Number         0  stubs.o ABSOLUTE
    _printf_ls                               0x00000000   Number         0  stubs.o ABSOLUTE
    _printf_mbtowc                           0x00000000   Number         0  stubs.o ABSOLUTE
    _printf_n                                0x00000000   Number         0  stubs.o ABSOLUTE
    _printf_o                                0x00000000   Number         0  stubs.o ABSOLUTE
    _printf_p                                0x00000000   Number         0  stubs.o ABSOLUTE
    _printf_percent                          0x00000000   Number         0  stubs.o ABSOLUTE
    _printf_pre_padding                      0x00000000   Number         0  stubs.o ABSOLUTE
    _printf_return_value                     0x00000000   Number         0  stubs.o ABSOLUTE
    _printf_s                                0x00000000   Number         0  stubs.o ABSOLUTE
    _printf_sizespec                         0x00000000   Number         0  stubs.o ABSOLUTE
    _printf_str                              0x00000000   Number         0  stubs.o ABSOLUTE
    _printf_truncate_signed                  0x00000000   Number         0  stubs.o ABSOLUTE
    _printf_truncate_unsigned                0x00000000   Number         0  stubs.o ABSOLUTE
    _printf_u                                0x00000000   Number         0  stubs.o ABSOLUTE
    _printf_wc                               0x00000000   Number         0  stubs.o ABSOLUTE
    _printf_wctomb                           0x00000000   Number         0  stubs.o ABSOLUTE
    _printf_widthprec                        0x00000000   Number         0  stubs.o ABSOLUTE
    _printf_x                                0x00000000   Number         0  stubs.o ABSOLUTE
    Adc_IRQHandler                            - Undefined Weak Reference
    ClkTrim_IRQHandler                        - Undefined Weak Reference
    Cts_IRQHandler                            - Undefined Weak Reference
    Dac_IRQHandler                            - Undefined Weak Reference
    Dmac_IRQHandler                           - Undefined Weak Reference
    Flash_IRQHandler                          - Undefined Weak Reference
    I2c0_IRQHandler                           - Undefined Weak Reference
    I2c1_IRQHandler                           - Undefined Weak Reference
    I2s0_IRQHandler                           - Undefined Weak Reference
    I2s1_IRQHandler                           - Undefined Weak Reference
    Lcd_IRQHandler                            - Undefined Weak Reference
    LpTim0_IRQHandler                         - Undefined Weak Reference
    LpTim1_IRQHandler                         - Undefined Weak Reference
    LpUart0_IRQHandler                        - Undefined Weak Reference
    LpUart1_IRQHandler                        - Undefined Weak Reference
    Lvd_IRQHandler                            - Undefined Weak Reference
    Pca_IRQHandler                            - Undefined Weak Reference
    Pcnt_IRQHandler                           - Undefined Weak Reference
    PortC_IRQHandler                          - Undefined Weak Reference
    PortD_IRQHandler                          - Undefined Weak Reference
    PortE_IRQHandler                          - Undefined Weak Reference
    PortF_IRQHandler                          - Undefined Weak Reference
    Ram_IRQHandler                            - Undefined Weak Reference
    Spi0_IRQHandler                           - Undefined Weak Reference
    Spi1_IRQHandler                           - Undefined Weak Reference
    Tim0_IRQHandler                           - Undefined Weak Reference
    Tim1_IRQHandler                           - Undefined Weak Reference
    Tim2_IRQHandler                           - Undefined Weak Reference
    Tim4_IRQHandler                           - Undefined Weak Reference
    Tim5_IRQHandler                           - Undefined Weak Reference
    Tim6_IRQHandler                           - Undefined Weak Reference
    Uart2_IRQHandler                          - Undefined Weak Reference
    Uart3_IRQHandler                          - Undefined Weak Reference
    Usbfs_IRQHandler                          - Undefined Weak Reference
    Vc0_IRQHandler                            - Undefined Weak Reference
    Vc1_IRQHandler                            - Undefined Weak Reference
    Vc2_IRQHandler                            - Undefined Weak Reference
    Wdt_IRQHandler                            - Undefined Weak Reference
    __cpp_initialize__aeabi_                  - Undefined Weak Reference
    __cxa_finalize                            - Undefined Weak Reference
    __decompress                              - Undefined Weak Reference
    _clock_init                               - Undefined Weak Reference
    _microlib_exit                            - Undefined Weak Reference
    __Vectors_End                            0x000000c0   Data           0  startup_hc32l07x.o(RESET)
    __Vectors_Size                           0x000000c0   Number         0  startup_hc32l07x.o ABSOLUTE
    __main                                   0x000000c1   Thumb Code     0  entry.o(.ARM.Collect$$$$00000000)
    _main_stk                                0x000000c1   Thumb Code     0  entry2.o(.ARM.Collect$$$$00000001)
    _main_scatterload                        0x000000c5   Thumb Code     0  entry5.o(.ARM.Collect$$$$00000004)
    __main_after_scatterload                 0x000000c9   Thumb Code     0  entry5.o(.ARM.Collect$$$$00000004)
    _main_clock                              0x000000c9   Thumb Code     0  entry7b.o(.ARM.Collect$$$$00000008)
    _main_cpp_init                           0x000000c9   Thumb Code     0  entry8b.o(.ARM.Collect$$$$0000000A)
    _main_init                               0x000000c9   Thumb Code     0  entry9a.o(.ARM.Collect$$$$0000000B)
    __rt_final_cpp                           0x000000d1   Thumb Code     0  entry10a.o(.ARM.Collect$$$$0000000D)
    __rt_final_exit                          0x000000d1   Thumb Code     0  entry11a.o(.ARM.Collect$$$$0000000F)
    Reset_Handler                            0x000000d5   Thumb Code    26  startup_hc32l07x.o(.text)
    NMI_Handler                              0x000000ef   Thumb Code     2  startup_hc32l07x.o(.text)
    SVC_Handler                              0x000000f3   Thumb Code     2  startup_hc32l07x.o(.text)
    PendSV_Handler                           0x000000f5   Thumb Code     2  startup_hc32l07x.o(.text)
    __aeabi_uidiv                            0x00000111   Thumb Code     0  uidiv.o(.text)
    __aeabi_uidivmod                         0x00000111   Thumb Code    44  uidiv.o(.text)
    __aeabi_memcpy                           0x0000013d   Thumb Code    36  memcpya.o(.text)
    __aeabi_memcpy4                          0x0000013d   Thumb Code     0  memcpya.o(.text)
    __aeabi_memcpy8                          0x0000013d   Thumb Code     0  memcpya.o(.text)
    __aeabi_memset                           0x00000161   Thumb Code    14  memseta.o(.text)
    __aeabi_memset4                          0x00000161   Thumb Code     0  memseta.o(.text)
    __aeabi_memset8                          0x00000161   Thumb Code     0  memseta.o(.text)
    __aeabi_memclr                           0x0000016f   Thumb Code     4  memseta.o(.text)
    __aeabi_memclr4                          0x0000016f   Thumb Code     0  memseta.o(.text)
    __aeabi_memclr8                          0x0000016f   Thumb Code     0  memseta.o(.text)
    _memset$wrapper                          0x00000173   Thumb Code    18  memseta.o(.text)
    strstr                                   0x00000185   Thumb Code    40  strstr.o(.text)
    strlen                                   0x000001ad   Thumb Code    14  strlen.o(.text)
    __aeabi_fadd                             0x000001bb   Thumb Code   162  fadd.o(.text)
    __aeabi_fsub                             0x0000025d   Thumb Code     8  fadd.o(.text)
    __aeabi_frsub                            0x00000265   Thumb Code     8  fadd.o(.text)
    __aeabi_fdiv                             0x0000026d   Thumb Code   124  fdiv.o(.text)
    __aeabi_ui2f                             0x000002e9   Thumb Code    14  ffltui.o(.text)
    __aeabi_f2uiz                            0x000002f7   Thumb Code    40  ffixui.o(.text)
    __aeabi_uldivmod                         0x0000031f   Thumb Code    96  uldiv.o(.text)
    __I$use$fp                               0x0000037f   Thumb Code     0  iusefp.o(.text)
    _float_round                             0x0000037f   Thumb Code    16  fepilogue.o(.text)
    _float_epilogue                          0x0000038f   Thumb Code   114  fepilogue.o(.text)
    __scatterload                            0x00000401   Thumb Code    28  init.o(.text)
    __scatterload_rt2                        0x00000401   Thumb Code     0  init.o(.text)
    __aeabi_llsl                             0x00000425   Thumb Code    32  llshl.o(.text)
    _ll_shift_l                              0x00000425   Thumb Code     0  llshl.o(.text)
    __aeabi_llsr                             0x00000445   Thumb Code    34  llushr.o(.text)
    _ll_ushift_r                             0x00000445   Thumb Code     0  llushr.o(.text)
    main                                     0x00000467   Thumb Code    14  system_hc32l07x.o(i.$Sub$$main)
    ADC_DAC_IRQHandler                       0x00000475   Thumb Code    12  interrupts_hc32l07x.o(i.ADC_DAC_IRQHandler)
    App_SystemClkInit_PLL48M_byXTH           0x00000571   Thumb Code    88  system.o(i.App_SystemClkInit_PLL48M_byXTH)
    App_Timer3Cfg                            0x000005c9   Thumb Code    86  system.o(i.App_Timer3Cfg)
    CAN_FilterConfig                         0x00000621   Thumb Code   128  can.o(i.CAN_FilterConfig)
    CAN_IRQHandler                           0x000006a5   Thumb Code     8  interrupts_hc32l07x.o(i.CAN_IRQHandler)
    CAN_Init                                 0x000006ad   Thumb Code   176  can.o(i.CAN_Init)
    CAN_IrqCmd                               0x00000761   Thumb Code    18  can.o(i.CAN_IrqCmd)
    CAN_IrqFlgClr                            0x00000779   Thumb Code    14  can.o(i.CAN_IrqFlgClr)
    CAN_IrqFlgGet                            0x00000791   Thumb Code    16  can.o(i.CAN_IrqFlgGet)
    CAN_ModeConfig                           0x000007a5   Thumb Code    52  can.o(i.CAN_ModeConfig)
    CAN_Rec_Prase                            0x000007dd   Thumb Code    70  iot_protol.o(i.CAN_Rec_Prase)
    CAN_Receive                              0x0000082d   Thumb Code    32  can.o(i.CAN_Receive)
    CAN_SetFrame                             0x00000851   Thumb Code    52  can.o(i.CAN_SetFrame)
    CAN_StatusGet                            0x00000889   Thumb Code    16  can.o(i.CAN_StatusGet)
    CAN_TransmitCmd                          0x0000089d   Thumb Code    10  can.o(i.CAN_TransmitCmd)
    CLKTRIM_CTS_IRQHandler                   0x000008ad   Thumb Code    12  interrupts_hc32l07x.o(i.CLKTRIM_CTS_IRQHandler)
    Can_IRQHandler                           0x000008b9   Thumb Code    68  system.o(i.Can_IRQHandler)
    DDL_ConsoleOutputChar                    0x00000905   Thumb Code    10  system.o(i.DDL_ConsoleOutputChar)
    DMAC_IRQHandler                          0x0000090f   Thumb Code     8  interrupts_hc32l07x.o(i.DMAC_IRQHandler)
    EnableNvic                               0x00000919   Thumb Code    88  interrupts_hc32l07x.o(i.EnableNvic)
    FIFO_Clean_Buf                           0x00000981   Thumb Code    18  fifo.o(i.FIFO_Clean_Buf)
    FIFO_Init                                0x00000999   Thumb Code    22  fifo.o(i.FIFO_Init)
    FIFO_Rece_Buf                            0x000009b5   Thumb Code    78  fifo.o(i.FIFO_Rece_Buf)
    FIFO_Size_Check                          0x00000a09   Thumb Code    56  fifo.o(i.FIFO_Size_Check)
    FIFO_Valid_Size                          0x00000a45   Thumb Code    12  fifo.o(i.FIFO_Valid_Size)
    FIFO_Write_OneByte                       0x00000a55   Thumb Code    56  fifo.o(i.FIFO_Write_OneByte)
    FLASH_RAM_IRQHandler                     0x00000a91   Thumb Code    12  interrupts_hc32l07x.o(i.FLASH_RAM_IRQHandler)
    Flash_Init                               0x00000a9d   Thumb Code   150  flash.o(i.Flash_Init)
    Flash_WaitCycle                          0x00000b45   Thumb Code    32  flash.o(i.Flash_WaitCycle)
    GetBit                                   0x00000b71   Thumb Code    10  ddl.o(i.GetBit)
    Gpio_ClearIrq                            0x00000b7d   Thumb Code    16  gpio.o(i.Gpio_ClearIrq)
    Gpio_ClrIO                               0x00000b91   Thumb Code    16  gpio.o(i.Gpio_ClrIO)
    Gpio_GetIrqStatus                        0x00000ba5   Thumb Code    12  gpio.o(i.Gpio_GetIrqStatus)
    Gpio_Init                                0x00000bb5   Thumb Code   138  gpio.o(i.Gpio_Init)
    Gpio_SetAfMode                           0x00000c4d   Thumb Code    14  gpio.o(i.Gpio_SetAfMode)
    Gpio_SetIO                               0x00000c61   Thumb Code    16  gpio.o(i.Gpio_SetIO)
    HardFault_Handler                        0x00000c75   Thumb Code    12  interrupts_hc32l07x.o(i.HardFault_Handler)
    I2C0_IRQHandler                          0x00000c81   Thumb Code     8  interrupts_hc32l07x.o(i.I2C0_IRQHandler)
    I2C1_IRQHandler                          0x00000c89   Thumb Code     8  interrupts_hc32l07x.o(i.I2C1_IRQHandler)
    IOT_Rec_Parse                            0x00000c91   Thumb Code   262  iot_protol.o(i.IOT_Rec_Parse)
    IOT_rcv_data_handler                     0x00000dd9   Thumb Code    96  iot_protol.o(i.IOT_rcv_data_handler)
    Iot_Can_Send                             0x00000e45   Thumb Code    52  system.o(i.Iot_Can_Send)
    LCD_IRQHandler                           0x00000e79   Thumb Code     8  interrupts_hc32l07x.o(i.LCD_IRQHandler)
    LPTIM0_1_IRQHandler                      0x00000e81   Thumb Code    12  interrupts_hc32l07x.o(i.LPTIM0_1_IRQHandler)
    LPUART0_IRQHandler                       0x00000e8d   Thumb Code     8  interrupts_hc32l07x.o(i.LPUART0_IRQHandler)
    LPUART1_IRQHandler                       0x00000e95   Thumb Code     8  interrupts_hc32l07x.o(i.LPUART1_IRQHandler)
    PCA_IRQHandler                           0x00000e9d   Thumb Code     8  interrupts_hc32l07x.o(i.PCA_IRQHandler)
    PCNT_IRQHandler                          0x00000ea5   Thumb Code     8  interrupts_hc32l07x.o(i.PCNT_IRQHandler)
    PORTA_IRQHandler                         0x00000ead   Thumb Code     8  interrupts_hc32l07x.o(i.PORTA_IRQHandler)
    PORTB_IRQHandler                         0x00000eb5   Thumb Code     8  interrupts_hc32l07x.o(i.PORTB_IRQHandler)
    PORTC_E_IRQHandler                       0x00000ebd   Thumb Code    12  interrupts_hc32l07x.o(i.PORTC_E_IRQHandler)
    PORTD_F_IRQHandler                       0x00000ec9   Thumb Code    12  interrupts_hc32l07x.o(i.PORTD_F_IRQHandler)
    PortA_IRQHandler                         0x00000ed5   Thumb Code    64  system.o(i.PortA_IRQHandler)
    PortB_IRQHandler                         0x00000f15   Thumb Code    24  system.o(i.PortB_IRQHandler)
    RTC_IRQHandler                           0x00000f2d   Thumb Code     8  interrupts_hc32l07x.o(i.RTC_IRQHandler)
    Rtc_ClearAlmfItStatus                    0x00000f35   Thumb Code    14  rtc.o(i.Rtc_ClearAlmfItStatus)
    Rtc_ClearPrdfItStatus                    0x00000f49   Thumb Code    14  rtc.o(i.Rtc_ClearPrdfItStatus)
    Rtc_GetAlmfItStatus                      0x00000f5d   Thumb Code    12  rtc.o(i.Rtc_GetAlmfItStatus)
    Rtc_GetPridItStatus                      0x00000f6d   Thumb Code    12  rtc.o(i.Rtc_GetPridItStatus)
    Rtc_IRQHandler                           0x00000f7d   Thumb Code    36  system.o(i.Rtc_IRQHandler)
    SPI0_I2S0_IRQHandler                     0x00000fa5   Thumb Code    12  interrupts_hc32l07x.o(i.SPI0_I2S0_IRQHandler)
    SPI1_I2S1_IRQHandler                     0x00000fb1   Thumb Code    12  interrupts_hc32l07x.o(i.SPI1_I2S1_IRQHandler)
    SetBit                                   0x00000fbd   Thumb Code    20  ddl.o(i.SetBit)
    SysTick_Handler                          0x00000fd1   Thumb Code     8  interrupts_hc32l07x.o(i.SysTick_Handler)
    SysTick_IRQHandler                       0x00000fd9   Thumb Code     2  system.o(i.SysTick_IRQHandler)
    Sys_Init                                 0x00000fdd   Thumb Code   224  system.o(i.Sys_Init)
    Sysctrl_ClkSourceEnable                  0x0000115d   Thumb Code   268  sysctrl.o(i.Sysctrl_ClkSourceEnable)
    Sysctrl_GetHClkFreq                      0x00001279   Thumb Code   298  sysctrl.o(i.Sysctrl_GetHClkFreq)
    Sysctrl_GetPClkFreq                      0x000013b5   Thumb Code    18  sysctrl.o(i.Sysctrl_GetPClkFreq)
    Sysctrl_SetHCLKDiv                       0x000013cd   Thumb Code    30  sysctrl.o(i.Sysctrl_SetHCLKDiv)
    Sysctrl_SetPCLKDiv                       0x000013f1   Thumb Code    30  sysctrl.o(i.Sysctrl_SetPCLKDiv)
    Sysctrl_SetPLLFreq                       0x00001415   Thumb Code   204  sysctrl.o(i.Sysctrl_SetPLLFreq)
    Sysctrl_SetPeripheralGate                0x000014f1   Thumb Code    30  sysctrl.o(i.Sysctrl_SetPeripheralGate)
    Sysctrl_SetXTHFreq                       0x00001515   Thumb Code    24  sysctrl.o(i.Sysctrl_SetXTHFreq)
    Sysctrl_SetXTHStableTime                 0x00001531   Thumb Code    24  sysctrl.o(i.Sysctrl_SetXTHStableTime)
    Sysctrl_SysClkSwitch                     0x0000154d   Thumb Code    34  sysctrl.o(i.Sysctrl_SysClkSwitch)
    Sysctrl_XTHDriverCfg                     0x00001575   Thumb Code    22  sysctrl.o(i.Sysctrl_XTHDriverCfg)
    SystemCoreClockUpdate                    0x00001591   Thumb Code    12  system_hc32l07x.o(i.SystemCoreClockUpdate)
    SystemInit                               0x000015a1   Thumb Code    84  system_hc32l07x.o(i.SystemInit)
    TIM0_IRQHandler                          0x00001605   Thumb Code     8  interrupts_hc32l07x.o(i.TIM0_IRQHandler)
    TIM1_IRQHandler                          0x0000160d   Thumb Code     8  interrupts_hc32l07x.o(i.TIM1_IRQHandler)
    TIM2_IRQHandler                          0x00001615   Thumb Code     8  interrupts_hc32l07x.o(i.TIM2_IRQHandler)
    TIM3_IRQHandler                          0x0000161d   Thumb Code     8  interrupts_hc32l07x.o(i.TIM3_IRQHandler)
    TIM4_IRQHandler                          0x00001625   Thumb Code     8  interrupts_hc32l07x.o(i.TIM4_IRQHandler)
    TIM5_IRQHandler                          0x0000162d   Thumb Code     8  interrupts_hc32l07x.o(i.TIM5_IRQHandler)
    TIM6_IRQHandler                          0x00001635   Thumb Code     8  interrupts_hc32l07x.o(i.TIM6_IRQHandler)
    Tim3_ClearIntFlag                        0x0000163d   Thumb Code    16  timer3.o(i.Tim3_ClearIntFlag)
    Tim3_GetIntFlag                          0x00001651   Thumb Code    12  timer3.o(i.Tim3_GetIntFlag)
    Tim3_IRQHandler                          0x00001661   Thumb Code    52  system.o(i.Tim3_IRQHandler)
    Tim3_M0_ARRSet                           0x0000169d   Thumb Code    18  timer3.o(i.Tim3_M0_ARRSet)
    Tim3_M0_Cnt16Set                         0x000016b5   Thumb Code    18  timer3.o(i.Tim3_M0_Cnt16Set)
    Tim3_M0_Run                              0x000016cd   Thumb Code    14  timer3.o(i.Tim3_M0_Run)
    Tim3_Mode0_EnableIrq                     0x000016e1   Thumb Code    14  timer3.o(i.Tim3_Mode0_EnableIrq)
    Tim3_Mode0_Init                          0x000016f5   Thumb Code   124  timer3.o(i.Tim3_Mode0_Init)
    UART0_2_IRQHandler                       0x00001775   Thumb Code    12  interrupts_hc32l07x.o(i.UART0_2_IRQHandler)
    UART1_3_IRQHandler                       0x00001835   Thumb Code    12  interrupts_hc32l07x.o(i.UART1_3_IRQHandler)
    USBFS_IRQHandler                         0x00001841   Thumb Code     8  interrupts_hc32l07x.o(i.USBFS_IRQHandler)
    Uart0_IRQHandler                         0x00001849   Thumb Code    46  system.o(i.Uart0_IRQHandler)
    Uart0_Send_Iot                           0x0000187d   Thumb Code    38  system.o(i.Uart0_Send_Iot)
    Uart1_IRQHandler                         0x000018a5   Thumb Code    44  system.o(i.Uart1_IRQHandler)
    Uart_ClrStatus                           0x000018d9   Thumb Code    14  uart.o(i.Uart_ClrStatus)
    Uart_EnableFunc                          0x000018e7   Thumb Code    14  uart.o(i.Uart_EnableFunc)
    Uart_EnableIrq                           0x000018f5   Thumb Code    14  uart.o(i.Uart_EnableIrq)
    Uart_GetStatus                           0x00001903   Thumb Code    10  uart.o(i.Uart_GetStatus)
    Uart_Init                                0x0000190d   Thumb Code   112  uart.o(i.Uart_Init)
    Uart_ReceiveData                         0x00001981   Thumb Code     6  uart.o(i.Uart_ReceiveData)
    Uart_SendDataPoll                        0x00001987   Thumb Code    52  uart.o(i.Uart_SendDataPoll)
    VC0_1_2_LVD_IRQHandler                   0x000019bb   Thumb Code    20  interrupts_hc32l07x.o(i.VC0_1_2_LVD_IRQHandler)
    WDT_IRQHandler                           0x000019cf   Thumb Code     8  interrupts_hc32l07x.o(i.WDT_IRQHandler)
    Wdt_Feed                                 0x000019d9   Thumb Code    12  wdt.o(i.Wdt_Feed)
    Wdt_Init                                 0x000019e9   Thumb Code    30  wdt.o(i.Wdt_Init)
    Wdt_Start                                0x00001a0d   Thumb Code    12  wdt.o(i.Wdt_Start)
    Wdt_WriteWdtLoad                         0x00001a1d   Thumb Code    18  wdt.o(i.Wdt_WriteWdtLoad)
    __0printf$8                              0x00001a4d   Thumb Code    24  printf8.o(i.__0printf$8)
    __1printf$8                              0x00001a4d   Thumb Code     0  printf8.o(i.__0printf$8)
    __2printf                                0x00001a4d   Thumb Code     0  printf8.o(i.__0printf$8)
    __ARM_common_switch8                     0x00001a6d   Thumb Code    26  system.o(i.__ARM_common_switch8)
    __scatterload_copy                       0x00001a87   Thumb Code    14  handlers.o(i.__scatterload_copy)
    __scatterload_null                       0x00001a95   Thumb Code     2  handlers.o(i.__scatterload_null)
    __scatterload_zeroinit                   0x00001a97   Thumb Code    14  handlers.o(i.__scatterload_zeroinit)
    ble_Package_CheckSum                     0x00001f19   Thumb Code    28  iot_protol.o(i.ble_Package_CheckSum)
    can_rx_dispitch                          0x00001f39   Thumb Code    30  system.o(i.can_rx_dispitch)
    ddl_memclr                               0x00001fbd   Thumb Code    18  ddl.o(i.ddl_memclr)
    delay100us                               0x00001fd1   Thumb Code    62  ddl.o(i.delay100us)
    delay10us                                0x00002021   Thumb Code    62  ddl.o(i.delay10us)
    delay1ms                                 0x00002071   Thumb Code    64  ddl.o(i.delay1ms)
    delay_us                                 0x000020bd   Thumb Code    32  system.o(i.delay_us)
    fputc                                    0x000020dd   Thumb Code    24  system.o(i.fputc)
    hmi_init                                 0x000020f5   Thumb Code   102  system.o(i.hmi_init)
    $Super$$main                             0x0000218d   Thumb Code    38  main.o(i.main)
    simulation_uart_tx                       0x000021cd   Thumb Code    62  system.o(i.simulation_uart_tx)
    pu32PcgTimer4M                           0x0000222c   Data          32  flash.o(.constdata)
    Region$$Table$$Base                      0x0000224c   Number         0  anon$$obj.o(Region$$Table)
    Region$$Table$$Limit                     0x0000226c   Number         0  anon$$obj.o(Region$$Table)
    SystemCoreClock                          0x20000000   Data           4  system_hc32l07x.o(.data)
    g_cat1_state                             0x20000006   Data           1  system.o(.data)
    cur_tick                                 0x20000018   Data           4  system.o(.data)
    jump2app                                 0x2000001c   Data           4  system.o(.data)
    can_ota                                  0x2000002a   Data           8  iot_protol.o(.data)
    __stdout                                 0x20000034   Data           4  stdout.o(.data)
    sys_time                                 0x20000048   Data          36  system.o(.bss)
    can_rx_frame                             0x2000006c   Data          24  system.o(.bss)
    rx_buff                                  0x20000084   Data         512  system.o(.bss)
    can_ota_buf                              0x20000284   Data        4096  system.o(.bss)
    RxFIFO                                   0x20001284   Data         144  fifo.o(.bss)
    buf                                      0x20001314   Data         256  iot_protol.o(.bss)
    __initial_sp                             0x20001718   Data           0  startup_hc32l07x.o(STACK)



==============================================================================

Memory Map of the image

  Image Entry point : 0x000000c1

  Load Region LR_IROM1 (Base: 0x00000000, Size: 0x000022a4, Max: 0x00008000, ABSOLUTE)

    Execution Region ER_IROM1 (Base: 0x00000000, Size: 0x0000226c, Max: 0x00008000, ABSOLUTE)

    Base Addr    Size         Type   Attr      Idx    E Section Name        Object

    0x00000000   0x000000c0   Data   RO            3    RESET               startup_hc32l07x.o
    0x000000c0   0x00000000   Code   RO         2559  * .ARM.Collect$$$$00000000  mc_p.l(entry.o)
    0x000000c0   0x00000004   Code   RO         2850    .ARM.Collect$$$$00000001  mc_p.l(entry2.o)
    0x000000c4   0x00000004   Code   RO         2853    .ARM.Collect$$$$00000004  mc_p.l(entry5.o)
    0x000000c8   0x00000000   Code   RO         2855    .ARM.Collect$$$$00000008  mc_p.l(entry7b.o)
    0x000000c8   0x00000000   Code   RO         2857    .ARM.Collect$$$$0000000A  mc_p.l(entry8b.o)
    0x000000c8   0x00000008   Code   RO         2858    .ARM.Collect$$$$0000000B  mc_p.l(entry9a.o)
    0x000000d0   0x00000000   Code   RO         2860    .ARM.Collect$$$$0000000D  mc_p.l(entry10a.o)
    0x000000d0   0x00000000   Code   RO         2862    .ARM.Collect$$$$0000000F  mc_p.l(entry11a.o)
    0x000000d0   0x00000004   Code   RO         2851    .ARM.Collect$$$$00002712  mc_p.l(entry2.o)
    0x000000d4   0x0000003c   Code   RO            4    .text               startup_hc32l07x.o
    0x00000110   0x0000002c   Code   RO         2562    .text               mc_p.l(uidiv.o)
    0x0000013c   0x00000024   Code   RO         2571    .text               mc_p.l(memcpya.o)
    0x00000160   0x00000024   Code   RO         2573    .text               mc_p.l(memseta.o)
    0x00000184   0x00000028   Code   RO         2575    .text               mc_p.l(strstr.o)
    0x000001ac   0x0000000e   Code   RO         2577    .text               mc_p.l(strlen.o)
    0x000001ba   0x000000b2   Code   RO         2842    .text               mf_p.l(fadd.o)
    0x0000026c   0x0000007c   Code   RO         2844    .text               mf_p.l(fdiv.o)
    0x000002e8   0x0000000e   Code   RO         2846    .text               mf_p.l(ffltui.o)
    0x000002f6   0x00000028   Code   RO         2848    .text               mf_p.l(ffixui.o)
    0x0000031e   0x00000060   Code   RO         2867    .text               mc_p.l(uldiv.o)
    0x0000037e   0x00000000   Code   RO         2875    .text               mc_p.l(iusefp.o)
    0x0000037e   0x00000082   Code   RO         2876    .text               mf_p.l(fepilogue.o)
    0x00000400   0x00000024   Code   RO         2888    .text               mc_p.l(init.o)
    0x00000424   0x00000020   Code   RO         2890    .text               mc_p.l(llshl.o)
    0x00000444   0x00000022   Code   RO         2892    .text               mc_p.l(llushr.o)
    0x00000466   0x0000000e   Code   RO          290    i.$Sub$$main        system_hc32l07x.o
    0x00000474   0x0000000c   Code   RO           12    i.ADC_DAC_IRQHandler  interrupts_hc32l07x.o
    0x00000480   0x000000f0   Code   RO          402    i.App_Can_init      system.o
    0x00000570   0x00000058   Code   RO          406    i.App_SystemClkInit_PLL48M_byXTH  system.o
    0x000005c8   0x00000056   Code   RO          407    i.App_Timer3Cfg     system.o
    0x0000061e   0x00000002   PAD
    0x00000620   0x00000084   Code   RO         1278    i.CAN_FilterConfig  can.o
    0x000006a4   0x00000008   Code   RO           13    i.CAN_IRQHandler    interrupts_hc32l07x.o
    0x000006ac   0x000000b4   Code   RO         1279    i.CAN_Init          can.o
    0x00000760   0x00000018   Code   RO         1280    i.CAN_IrqCmd        can.o
    0x00000778   0x00000018   Code   RO         1281    i.CAN_IrqFlgClr     can.o
    0x00000790   0x00000014   Code   RO         1282    i.CAN_IrqFlgGet     can.o
    0x000007a4   0x00000038   Code   RO         1283    i.CAN_ModeConfig    can.o
    0x000007dc   0x00000050   Code   RO          797    i.CAN_Rec_Prase     iot_protol.o
    0x0000082c   0x00000024   Code   RO         1284    i.CAN_Receive       can.o
    0x00000850   0x00000038   Code   RO         1287    i.CAN_SetFrame      can.o
    0x00000888   0x00000014   Code   RO         1288    i.CAN_StatusGet     can.o
    0x0000089c   0x00000010   Code   RO         1289    i.CAN_TransmitCmd   can.o
    0x000008ac   0x0000000c   Code   RO           14    i.CLKTRIM_CTS_IRQHandler  interrupts_hc32l07x.o
    0x000008b8   0x0000004c   Code   RO          409    i.Can_IRQHandler    system.o
    0x00000904   0x0000000a   Code   RO          410    i.DDL_ConsoleOutputChar  system.o
    0x0000090e   0x00000008   Code   RO           15    i.DMAC_IRQHandler   interrupts_hc32l07x.o
    0x00000916   0x00000002   PAD
    0x00000918   0x00000068   Code   RO           16    i.EnableNvic        interrupts_hc32l07x.o
    0x00000980   0x00000018   Code   RO          714    i.FIFO_Clean_Buf    fifo.o
    0x00000998   0x0000001c   Code   RO          719    i.FIFO_Init         fifo.o
    0x000009b4   0x00000054   Code   RO          720    i.FIFO_Rece_Buf     fifo.o
    0x00000a08   0x0000003c   Code   RO          722    i.FIFO_Size_Check   fifo.o
    0x00000a44   0x00000010   Code   RO          723    i.FIFO_Valid_Size   fifo.o
    0x00000a54   0x0000003c   Code   RO          725    i.FIFO_Write_OneByte  fifo.o
    0x00000a90   0x0000000c   Code   RO           17    i.FLASH_RAM_IRQHandler  interrupts_hc32l07x.o
    0x00000a9c   0x000000a8   Code   RO         1741    i.Flash_Init        flash.o
    0x00000b44   0x0000002c   Code   RO         1746    i.Flash_WaitCycle   flash.o
    0x00000b70   0x0000000a   Code   RO          893    i.GetBit            ddl.o
    0x00000b7a   0x00000002   PAD
    0x00000b7c   0x00000014   Code   RO         1105    i.Gpio_ClearIrq     gpio.o
    0x00000b90   0x00000014   Code   RO         1106    i.Gpio_ClrIO        gpio.o
    0x00000ba4   0x00000010   Code   RO         1112    i.Gpio_GetIrqStatus  gpio.o
    0x00000bb4   0x00000098   Code   RO         1113    i.Gpio_Init         gpio.o
    0x00000c4c   0x00000014   Code   RO         1115    i.Gpio_SetAfMode    gpio.o
    0x00000c60   0x00000014   Code   RO         1118    i.Gpio_SetIO        gpio.o
    0x00000c74   0x0000000c   Code   RO           18    i.HardFault_Handler  interrupts_hc32l07x.o
    0x00000c80   0x00000008   Code   RO           19    i.I2C0_IRQHandler   interrupts_hc32l07x.o
    0x00000c88   0x00000008   Code   RO           20    i.I2C1_IRQHandler   interrupts_hc32l07x.o
    0x00000c90   0x00000148   Code   RO          799    i.IOT_Rec_Parse     iot_protol.o
    0x00000dd8   0x0000006c   Code   RO          801    i.IOT_rcv_data_handler  iot_protol.o
    0x00000e44   0x00000034   Code   RO          412    i.Iot_Can_Send      system.o
    0x00000e78   0x00000008   Code   RO           21    i.LCD_IRQHandler    interrupts_hc32l07x.o
    0x00000e80   0x0000000c   Code   RO           22    i.LPTIM0_1_IRQHandler  interrupts_hc32l07x.o
    0x00000e8c   0x00000008   Code   RO           23    i.LPUART0_IRQHandler  interrupts_hc32l07x.o
    0x00000e94   0x00000008   Code   RO           24    i.LPUART1_IRQHandler  interrupts_hc32l07x.o
    0x00000e9c   0x00000008   Code   RO           25    i.PCA_IRQHandler    interrupts_hc32l07x.o
    0x00000ea4   0x00000008   Code   RO           26    i.PCNT_IRQHandler   interrupts_hc32l07x.o
    0x00000eac   0x00000008   Code   RO           27    i.PORTA_IRQHandler  interrupts_hc32l07x.o
    0x00000eb4   0x00000008   Code   RO           28    i.PORTB_IRQHandler  interrupts_hc32l07x.o
    0x00000ebc   0x0000000c   Code   RO           29    i.PORTC_E_IRQHandler  interrupts_hc32l07x.o
    0x00000ec8   0x0000000c   Code   RO           30    i.PORTD_F_IRQHandler  interrupts_hc32l07x.o
    0x00000ed4   0x00000040   Code   RO          413    i.PortA_IRQHandler  system.o
    0x00000f14   0x00000018   Code   RO          414    i.PortB_IRQHandler  system.o
    0x00000f2c   0x00000008   Code   RO           31    i.RTC_IRQHandler    interrupts_hc32l07x.o
    0x00000f34   0x00000014   Code   RO         1585    i.Rtc_ClearAlmfItStatus  rtc.o
    0x00000f48   0x00000014   Code   RO         1586    i.Rtc_ClearPrdfItStatus  rtc.o
    0x00000f5c   0x00000010   Code   RO         1590    i.Rtc_GetAlmfItStatus  rtc.o
    0x00000f6c   0x00000010   Code   RO         1591    i.Rtc_GetPridItStatus  rtc.o
    0x00000f7c   0x00000028   Code   RO          415    i.Rtc_IRQHandler    system.o
    0x00000fa4   0x0000000c   Code   RO           32    i.SPI0_I2S0_IRQHandler  interrupts_hc32l07x.o
    0x00000fb0   0x0000000c   Code   RO           33    i.SPI1_I2S1_IRQHandler  interrupts_hc32l07x.o
    0x00000fbc   0x00000014   Code   RO          895    i.SetBit            ddl.o
    0x00000fd0   0x00000008   Code   RO           34    i.SysTick_Handler   interrupts_hc32l07x.o
    0x00000fd8   0x00000002   Code   RO          416    i.SysTick_IRQHandler  system.o
    0x00000fda   0x00000002   PAD
    0x00000fdc   0x00000180   Code   RO          418    i.Sys_Init          system.o
    0x0000115c   0x0000011c   Code   RO          951    i.Sysctrl_ClkSourceEnable  sysctrl.o
    0x00001278   0x0000013c   Code   RO          952    i.Sysctrl_GetHClkFreq  sysctrl.o
    0x000013b4   0x00000018   Code   RO          953    i.Sysctrl_GetPClkFreq  sysctrl.o
    0x000013cc   0x00000024   Code   RO          956    i.Sysctrl_SetHCLKDiv  sysctrl.o
    0x000013f0   0x00000024   Code   RO          957    i.Sysctrl_SetPCLKDiv  sysctrl.o
    0x00001414   0x000000dc   Code   RO          958    i.Sysctrl_SetPLLFreq  sysctrl.o
    0x000014f0   0x00000024   Code   RO          960    i.Sysctrl_SetPeripheralGate  sysctrl.o
    0x00001514   0x0000001c   Code   RO          965    i.Sysctrl_SetXTHFreq  sysctrl.o
    0x00001530   0x0000001c   Code   RO          966    i.Sysctrl_SetXTHStableTime  sysctrl.o
    0x0000154c   0x00000028   Code   RO          968    i.Sysctrl_SysClkSwitch  sysctrl.o
    0x00001574   0x0000001c   Code   RO          971    i.Sysctrl_XTHDriverCfg  sysctrl.o
    0x00001590   0x00000010   Code   RO          291    i.SystemCoreClockUpdate  system_hc32l07x.o
    0x000015a0   0x00000064   Code   RO          292    i.SystemInit        system_hc32l07x.o
    0x00001604   0x00000008   Code   RO           35    i.TIM0_IRQHandler   interrupts_hc32l07x.o
    0x0000160c   0x00000008   Code   RO           36    i.TIM1_IRQHandler   interrupts_hc32l07x.o
    0x00001614   0x00000008   Code   RO           37    i.TIM2_IRQHandler   interrupts_hc32l07x.o
    0x0000161c   0x00000008   Code   RO           38    i.TIM3_IRQHandler   interrupts_hc32l07x.o
    0x00001624   0x00000008   Code   RO           39    i.TIM4_IRQHandler   interrupts_hc32l07x.o
    0x0000162c   0x00000008   Code   RO           40    i.TIM5_IRQHandler   interrupts_hc32l07x.o
    0x00001634   0x00000008   Code   RO           41    i.TIM6_IRQHandler   interrupts_hc32l07x.o
    0x0000163c   0x00000014   Code   RO         2004    i.Tim3_ClearIntFlag  timer3.o
    0x00001650   0x00000010   Code   RO         2005    i.Tim3_GetIntFlag   timer3.o
    0x00001660   0x0000003c   Code   RO          419    i.Tim3_IRQHandler   system.o
    0x0000169c   0x00000018   Code   RO         2006    i.Tim3_M0_ARRSet    timer3.o
    0x000016b4   0x00000018   Code   RO         2008    i.Tim3_M0_Cnt16Set  timer3.o
    0x000016cc   0x00000014   Code   RO         2013    i.Tim3_M0_Run       timer3.o
    0x000016e0   0x00000014   Code   RO         2047    i.Tim3_Mode0_EnableIrq  timer3.o
    0x000016f4   0x00000080   Code   RO         2048    i.Tim3_Mode0_Init   timer3.o
    0x00001774   0x0000000c   Code   RO           42    i.UART0_2_IRQHandler  interrupts_hc32l07x.o
    0x00001780   0x000000b4   Code   RO          420    i.UART0_Iot_Init    system.o
    0x00001834   0x0000000c   Code   RO           43    i.UART1_3_IRQHandler  interrupts_hc32l07x.o
    0x00001840   0x00000008   Code   RO           44    i.USBFS_IRQHandler  interrupts_hc32l07x.o
    0x00001848   0x00000034   Code   RO          422    i.Uart0_IRQHandler  system.o
    0x0000187c   0x00000026   Code   RO          423    i.Uart0_Send_Iot    system.o
    0x000018a2   0x00000002   PAD
    0x000018a4   0x00000034   Code   RO          424    i.Uart1_IRQHandler  system.o
    0x000018d8   0x0000000e   Code   RO         1392    i.Uart_ClrStatus    uart.o
    0x000018e6   0x0000000e   Code   RO         1395    i.Uart_EnableFunc   uart.o
    0x000018f4   0x0000000e   Code   RO         1396    i.Uart_EnableIrq    uart.o
    0x00001902   0x0000000a   Code   RO         1399    i.Uart_GetStatus    uart.o
    0x0000190c   0x00000074   Code   RO         1402    i.Uart_Init         uart.o
    0x00001980   0x00000006   Code   RO         1403    i.Uart_ReceiveData  uart.o
    0x00001986   0x00000034   Code   RO         1405    i.Uart_SendDataPoll  uart.o
    0x000019ba   0x00000014   Code   RO           45    i.VC0_1_2_LVD_IRQHandler  interrupts_hc32l07x.o
    0x000019ce   0x00000008   Code   RO           46    i.WDT_IRQHandler    interrupts_hc32l07x.o
    0x000019d6   0x00000002   PAD
    0x000019d8   0x00000010   Code   RO         1518    i.Wdt_Feed          wdt.o
    0x000019e8   0x00000024   Code   RO         1520    i.Wdt_Init          wdt.o
    0x00001a0c   0x00000010   Code   RO         1524    i.Wdt_Start         wdt.o
    0x00001a1c   0x00000018   Code   RO         1525    i.Wdt_WriteWdtLoad  wdt.o
    0x00001a34   0x00000018   Code   RO          973    i._SysctrlUnlock    sysctrl.o
    0x00001a4c   0x00000020   Code   RO         2788    i.__0printf$8       mc_p.l(printf8.o)
    0x00001a6c   0x0000001a   Code   RO          689    i.__ARM_common_switch8  system.o
    0x00001a86   0x0000000e   Code   RO         2902    i.__scatterload_copy  mc_p.l(handlers.o)
    0x00001a94   0x00000002   Code   RO         2903    i.__scatterload_null  mc_p.l(handlers.o)
    0x00001a96   0x0000000e   Code   RO         2904    i.__scatterload_zeroinit  mc_p.l(handlers.o)
    0x00001aa4   0x00000428   Code   RO         2795    i._printf_core      mc_p.l(printf8.o)
    0x00001ecc   0x00000020   Code   RO         2796    i._printf_post_padding  mc_p.l(printf8.o)
    0x00001eec   0x0000002c   Code   RO         2797    i._printf_pre_padding  mc_p.l(printf8.o)
    0x00001f18   0x00000020   Code   RO          802    i.ble_Package_CheckSum  iot_protol.o
    0x00001f38   0x00000024   Code   RO          427    i.can_rx_dispitch   system.o
    0x00001f5c   0x00000030   Code   RO          428    i.can_rx_frame_in   system.o
    0x00001f8c   0x00000030   Code   RO          429    i.can_rx_frame_out  system.o
    0x00001fbc   0x00000012   Code   RO          896    i.ddl_memclr        ddl.o
    0x00001fce   0x00000002   PAD
    0x00001fd0   0x00000050   Code   RO          897    i.delay100us        ddl.o
    0x00002020   0x00000050   Code   RO          898    i.delay10us         ddl.o
    0x00002070   0x0000004c   Code   RO          899    i.delay1ms          ddl.o
    0x000020bc   0x00000020   Code   RO          433    i.delay_us          system.o
    0x000020dc   0x00000018   Code   RO          434    i.fputc             system.o
    0x000020f4   0x00000098   Code   RO          435    i.hmi_init          system.o
    0x0000218c   0x00000040   Code   RO          331    i.main              main.o
    0x000021cc   0x0000003e   Code   RO          443    i.simulation_uart_tx  system.o
    0x0000220a   0x00000002   PAD
    0x0000220c   0x00000018   Data   RO          974    .constdata          sysctrl.o
    0x00002224   0x00000008   Data   RO         1410    .constdata          uart.o
    0x0000222c   0x00000020   Data   RO         1750    .constdata          flash.o
    0x0000224c   0x00000020   Data   RO         2900    Region$$Table       anon$$obj.o


    Execution Region RW_IRAM1 (Base: 0x20000000, Size: 0x00001718, Max: 0x00004000, ABSOLUTE)

    Base Addr    Size         Type   Attr      Idx    E Section Name        Object

    0x20000000   0x00000004   Data   RW          293    .data               system_hc32l07x.o
    0x20000004   0x0000001c   Data   RW          449    .data               system.o
    0x20000020   0x00000012   Data   RW          811    .data               iot_protol.o
    0x20000032   0x00000002   PAD
    0x20000034   0x00000004   Data   RW         2864    .data               mc_p.l(stdout.o)
    0x20000038   0x0000124c   Zero   RW          447    .bss                system.o
    0x20001284   0x00000090   Zero   RW          726    .bss                fifo.o
    0x20001314   0x00000200   Zero   RW          809    .bss                iot_protol.o
    0x20001514   0x00000004   PAD
    0x20001518   0x00000200   Zero   RW            1    STACK               startup_hc32l07x.o


==============================================================================

Image component sizes


      Code (inc. data)   RO Data    RW Data    ZI Data      Debug   Object Name

       564         50          0          0          0       7087   can.o
       284         48          0          0          0       3419   ddl.o
       272         30          0          0        144       3519   fifo.o
       212         30         32          0          0       2460   flash.o
       248         36          0          0          0       3455   gpio.o
       432         16          0          0          0     193267   interrupts_hc32l07x.o
       548        102          0         18        512       4672   iot_protol.o
        64         26          0          0          0      12079   main.o
        72         20          0          0          0       1716   rtc.o
        60         22        192          0        512        596   startup_hc32l07x.o
      1100        114         24          0          0       8651   sysctrl.o
      1876        274          0         28       4684      30113   system.o
       130         20          0          4          0       2044   system_hc32l07x.o
       252         36          0          0          0       3729   timer3.o
       226          4          8          0          0       4056   uart.o
        92         20          0          0          0       1961   wdt.o

    ----------------------------------------------------------------------
      6448        848        288         52       5856     282824   Object Totals
         0          0         32          0          0          0   (incl. Generated)
        16          0          0          2          4          0   (incl. Padding)

    ----------------------------------------------------------------------

      Code (inc. data)   RO Data    RW Data    ZI Data      Debug   Library Member Name

         0          0          0          0          0          0   entry.o
         0          0          0          0          0          0   entry10a.o
         0          0          0          0          0          0   entry11a.o
         8          4          0          0          0          0   entry2.o
         4          0          0          0          0          0   entry5.o
         0          0          0          0          0          0   entry7b.o
         0          0          0          0          0          0   entry8b.o
         8          4          0          0          0          0   entry9a.o
        30          0          0          0          0          0   handlers.o
        36          8          0          0          0         68   init.o
         0          0          0          0          0          0   iusefp.o
        32          0          0          0          0         68   llshl.o
        34          0          0          0          0         68   llushr.o
        36          0          0          0          0         60   memcpya.o
        36          0          0          0          0        100   memseta.o
      1172         52          0          0          0        324   printf8.o
         0          0          0          4          0          0   stdout.o
        14          0          0          0          0         60   strlen.o
        40          0          0          0          0         72   strstr.o
        44          0          0          0          0         72   uidiv.o
        96          0          0          0          0         84   uldiv.o
       178          0          0          0          0        108   fadd.o
       124          0          0          0          0         72   fdiv.o
       130          0          0          0          0        144   fepilogue.o
        40          0          0          0          0         60   ffixui.o
        14          0          0          0          0         68   ffltui.o

    ----------------------------------------------------------------------
      2076         68          0          4          0       1428   Library Totals
         0          0          0          0          0          0   (incl. Padding)

    ----------------------------------------------------------------------

      Code (inc. data)   RO Data    RW Data    ZI Data      Debug   Library Name

      1590         68          0          4          0        976   mc_p.l
       486          0          0          0          0        452   mf_p.l

    ----------------------------------------------------------------------
      2076         68          0          4          0       1428   Library Totals

    ----------------------------------------------------------------------

==============================================================================


      Code (inc. data)   RO Data    RW Data    ZI Data      Debug   

      8524        916        288         56       5856     278156   Grand Totals
      8524        916        288         56       5856     278156   ELF Image Totals
      8524        916        288         56          0          0   ROM Totals

==============================================================================

    Total RO  Size (Code + RO Data)                 8812 (   8.61kB)
    Total RW  Size (RW Data + ZI Data)              5912 (   5.77kB)
    Total ROM Size (Code + RO Data + RW Data)       8868 (   8.66kB)

==============================================================================

