<html>
<body>
<pre>
<h1>礦ision Build Log</h1>
<h2>Tool Versions:</h2>
IDE-Version: μVision V5.21.1.0
Copyright (C) 2016 ARM Ltd and ARM Germany GmbH. All rights reserved.
License Information: 12 DY-0205, 11, LIC=UB4EI-T7QBF-17KRR-K4Y54-DWAZJ-T8261
 
Tool Versions:
Toolchain:       MDK-ARM Professional  Version: 5.21a
Toolchain Path:  C:\Keil_v5\ARM\ARMCC\Bin
C Compiler:      Armcc.exe V5.06 update 3 (build 300)
Assembler:       Armasm.exe V5.06 update 3 (build 300)
Linker/Locator:  ArmLink.exe V5.06 update 3 (build 300)
Library Manager: ArmAr.exe V5.06 update 3 (build 300)
Hex Converter:   FromElf.exe V5.06 update 3 (build 300)
CPU DLL:         SARMCM3.DLL V5.21a
Dialog DLL:      DARMCM1.DLL V1.14.0.0
Target DLL:      Segger\JL2CM3.dll V2.99.23.0
Dialog DLL:      TARMCM1.DLL V1.10.0.0
 
<h2>Project:</h2>
D:\wulang\IOT软件开发\ENG_IOT\mcu\eng_iot\MDK\eng_iot.uvprojx
Project File Date:  12/27/2024

<h2>Output:</h2>
*** Using Compiler 'V5.06 update 3 (build 300)', folder: 'C:\Keil_v5\ARM\ARMCC\Bin'
Build target 'eng_iot'
compiling system.c...
..\source\GPS_Control.h(34): warning:  #1295-D: Deprecated declaration GPS_Control - give arg types
  void GPS_Control();
..\source\GPS_Control.h(35): warning:  #1295-D: Deprecated declaration GPS_init - give arg types
  void GPS_init();
..\source\GPS_Control.h(37): warning:  #1295-D: Deprecated declaration GPS_host_start_cmd - give arg types
  void GPS_host_start_cmd();
..\source\GPS_Control.h(38): warning:  #1295-D: Deprecated declaration GPS_deep_sleep_cmd - give arg types
  void GPS_deep_sleep_cmd();
..\source\GPS_Control.h(39): warning:  #1295-D: Deprecated declaration GPS_power_on - give arg types
  void GPS_power_on();
..\source\GPS_Control.h(40): warning:  #1295-D: Deprecated declaration GPS_power_off - give arg types
  void GPS_power_off();
..\source\GPS_Control.h(41): warning:  #1295-D: Deprecated declaration GPS_data_task - give arg types
  void GPS_data_task();
..\source\IOT_Protol.h(49): warning:  #1295-D: Deprecated declaration can_ota_data - give arg types
  void can_ota_data();
..\source\IOT_Protol.h(50): warning:  #1295-D: Deprecated declaration IOT_Rec_Parse - give arg types
  void IOT_Rec_Parse();
..\source\IOT_Protol.h(53): warning:  #1295-D: Deprecated declaration car_jump_password - give arg types
  void car_jump_password();
..\source\IOT_Protol.h(55): warning:  #1-D: last line of file ends without a newline
  #endif
..\source\system.h(84): warning:  #1295-D: Deprecated declaration Sys_Init - give arg types
  void Sys_Init();
..\source\system.h(88): warning:  #1295-D: Deprecated declaration Sys_Check_Sleep - give arg types
  void Sys_Check_Sleep();
..\source\system.h(91): warning:  #1295-D: Deprecated declaration cat1_power_control - give arg types
  void cat1_power_control();
..\source\system.h(97): warning:  #1-D: last line of file ends without a newline
  #endif
..\source\app_ota.h(32): warning:  #1295-D: Deprecated declaration ota_data_check - give arg types
  int ota_data_check();
..\source\system.c(188): warning:  #177-D: variable "enWaitCycle" was declared but never referenced
      en_flash_waitcycle_t enWaitCycle;
..\source\system.c(1064): warning:  #1-D: last line of file ends without a newline
  }
..\source\system.c(890): warning:  #177-D: function "App_Rtc_Init" was declared but never referenced
  static void App_Rtc_Init(uint8_t sec)
..\source\system.c: 19 warnings, 0 errors
linking...
Program Size: Code=16636 RO-data=552 RW-data=1180 ZI-data=7596  
FromELF: creating hex file...
After Build - User command #1: C:\Keil_v5\ARM\ARMCC\bin\fromelf.exe --bin --output "eng_iot.bin" "D:\wulang\IOT软件开发\ENG_IOT\mcu\eng_iot\MDK\output\release\eng_iot.axf"
".\output\release\eng_iot.axf" - 0 Error(s), 19 Warning(s).

<h2>Software Packages used:</h2>

Package Vendor: ARM
                http://www.keil.com/pack/ARM.CMSIS.4.5.0.pack
                ARM::CMSIS:CORE:4.3.0
                CMSIS (Cortex Microcontroller Software Interface Standard)
   * Component: CORE Version: 4.3.0

<h2>Collection of Component include folders:</h2>
  D:\wulang\IOT软件开发\ENG_IOT\mcu\eng_iot\MDK\RTE
  C:\Keil_v5\ARM\PACK\ARM\CMSIS\4.5.0\CMSIS\Include
  C:\Keil_v5\ARM\PACK\HDSC\HC32L07X\1.1.0\Device\Include

<h2>Collection of Component Files used:</h2>

   * Component: ARM::CMSIS:CORE:4.3.0
Build Time Elapsed:  00:00:03
</pre>
</body>
</html>
