Component: ARM Compiler 5.06 update 3 (build 300) Tool: armlink [4d35c9]

==============================================================================

Image Symbol Table

    Local Symbols

    Symbol Name                              Value     Ov Type        Size  Object(Section)

    RESET                                    0x00000000   Section      192  startup_hc32l07x.o(RESET)
    ../clib/microlib/ctype/ctype.c           0x00000000   Number         0  isdigit_o.o ABSOLUTE
    ../clib/microlib/ctype/ctype.c           0x00000000   Number         0  isupper_o.o ABSOLUTE
    ../clib/microlib/ctype/ctype.c           0x00000000   Number         0  isspace_o.o ABSOLUTE
    ../clib/microlib/ctype/ctype.c           0x00000000   Number         0  ispunct_o.o ABSOLUTE
    ../clib/microlib/ctype/ctype.c           0x00000000   Number         0  isalnum_o.o ABSOLUTE
    ../clib/microlib/ctype/ctype.c           0x00000000   Number         0  iscntrl_o.o ABSOLUTE
    ../clib/microlib/ctype/ctype.c           0x00000000   Number         0  isspace_c.o ABSOLUTE
    ../clib/microlib/ctype/ctype.c           0x00000000   Number         0  isblank_o.o ABSOLUTE
    ../clib/microlib/ctype/ctype.c           0x00000000   Number         0  ctype_o.o ABSOLUTE
    ../clib/microlib/ctype/ctype.c           0x00000000   Number         0  ctype_c.o ABSOLUTE
    ../clib/microlib/ctype/ctype.c           0x00000000   Number         0  isprint_o.o ABSOLUTE
    ../clib/microlib/ctype/ctype.c           0x00000000   Number         0  isalpha_o.o ABSOLUTE
    ../clib/microlib/ctype/ctype.c           0x00000000   Number         0  islower_o.o ABSOLUTE
    ../clib/microlib/ctype/ctype.c           0x00000000   Number         0  isgraph_o.o ABSOLUTE
    ../clib/microlib/ctype/ctype.c           0x00000000   Number         0  isxdigit_o.o ABSOLUTE
    ../clib/microlib/division.c              0x00000000   Number         0  uldiv.o ABSOLUTE
    ../clib/microlib/division.c              0x00000000   Number         0  uidiv.o ABSOLUTE
    ../clib/microlib/errno.c                 0x00000000   Number         0  errno.o ABSOLUTE
    ../clib/microlib/init/entry.s            0x00000000   Number         0  entry5.o ABSOLUTE
    ../clib/microlib/init/entry.s            0x00000000   Number         0  entry2.o ABSOLUTE
    ../clib/microlib/init/entry.s            0x00000000   Number         0  entry11b.o ABSOLUTE
    ../clib/microlib/init/entry.s            0x00000000   Number         0  entry11a.o ABSOLUTE
    ../clib/microlib/init/entry.s            0x00000000   Number         0  entry10b.o ABSOLUTE
    ../clib/microlib/init/entry.s            0x00000000   Number         0  entry10a.o ABSOLUTE
    ../clib/microlib/init/entry.s            0x00000000   Number         0  entry9b.o ABSOLUTE
    ../clib/microlib/init/entry.s            0x00000000   Number         0  entry7b.o ABSOLUTE
    ../clib/microlib/init/entry.s            0x00000000   Number         0  entry9a.o ABSOLUTE
    ../clib/microlib/init/entry.s            0x00000000   Number         0  entry8b.o ABSOLUTE
    ../clib/microlib/init/entry.s            0x00000000   Number         0  entry8a.o ABSOLUTE
    ../clib/microlib/init/entry.s            0x00000000   Number         0  entry7a.o ABSOLUTE
    ../clib/microlib/init/entry.s            0x00000000   Number         0  entry.o ABSOLUTE
    ../clib/microlib/longlong.c              0x00000000   Number         0  llushr.o ABSOLUTE
    ../clib/microlib/longlong.c              0x00000000   Number         0  llsshr.o ABSOLUTE
    ../clib/microlib/longlong.c              0x00000000   Number         0  llshl.o ABSOLUTE
    ../clib/microlib/printf/printf.c         0x00000000   Number         0  printf3.o ABSOLUTE
    ../clib/microlib/printf/printf.c         0x00000000   Number         0  printfb.o ABSOLUTE
    ../clib/microlib/printf/printf.c         0x00000000   Number         0  printf0.o ABSOLUTE
    ../clib/microlib/printf/printf.c         0x00000000   Number         0  printf7.o ABSOLUTE
    ../clib/microlib/printf/printf.c         0x00000000   Number         0  printf4.o ABSOLUTE
    ../clib/microlib/printf/printf.c         0x00000000   Number         0  printf1.o ABSOLUTE
    ../clib/microlib/printf/printf.c         0x00000000   Number         0  printf8.o ABSOLUTE
    ../clib/microlib/printf/printf.c         0x00000000   Number         0  printf6.o ABSOLUTE
    ../clib/microlib/printf/printf.c         0x00000000   Number         0  printf2.o ABSOLUTE
    ../clib/microlib/printf/printf.c         0x00000000   Number         0  printf5.o ABSOLUTE
    ../clib/microlib/printf/printf.c         0x00000000   Number         0  printfa.o ABSOLUTE
    ../clib/microlib/printf/stubs.s          0x00000000   Number         0  stubs.o ABSOLUTE
    ../clib/microlib/stdio/streams.c         0x00000000   Number         0  stdout.o ABSOLUTE
    ../clib/microlib/string/memcpy.c         0x00000000   Number         0  memcpyb.o ABSOLUTE
    ../clib/microlib/string/memcpy.c         0x00000000   Number         0  memcpya.o ABSOLUTE
    ../clib/microlib/string/memset.c         0x00000000   Number         0  memseta.o ABSOLUTE
    ../clib/microlib/string/strchr.c         0x00000000   Number         0  strchr.o ABSOLUTE
    ../clib/microlib/string/strlen.c         0x00000000   Number         0  strlen.o ABSOLUTE
    ../clib/microlib/string/strstr.c         0x00000000   Number         0  strstr.o ABSOLUTE
    ../clib/microlib/stubs.s                 0x00000000   Number         0  iusefp.o ABSOLUTE
    ../clib/scanf.c                          0x00000000   Number         0  _chval.o ABSOLUTE
    ../clib/scanf.c                          0x00000000   Number         0  _strtoul.o ABSOLUTE
    ../clib/scanf.c                          0x00000000   Number         0  _scanf.o ABSOLUTE
    ../clib/scanf.c                          0x00000000   Number         0  strtol.o ABSOLUTE
    ../clib/scanf.c                          0x00000000   Number         0  atoi.o ABSOLUTE
    ../clib/scanf.c                          0x00000000   Number         0  _scanf_int.o ABSOLUTE
    ../clib/scanf.c                          0x00000000   Number         0  __0sscanf.o ABSOLUTE
    ../clib/scanf.c                          0x00000000   Number         0  _sgetc.o ABSOLUTE
    ../clib/scanf.c                          0x00000000   Number         0  scanf_char.o ABSOLUTE
    ../fplib/microlib/fpadd.c                0x00000000   Number         0  fadd.o ABSOLUTE
    ../fplib/microlib/fpadd.c                0x00000000   Number         0  dadd.o ABSOLUTE
    ../fplib/microlib/fpdiv.c                0x00000000   Number         0  ddiv.o ABSOLUTE
    ../fplib/microlib/fpdiv.c                0x00000000   Number         0  fdiv.o ABSOLUTE
    ../fplib/microlib/fpepilogue.c           0x00000000   Number         0  fepilogue.o ABSOLUTE
    ../fplib/microlib/fpepilogue.c           0x00000000   Number         0  depilogue.o ABSOLUTE
    ../fplib/microlib/fpfix.c                0x00000000   Number         0  dfixul.o ABSOLUTE
    ../fplib/microlib/fpfix.c                0x00000000   Number         0  ffixui.o ABSOLUTE
    ../fplib/microlib/fpflt.c                0x00000000   Number         0  ffltui.o ABSOLUTE
    ../fplib/microlib/fpmul.c                0x00000000   Number         0  dmul.o ABSOLUTE
    ..\..\driver\src\adc.c                   0x00000000   Number         0  adc.o ABSOLUTE
    ..\..\driver\src\bgr.c                   0x00000000   Number         0  bgr.o ABSOLUTE
    ..\..\driver\src\can.c                   0x00000000   Number         0  can.o ABSOLUTE
    ..\..\driver\src\dac.c                   0x00000000   Number         0  dac.o ABSOLUTE
    ..\..\driver\src\ddl.c                   0x00000000   Number         0  ddl.o ABSOLUTE
    ..\..\driver\src\dmac.c                  0x00000000   Number         0  dmac.o ABSOLUTE
    ..\..\driver\src\flash.c                 0x00000000   Number         0  flash.o ABSOLUTE
    ..\..\driver\src\gpio.c                  0x00000000   Number         0  gpio.o ABSOLUTE
    ..\..\driver\src\lpm.c                   0x00000000   Number         0  lpm.o ABSOLUTE
    ..\..\driver\src\rtc.c                   0x00000000   Number         0  rtc.o ABSOLUTE
    ..\..\driver\src\sysctrl.c               0x00000000   Number         0  sysctrl.o ABSOLUTE
    ..\..\driver\src\timer3.c                0x00000000   Number         0  timer3.o ABSOLUTE
    ..\..\driver\src\uart.c                  0x00000000   Number         0  uart.o ABSOLUTE
    ..\..\driver\src\wdt.c                   0x00000000   Number         0  wdt.o ABSOLUTE
    ..\..\mcu\common\interrupts_hc32l07x.c   0x00000000   Number         0  interrupts_hc32l07x.o ABSOLUTE
    ..\..\mcu\common\system_hc32l07x.c       0x00000000   Number         0  system_hc32l07x.o ABSOLUTE
    ..\\..\\driver\\src\\adc.c               0x00000000   Number         0  adc.o ABSOLUTE
    ..\\..\\driver\\src\\bgr.c               0x00000000   Number         0  bgr.o ABSOLUTE
    ..\\..\\driver\\src\\can.c               0x00000000   Number         0  can.o ABSOLUTE
    ..\\..\\driver\\src\\dac.c               0x00000000   Number         0  dac.o ABSOLUTE
    ..\\..\\driver\\src\\ddl.c               0x00000000   Number         0  ddl.o ABSOLUTE
    ..\\..\\driver\\src\\dmac.c              0x00000000   Number         0  dmac.o ABSOLUTE
    ..\\..\\driver\\src\\flash.c             0x00000000   Number         0  flash.o ABSOLUTE
    ..\\..\\driver\\src\\gpio.c              0x00000000   Number         0  gpio.o ABSOLUTE
    ..\\..\\driver\\src\\lpm.c               0x00000000   Number         0  lpm.o ABSOLUTE
    ..\\..\\driver\\src\\rtc.c               0x00000000   Number         0  rtc.o ABSOLUTE
    ..\\..\\driver\\src\\sysctrl.c           0x00000000   Number         0  sysctrl.o ABSOLUTE
    ..\\..\\driver\\src\\timer3.c            0x00000000   Number         0  timer3.o ABSOLUTE
    ..\\..\\driver\\src\\uart.c              0x00000000   Number         0  uart.o ABSOLUTE
    ..\\..\\driver\\src\\wdt.c               0x00000000   Number         0  wdt.o ABSOLUTE
    ..\\..\\mcu\\common\\interrupts_hc32l07x.c 0x00000000   Number         0  interrupts_hc32l07x.o ABSOLUTE
    ..\\..\\mcu\\common\\system_hc32l07x.c   0x00000000   Number         0  system_hc32l07x.o ABSOLUTE
    ..\\source\\GPS_Control.c                0x00000000   Number         0  gps_control.o ABSOLUTE
    ..\\source\\dft_protocol.c               0x00000000   Number         0  dft_protocol.o ABSOLUTE
    ..\\source\\main.c                       0x00000000   Number         0  main.o ABSOLUTE
    ..\\source\\system.c                     0x00000000   Number         0  system.o ABSOLUTE
    ..\source\FIFO.c                         0x00000000   Number         0  fifo.o ABSOLUTE
    ..\source\GPS_Control.c                  0x00000000   Number         0  gps_control.o ABSOLUTE
    ..\source\dft_protocol.c                 0x00000000   Number         0  dft_protocol.o ABSOLUTE
    ..\source\main.c                         0x00000000   Number         0  main.o ABSOLUTE
    ..\source\system.c                       0x00000000   Number         0  system.o ABSOLUTE
    cdrcmple.s                               0x00000000   Number         0  cdrcmple.o ABSOLUTE
    dc.s                                     0x00000000   Number         0  dc.o ABSOLUTE
    handlers.s                               0x00000000   Number         0  handlers.o ABSOLUTE
    init.s                                   0x00000000   Number         0  init.o ABSOLUTE
    startup_hc32l07x.s                       0x00000000   Number         0  startup_hc32l07x.o ABSOLUTE
    .ARM.Collect$$$$00000000                 0x000000c0   Section        0  entry.o(.ARM.Collect$$$$00000000)
    .ARM.Collect$$$$00000001                 0x000000c0   Section        4  entry2.o(.ARM.Collect$$$$00000001)
    .ARM.Collect$$$$00000004                 0x000000c4   Section        4  entry5.o(.ARM.Collect$$$$00000004)
    .ARM.Collect$$$$00000008                 0x000000c8   Section        0  entry7b.o(.ARM.Collect$$$$00000008)
    .ARM.Collect$$$$0000000A                 0x000000c8   Section        0  entry8b.o(.ARM.Collect$$$$0000000A)
    .ARM.Collect$$$$0000000B                 0x000000c8   Section        8  entry9a.o(.ARM.Collect$$$$0000000B)
    .ARM.Collect$$$$0000000D                 0x000000d0   Section        0  entry10a.o(.ARM.Collect$$$$0000000D)
    .ARM.Collect$$$$0000000F                 0x000000d0   Section        0  entry11a.o(.ARM.Collect$$$$0000000F)
    .ARM.Collect$$$$00002712                 0x000000d0   Section        4  entry2.o(.ARM.Collect$$$$00002712)
    __lit__00000000                          0x000000d0   Data           4  entry2.o(.ARM.Collect$$$$00002712)
    .text                                    0x000000d4   Section       60  startup_hc32l07x.o(.text)
    .text                                    0x00000110   Section        0  uidiv.o(.text)
    .text                                    0x0000013c   Section        0  memcpya.o(.text)
    .text                                    0x00000160   Section        0  memseta.o(.text)
    .text                                    0x00000184   Section        0  strstr.o(.text)
    .text                                    0x000001ac   Section        0  strchr.o(.text)
    .text                                    0x000001c0   Section        0  atoi.o(.text)
    .text                                    0x000001da   Section        0  fadd.o(.text)
    .text                                    0x0000028c   Section        0  fdiv.o(.text)
    .text                                    0x00000308   Section        0  ffltui.o(.text)
    .text                                    0x00000316   Section        0  ffixui.o(.text)
    .text                                    0x0000033e   Section        0  uldiv.o(.text)
    .text                                    0x0000039e   Section        0  _chval.o(.text)
    .text                                    0x000003bc   Section        0  strtol.o(.text)
    .text                                    0x0000042c   Section        0  iusefp.o(.text)
    .text                                    0x0000042c   Section        0  fepilogue.o(.text)
    .text                                    0x000004b0   Section       36  init.o(.text)
    .text                                    0x000004d4   Section        0  llshl.o(.text)
    .text                                    0x000004f4   Section        0  llushr.o(.text)
    .text                                    0x00000518   Section        0  ctype_o.o(.text)
    .text                                    0x00000520   Section        0  _strtoul.o(.text)
    i.$Sub$$main                             0x000005c6   Section        0  system_hc32l07x.o(i.$Sub$$main)
    i.ADC_DAC_IRQHandler                     0x000005d4   Section        0  interrupts_hc32l07x.o(i.ADC_DAC_IRQHandler)
    i.Adc_CfgSqrChannel                      0x000005e0   Section        0  adc.o(i.Adc_CfgSqrChannel)
    i.Adc_ClrIrqStatus                       0x000006e8   Section        0  adc.o(i.Adc_ClrIrqStatus)
    i.Adc_GetIrqStatus                       0x000006f8   Section        0  adc.o(i.Adc_GetIrqStatus)
    i.Adc_GetSqrResult                       0x0000070c   Section        0  adc.o(i.Adc_GetSqrResult)
    i.Adc_Init                               0x00000718   Section        0  adc.o(i.Adc_Init)
    i.Adc_SQR_Start                          0x00000770   Section        0  adc.o(i.Adc_SQR_Start)
    i.Adc_SqrModeCfg                         0x0000077c   Section        0  adc.o(i.Adc_SqrModeCfg)
    i.App_AdcInit                            0x000007dc   Section        0  system.o(i.App_AdcInit)
    i.App_AdcPortInit                        0x00000816   Section        0  system.o(i.App_AdcPortInit)
    i.App_AdcSQRCfg                          0x0000083a   Section        0  system.o(i.App_AdcSQRCfg)
    i.App_Can_init                           0x00000874   Section        0  system.o(i.App_Can_init)
    App_Can_init                             0x00000875   Thumb Code   232  system.o(i.App_Can_init)
    i.App_SystemClkInit_PLL48M_byXTH         0x00000964   Section        0  system.o(i.App_SystemClkInit_PLL48M_byXTH)
    i.App_Timer3Cfg                          0x000009bc   Section        0  system.o(i.App_Timer3Cfg)
    i.Bgr_BgrEnable                          0x00000a14   Section        0  bgr.o(i.Bgr_BgrEnable)
    i.CAN_FilterConfig                       0x00000a2c   Section        0  can.o(i.CAN_FilterConfig)
    i.CAN_IRQHandler                         0x00000ab0   Section        0  interrupts_hc32l07x.o(i.CAN_IRQHandler)
    i.CAN_Init                               0x00000ab8   Section        0  can.o(i.CAN_Init)
    i.CAN_IrqCmd                             0x00000b6c   Section        0  can.o(i.CAN_IrqCmd)
    i.CAN_IrqFlgClr                          0x00000b84   Section        0  can.o(i.CAN_IrqFlgClr)
    i.CAN_IrqFlgGet                          0x00000b9c   Section        0  can.o(i.CAN_IrqFlgGet)
    i.CAN_ModeConfig                         0x00000bb0   Section        0  can.o(i.CAN_ModeConfig)
    i.CAN_Rec_Prase                          0x00000be8   Section        0  dft_protocol.o(i.CAN_Rec_Prase)
    i.CAN_Receive                            0x00000c38   Section        0  can.o(i.CAN_Receive)
    i.CAN_SetFrame                           0x00000c5c   Section        0  can.o(i.CAN_SetFrame)
    i.CAN_StatusGet                          0x00000c94   Section        0  can.o(i.CAN_StatusGet)
    i.CAN_TransmitCmd                        0x00000ca8   Section        0  can.o(i.CAN_TransmitCmd)
    i.CLKTRIM_CTS_IRQHandler                 0x00000cb8   Section        0  interrupts_hc32l07x.o(i.CLKTRIM_CTS_IRQHandler)
    i.Can_IRQHandler                         0x00000cc4   Section        0  system.o(i.Can_IRQHandler)
    i.DDL_ConsoleOutputChar                  0x00000cf0   Section        0  system.o(i.DDL_ConsoleOutputChar)
    i.DMAC_IRQHandler                        0x00000cfa   Section        0  interrupts_hc32l07x.o(i.DMAC_IRQHandler)
    i.EnableNvic                             0x00000d04   Section        0  interrupts_hc32l07x.o(i.EnableNvic)
    i.FIFO_Clean_Buf                         0x00000d6c   Section        0  fifo.o(i.FIFO_Clean_Buf)
    i.FIFO_Init                              0x00000d84   Section        0  fifo.o(i.FIFO_Init)
    i.FIFO_Rece_Buf                          0x00000da0   Section        0  fifo.o(i.FIFO_Rece_Buf)
    i.FIFO_Size_Check                        0x00000df4   Section        0  fifo.o(i.FIFO_Size_Check)
    i.FIFO_Valid_Size                        0x00000e30   Section        0  fifo.o(i.FIFO_Valid_Size)
    i.FIFO_Write_OneByte                     0x00000e40   Section        0  fifo.o(i.FIFO_Write_OneByte)
    i.FLASH_RAM_IRQHandler                   0x00000e7c   Section        0  interrupts_hc32l07x.o(i.FLASH_RAM_IRQHandler)
    i.Flash_Init                             0x00000e88   Section        0  flash.o(i.Flash_Init)
    i.Flash_WaitCycle                        0x00000f30   Section        0  flash.o(i.Flash_WaitCycle)
    i.GetBit                                 0x00000f5c   Section        0  ddl.o(i.GetBit)
    i.Gpio_ClrIO                             0x00000f68   Section        0  gpio.o(i.Gpio_ClrIO)
    i.Gpio_GetInputIO                        0x00000f7c   Section        0  gpio.o(i.Gpio_GetInputIO)
    i.Gpio_Init                              0x00000f8c   Section        0  gpio.o(i.Gpio_Init)
    i.Gpio_SetAfMode                         0x00001024   Section        0  gpio.o(i.Gpio_SetAfMode)
    i.Gpio_SetAnalogMode                     0x00001038   Section        0  gpio.o(i.Gpio_SetAnalogMode)
    i.Gpio_SetIO                             0x0000104c   Section        0  gpio.o(i.Gpio_SetIO)
    i.HardFault_Handler                      0x00001060   Section        0  interrupts_hc32l07x.o(i.HardFault_Handler)
    i.I2C0_IRQHandler                        0x0000106c   Section        0  interrupts_hc32l07x.o(i.I2C0_IRQHandler)
    i.I2C1_IRQHandler                        0x00001074   Section        0  interrupts_hc32l07x.o(i.I2C1_IRQHandler)
    i.IOT_Rec_Parse                          0x0000107c   Section        0  dft_protocol.o(i.IOT_Rec_Parse)
    i.IOT_cmd_data_send                      0x000011c4   Section        0  dft_protocol.o(i.IOT_cmd_data_send)
    i.IOT_rcv_data_handler                   0x00001220   Section        0  dft_protocol.o(i.IOT_rcv_data_handler)
    i.Iot_Can_Send                           0x000012a4   Section        0  system.o(i.Iot_Can_Send)
    i.LCD_IRQHandler                         0x000012d8   Section        0  interrupts_hc32l07x.o(i.LCD_IRQHandler)
    i.LPTIM0_1_IRQHandler                    0x000012e0   Section        0  interrupts_hc32l07x.o(i.LPTIM0_1_IRQHandler)
    i.LPUART0_IRQHandler                     0x000012ec   Section        0  interrupts_hc32l07x.o(i.LPUART0_IRQHandler)
    i.LPUART1_IRQHandler                     0x000012f4   Section        0  interrupts_hc32l07x.o(i.LPUART1_IRQHandler)
    i.PCA_IRQHandler                         0x000012fc   Section        0  interrupts_hc32l07x.o(i.PCA_IRQHandler)
    i.PCNT_IRQHandler                        0x00001304   Section        0  interrupts_hc32l07x.o(i.PCNT_IRQHandler)
    i.PORTA_IRQHandler                       0x0000130c   Section        0  interrupts_hc32l07x.o(i.PORTA_IRQHandler)
    i.PORTB_IRQHandler                       0x00001314   Section        0  interrupts_hc32l07x.o(i.PORTB_IRQHandler)
    i.PORTC_E_IRQHandler                     0x0000131c   Section        0  interrupts_hc32l07x.o(i.PORTC_E_IRQHandler)
    i.PORTD_F_IRQHandler                     0x00001328   Section        0  interrupts_hc32l07x.o(i.PORTD_F_IRQHandler)
    i.RTC_IRQHandler                         0x00001334   Section        0  interrupts_hc32l07x.o(i.RTC_IRQHandler)
    i.SPI0_I2S0_IRQHandler                   0x0000133c   Section        0  interrupts_hc32l07x.o(i.SPI0_I2S0_IRQHandler)
    i.SPI1_I2S1_IRQHandler                   0x00001348   Section        0  interrupts_hc32l07x.o(i.SPI1_I2S1_IRQHandler)
    i.SetBit                                 0x00001354   Section        0  ddl.o(i.SetBit)
    i.SysTick_Handler                        0x00001368   Section        0  interrupts_hc32l07x.o(i.SysTick_Handler)
    i.SysTick_IRQHandler                     0x00001370   Section        0  system.o(i.SysTick_IRQHandler)
    i.Sys_Init                               0x00001374   Section        0  system.o(i.Sys_Init)
    i.Sysctrl_ClkSourceEnable                0x00001520   Section        0  sysctrl.o(i.Sysctrl_ClkSourceEnable)
    i.Sysctrl_GetHClkFreq                    0x0000163c   Section        0  sysctrl.o(i.Sysctrl_GetHClkFreq)
    i.Sysctrl_GetPClkFreq                    0x00001778   Section        0  sysctrl.o(i.Sysctrl_GetPClkFreq)
    i.Sysctrl_SetHCLKDiv                     0x00001790   Section        0  sysctrl.o(i.Sysctrl_SetHCLKDiv)
    i.Sysctrl_SetPCLKDiv                     0x000017b4   Section        0  sysctrl.o(i.Sysctrl_SetPCLKDiv)
    i.Sysctrl_SetPLLFreq                     0x000017d8   Section        0  sysctrl.o(i.Sysctrl_SetPLLFreq)
    i.Sysctrl_SetPeripheralGate              0x000018b4   Section        0  sysctrl.o(i.Sysctrl_SetPeripheralGate)
    i.Sysctrl_SetXTHFreq                     0x000018d8   Section        0  sysctrl.o(i.Sysctrl_SetXTHFreq)
    i.Sysctrl_SetXTHStableTime               0x000018f4   Section        0  sysctrl.o(i.Sysctrl_SetXTHStableTime)
    i.Sysctrl_SysClkSwitch                   0x00001910   Section        0  sysctrl.o(i.Sysctrl_SysClkSwitch)
    i.Sysctrl_XTHDriverCfg                   0x00001938   Section        0  sysctrl.o(i.Sysctrl_XTHDriverCfg)
    i.SystemCoreClockUpdate                  0x00001954   Section        0  system_hc32l07x.o(i.SystemCoreClockUpdate)
    i.SystemInit                             0x00001964   Section        0  system_hc32l07x.o(i.SystemInit)
    i.TIM0_IRQHandler                        0x000019c8   Section        0  interrupts_hc32l07x.o(i.TIM0_IRQHandler)
    i.TIM1_IRQHandler                        0x000019d0   Section        0  interrupts_hc32l07x.o(i.TIM1_IRQHandler)
    i.TIM2_IRQHandler                        0x000019d8   Section        0  interrupts_hc32l07x.o(i.TIM2_IRQHandler)
    i.TIM3_IRQHandler                        0x000019e0   Section        0  interrupts_hc32l07x.o(i.TIM3_IRQHandler)
    i.TIM4_IRQHandler                        0x000019e8   Section        0  interrupts_hc32l07x.o(i.TIM4_IRQHandler)
    i.TIM5_IRQHandler                        0x000019f0   Section        0  interrupts_hc32l07x.o(i.TIM5_IRQHandler)
    i.TIM6_IRQHandler                        0x000019f8   Section        0  interrupts_hc32l07x.o(i.TIM6_IRQHandler)
    i.Tim3_ClearIntFlag                      0x00001a00   Section        0  timer3.o(i.Tim3_ClearIntFlag)
    i.Tim3_GetIntFlag                        0x00001a14   Section        0  timer3.o(i.Tim3_GetIntFlag)
    i.Tim3_IRQHandler                        0x00001a24   Section        0  system.o(i.Tim3_IRQHandler)
    i.Tim3_M0_ARRSet                         0x00001a60   Section        0  timer3.o(i.Tim3_M0_ARRSet)
    i.Tim3_M0_Cnt16Set                       0x00001a78   Section        0  timer3.o(i.Tim3_M0_Cnt16Set)
    i.Tim3_M0_Run                            0x00001a90   Section        0  timer3.o(i.Tim3_M0_Run)
    i.Tim3_Mode0_EnableIrq                   0x00001aa4   Section        0  timer3.o(i.Tim3_Mode0_EnableIrq)
    i.Tim3_Mode0_Init                        0x00001ab8   Section        0  timer3.o(i.Tim3_Mode0_Init)
    i.UART0_2_IRQHandler                     0x00001b38   Section        0  interrupts_hc32l07x.o(i.UART0_2_IRQHandler)
    i.UART0_Iot_Init                         0x00001b44   Section        0  system.o(i.UART0_Iot_Init)
    UART0_Iot_Init                           0x00001b45   Thumb Code   172  system.o(i.UART0_Iot_Init)
    i.UART1_3_IRQHandler                     0x00001bf8   Section        0  interrupts_hc32l07x.o(i.UART1_3_IRQHandler)
    i.UART1_GPS_Init                         0x00001c04   Section        0  system.o(i.UART1_GPS_Init)
    UART1_GPS_Init                           0x00001c05   Thumb Code   154  system.o(i.UART1_GPS_Init)
    i.USBFS_IRQHandler                       0x00001ca8   Section        0  interrupts_hc32l07x.o(i.USBFS_IRQHandler)
    i.Uart0_IRQHandler                       0x00001cb0   Section        0  system.o(i.Uart0_IRQHandler)
    i.Uart0_Send_Iot                         0x00001ce4   Section        0  system.o(i.Uart0_Send_Iot)
    i.Uart1_IRQHandler                       0x00001d0c   Section        0  system.o(i.Uart1_IRQHandler)
    i.Uart_ClrStatus                         0x00001d40   Section        0  uart.o(i.Uart_ClrStatus)
    i.Uart_EnableFunc                        0x00001d4e   Section        0  uart.o(i.Uart_EnableFunc)
    i.Uart_EnableIrq                         0x00001d5c   Section        0  uart.o(i.Uart_EnableIrq)
    i.Uart_GetStatus                         0x00001d6a   Section        0  uart.o(i.Uart_GetStatus)
    i.Uart_Init                              0x00001d74   Section        0  uart.o(i.Uart_Init)
    i.Uart_ReceiveData                       0x00001de8   Section        0  uart.o(i.Uart_ReceiveData)
    i.Uart_SendDataPoll                      0x00001dee   Section        0  uart.o(i.Uart_SendDataPoll)
    i.VC0_1_2_LVD_IRQHandler                 0x00001e22   Section        0  interrupts_hc32l07x.o(i.VC0_1_2_LVD_IRQHandler)
    i.WDT_IRQHandler                         0x00001e36   Section        0  interrupts_hc32l07x.o(i.WDT_IRQHandler)
    i.Wdt_Feed                               0x00001e40   Section        0  wdt.o(i.Wdt_Feed)
    i.Wdt_Init                               0x00001e50   Section        0  wdt.o(i.Wdt_Init)
    i.Wdt_Start                              0x00001e74   Section        0  wdt.o(i.Wdt_Start)
    i.Wdt_WriteWdtLoad                       0x00001e84   Section        0  wdt.o(i.Wdt_WriteWdtLoad)
    i._SysctrlUnlock                         0x00001e9c   Section        0  sysctrl.o(i._SysctrlUnlock)
    _SysctrlUnlock                           0x00001e9d   Thumb Code    12  sysctrl.o(i._SysctrlUnlock)
    i.__0printf$8                            0x00001eb4   Section        0  printf8.o(i.__0printf$8)
    i.__ARM_common_switch8                   0x00001ed4   Section        0  dft_protocol.o(i.__ARM_common_switch8)
    i.__aeabi_errno_addr                     0x00001ef0   Section        0  errno.o(i.__aeabi_errno_addr)
    i.__scatterload_copy                     0x00001ef8   Section       14  handlers.o(i.__scatterload_copy)
    i.__scatterload_null                     0x00001f06   Section        2  handlers.o(i.__scatterload_null)
    i.__scatterload_zeroinit                 0x00001f08   Section       14  handlers.o(i.__scatterload_zeroinit)
    i._printf_core                           0x00001f18   Section        0  printf8.o(i._printf_core)
    _printf_core                             0x00001f19   Thumb Code  1020  printf8.o(i._printf_core)
    i._printf_post_padding                   0x00002340   Section        0  printf8.o(i._printf_post_padding)
    _printf_post_padding                     0x00002341   Thumb Code    32  printf8.o(i._printf_post_padding)
    i._printf_pre_padding                    0x00002360   Section        0  printf8.o(i._printf_pre_padding)
    _printf_pre_padding                      0x00002361   Thumb Code    44  printf8.o(i._printf_pre_padding)
    i.ble_Package_CheckSum                   0x0000238c   Section        0  dft_protocol.o(i.ble_Package_CheckSum)
    i.can_check_sum                          0x000023ac   Section        0  dft_protocol.o(i.can_check_sum)
    can_check_sum                            0x000023ad   Thumb Code    26  dft_protocol.o(i.can_check_sum)
    i.can_rec_data_handle                    0x000023c6   Section        0  dft_protocol.o(i.can_rec_data_handle)
    i.can_rx_dispitch                        0x000023f4   Section        0  system.o(i.can_rx_dispitch)
    i.can_rx_frame_in                        0x00002418   Section        0  system.o(i.can_rx_frame_in)
    can_rx_frame_in                          0x00002419   Thumb Code    44  system.o(i.can_rx_frame_in)
    i.can_rx_frame_out                       0x00002448   Section        0  system.o(i.can_rx_frame_out)
    can_rx_frame_out                         0x00002449   Thumb Code    44  system.o(i.can_rx_frame_out)
    i.cat1_init                              0x00002478   Section        0  system.o(i.cat1_init)
    cat1_init                                0x00002479   Thumb Code   116  system.o(i.cat1_init)
    i.cat1_power_on                          0x000024ec   Section        0  system.o(i.cat1_power_on)
    i.cat1_rx_can_handle                     0x00002550   Section        0  dft_protocol.o(i.cat1_rx_can_handle)
    i.ddl_memclr                             0x00002558   Section        0  ddl.o(i.ddl_memclr)
    i.delay100us                             0x0000256c   Section        0  ddl.o(i.delay100us)
    i.delay10us                              0x000025bc   Section        0  ddl.o(i.delay10us)
    i.delay1ms                               0x0000260c   Section        0  ddl.o(i.delay1ms)
    i.delay_us                               0x00002658   Section        0  system.o(i.delay_us)
    i.dft_find_item                          0x00002678   Section        0  dft_protocol.o(i.dft_find_item)
    i.dft_get_backbat_vol                    0x000026a4   Section        0  dft_protocol.o(i.dft_get_backbat_vol)
    dft_get_backbat_vol                      0x000026a5   Thumb Code    54  dft_protocol.o(i.dft_get_backbat_vol)
    i.dft_get_bat_temp_adc                   0x000026e4   Section        0  dft_protocol.o(i.dft_get_bat_temp_adc)
    dft_get_bat_temp_adc                     0x000026e5   Thumb Code    54  dft_protocol.o(i.dft_get_bat_temp_adc)
    i.dft_get_sys_power_vol                  0x00002724   Section        0  dft_protocol.o(i.dft_get_sys_power_vol)
    dft_get_sys_power_vol                    0x00002725   Thumb Code    52  dft_protocol.o(i.dft_get_sys_power_vol)
    i.dft_gps_get_star_num                   0x00002760   Section        0  dft_protocol.o(i.dft_gps_get_star_num)
    dft_gps_get_star_num                     0x00002761   Thumb Code   208  dft_protocol.o(i.dft_gps_get_star_num)
    i.dft_mcu_cat1_con_gpio                  0x0000283c   Section        0  dft_protocol.o(i.dft_mcu_cat1_con_gpio)
    dft_mcu_cat1_con_gpio                    0x0000283d   Thumb Code   208  dft_protocol.o(i.dft_mcu_cat1_con_gpio)
    i.dft_sys_power_det                      0x00002914   Section        0  dft_protocol.o(i.dft_sys_power_det)
    i.fputc                                  0x0000293c   Section        0  system.o(i.fputc)
    i.main                                   0x00002954   Section        0  main.o(i.main)
    i.mcu_dft_can_res_send                   0x00002a34   Section        0  dft_protocol.o(i.mcu_dft_can_res_send)
    i.mcu_rx_can_handle                      0x00002aa0   Section        0  dft_protocol.o(i.mcu_rx_can_handle)
    i.simulation_uart_tx                     0x00002b10   Section        0  system.o(i.simulation_uart_tx)
    i.sys_power_gpio_init                    0x00002b4e   Section        0  system.o(i.sys_power_gpio_init)
    .constdata                               0x00002b84   Section       24  sysctrl.o(.constdata)
    .constdata                               0x00002b9c   Section        8  uart.o(.constdata)
    .constdata                               0x00002ba4   Section       32  flash.o(.constdata)
    .constdata                               0x00002bc4   Section      129  ctype_o.o(.constdata)
    .constdata                               0x00002c48   Section        4  ctype_o.o(.constdata)
    table                                    0x00002c48   Data           4  ctype_o.o(.constdata)
    .data                                    0x20000000   Section        4  system_hc32l07x.o(.data)
    .data                                    0x20000004   Section        4  system.o(.data)
    .data                                    0x20000008   Section        4  system.o(.data)
    .data                                    0x2000000c   Section        4  system.o(.data)
    .data                                    0x20000010   Section        8  system.o(.data)
    u8RxData_0                               0x20000010   Data           1  system.o(.data)
    u8RxData_1                               0x20000011   Data           1  system.o(.data)
    .data                                    0x20000018   Section      112  dft_protocol.o(.data)
    step                                     0x20000018   Data           1  dft_protocol.o(.data)
    cmd                                      0x20000019   Data           1  dft_protocol.o(.data)
    step                                     0x2000001a   Data           1  dft_protocol.o(.data)
    check_sum                                0x2000001e   Data           2  dft_protocol.o(.data)
    rev_sum                                  0x20000020   Data           2  dft_protocol.o(.data)
    len                                      0x20000022   Data           2  dft_protocol.o(.data)
    i                                        0x20000024   Data           2  dft_protocol.o(.data)
    .data                                    0x20000088   Section        4  stdout.o(.data)
    .data                                    0x2000008c   Section        4  errno.o(.data)
    _errno                                   0x2000008c   Data           4  errno.o(.data)
    .bss                                     0x20000090   Section     5200  system.o(.bss)
    stcRxFrame                               0x20000090   Data          16  system.o(.bss)
    .bss                                     0x200014e0   Section      144  fifo.o(.bss)
    .bss                                     0x20001570   Section      256  dft_protocol.o(.bss)
    buf                                      0x20001570   Data         256  dft_protocol.o(.bss)
    STACK                                    0x20001670   Section      512  startup_hc32l07x.o(STACK)

    Global Symbols

    Symbol Name                              Value     Ov Type        Size  Object(Section)

    BuildAttributes$$THM_ISAv3M$S$PE$A:L22$X:L11$S22$IEEE1$IW$USESV6$~STKCKD$USESV7$~SHL$OTIME$ROPI$EBA8$MICROLIB$REQ8$PRES8$EABIv2 0x00000000   Number         0  anon$$obj.o ABSOLUTE
    __ARM_use_no_argv                        0x00000000   Number         0  main.o ABSOLUTE
    __Vectors                                0x00000000   Data           0  startup_hc32l07x.o(RESET)
    _printf_a                                0x00000000   Number         0  stubs.o ABSOLUTE
    _printf_c                                0x00000000   Number         0  stubs.o ABSOLUTE
    _printf_charcount                        0x00000000   Number         0  stubs.o ABSOLUTE
    _printf_d                                0x00000000   Number         0  stubs.o ABSOLUTE
    _printf_e                                0x00000000   Number         0  stubs.o ABSOLUTE
    _printf_f                                0x00000000   Number         0  stubs.o ABSOLUTE
    _printf_flags                            0x00000000   Number         0  stubs.o ABSOLUTE
    _printf_fp_dec                           0x00000000   Number         0  stubs.o ABSOLUTE
    _printf_fp_hex                           0x00000000   Number         0  stubs.o ABSOLUTE
    _printf_g                                0x00000000   Number         0  stubs.o ABSOLUTE
    _printf_i                                0x00000000   Number         0  stubs.o ABSOLUTE
    _printf_int_dec                          0x00000000   Number         0  stubs.o ABSOLUTE
    _printf_l                                0x00000000   Number         0  stubs.o ABSOLUTE
    _printf_lc                               0x00000000   Number         0  stubs.o ABSOLUTE
    _printf_ll                               0x00000000   Number         0  stubs.o ABSOLUTE
    _printf_lld                              0x00000000   Number         0  stubs.o ABSOLUTE
    _printf_lli                              0x00000000   Number         0  stubs.o ABSOLUTE
    _printf_llo                              0x00000000   Number         0  stubs.o ABSOLUTE
    _printf_llu                              0x00000000   Number         0  stubs.o ABSOLUTE
    _printf_llx                              0x00000000   Number         0  stubs.o ABSOLUTE
    _printf_longlong_dec                     0x00000000   Number         0  stubs.o ABSOLUTE
    _printf_longlong_hex                     0x00000000   Number         0  stubs.o ABSOLUTE
    _printf_longlong_oct                     0x00000000   Number         0  stubs.o ABSOLUTE
    _printf_ls                               0x00000000   Number         0  stubs.o ABSOLUTE
    _printf_mbtowc                           0x00000000   Number         0  stubs.o ABSOLUTE
    _printf_n                                0x00000000   Number         0  stubs.o ABSOLUTE
    _printf_o                                0x00000000   Number         0  stubs.o ABSOLUTE
    _printf_p                                0x00000000   Number         0  stubs.o ABSOLUTE
    _printf_percent                          0x00000000   Number         0  stubs.o ABSOLUTE
    _printf_pre_padding                      0x00000000   Number         0  stubs.o ABSOLUTE
    _printf_return_value                     0x00000000   Number         0  stubs.o ABSOLUTE
    _printf_s                                0x00000000   Number         0  stubs.o ABSOLUTE
    _printf_sizespec                         0x00000000   Number         0  stubs.o ABSOLUTE
    _printf_str                              0x00000000   Number         0  stubs.o ABSOLUTE
    _printf_truncate_signed                  0x00000000   Number         0  stubs.o ABSOLUTE
    _printf_truncate_unsigned                0x00000000   Number         0  stubs.o ABSOLUTE
    _printf_u                                0x00000000   Number         0  stubs.o ABSOLUTE
    _printf_wc                               0x00000000   Number         0  stubs.o ABSOLUTE
    _printf_wctomb                           0x00000000   Number         0  stubs.o ABSOLUTE
    _printf_widthprec                        0x00000000   Number         0  stubs.o ABSOLUTE
    _printf_x                                0x00000000   Number         0  stubs.o ABSOLUTE
    Adc_IRQHandler                            - Undefined Weak Reference
    ClkTrim_IRQHandler                        - Undefined Weak Reference
    Cts_IRQHandler                            - Undefined Weak Reference
    Dac_IRQHandler                            - Undefined Weak Reference
    Dmac_IRQHandler                           - Undefined Weak Reference
    Flash_IRQHandler                          - Undefined Weak Reference
    I2c0_IRQHandler                           - Undefined Weak Reference
    I2c1_IRQHandler                           - Undefined Weak Reference
    I2s0_IRQHandler                           - Undefined Weak Reference
    I2s1_IRQHandler                           - Undefined Weak Reference
    Lcd_IRQHandler                            - Undefined Weak Reference
    LpTim0_IRQHandler                         - Undefined Weak Reference
    LpTim1_IRQHandler                         - Undefined Weak Reference
    LpUart0_IRQHandler                        - Undefined Weak Reference
    LpUart1_IRQHandler                        - Undefined Weak Reference
    Lvd_IRQHandler                            - Undefined Weak Reference
    Pca_IRQHandler                            - Undefined Weak Reference
    Pcnt_IRQHandler                           - Undefined Weak Reference
    PortA_IRQHandler                          - Undefined Weak Reference
    PortB_IRQHandler                          - Undefined Weak Reference
    PortC_IRQHandler                          - Undefined Weak Reference
    PortD_IRQHandler                          - Undefined Weak Reference
    PortE_IRQHandler                          - Undefined Weak Reference
    PortF_IRQHandler                          - Undefined Weak Reference
    Ram_IRQHandler                            - Undefined Weak Reference
    Rtc_IRQHandler                            - Undefined Weak Reference
    Spi0_IRQHandler                           - Undefined Weak Reference
    Spi1_IRQHandler                           - Undefined Weak Reference
    Tim0_IRQHandler                           - Undefined Weak Reference
    Tim1_IRQHandler                           - Undefined Weak Reference
    Tim2_IRQHandler                           - Undefined Weak Reference
    Tim4_IRQHandler                           - Undefined Weak Reference
    Tim5_IRQHandler                           - Undefined Weak Reference
    Tim6_IRQHandler                           - Undefined Weak Reference
    Uart2_IRQHandler                          - Undefined Weak Reference
    Uart3_IRQHandler                          - Undefined Weak Reference
    Usbfs_IRQHandler                          - Undefined Weak Reference
    Vc0_IRQHandler                            - Undefined Weak Reference
    Vc1_IRQHandler                            - Undefined Weak Reference
    Vc2_IRQHandler                            - Undefined Weak Reference
    Wdt_IRQHandler                            - Undefined Weak Reference
    __cpp_initialize__aeabi_                  - Undefined Weak Reference
    __cxa_finalize                            - Undefined Weak Reference
    __decompress                              - Undefined Weak Reference
    _clock_init                               - Undefined Weak Reference
    _microlib_exit                            - Undefined Weak Reference
    _scanf_longlong                           - Undefined Weak Reference
    _scanf_real                               - Undefined Weak Reference
    _scanf_string                             - Undefined Weak Reference
    __Vectors_End                            0x000000c0   Data           0  startup_hc32l07x.o(RESET)
    __Vectors_Size                           0x000000c0   Number         0  startup_hc32l07x.o ABSOLUTE
    __main                                   0x000000c1   Thumb Code     0  entry.o(.ARM.Collect$$$$00000000)
    _main_stk                                0x000000c1   Thumb Code     0  entry2.o(.ARM.Collect$$$$00000001)
    _main_scatterload                        0x000000c5   Thumb Code     0  entry5.o(.ARM.Collect$$$$00000004)
    __main_after_scatterload                 0x000000c9   Thumb Code     0  entry5.o(.ARM.Collect$$$$00000004)
    _main_clock                              0x000000c9   Thumb Code     0  entry7b.o(.ARM.Collect$$$$00000008)
    _main_cpp_init                           0x000000c9   Thumb Code     0  entry8b.o(.ARM.Collect$$$$0000000A)
    _main_init                               0x000000c9   Thumb Code     0  entry9a.o(.ARM.Collect$$$$0000000B)
    __rt_final_cpp                           0x000000d1   Thumb Code     0  entry10a.o(.ARM.Collect$$$$0000000D)
    __rt_final_exit                          0x000000d1   Thumb Code     0  entry11a.o(.ARM.Collect$$$$0000000F)
    Reset_Handler                            0x000000d5   Thumb Code    26  startup_hc32l07x.o(.text)
    NMI_Handler                              0x000000ef   Thumb Code     2  startup_hc32l07x.o(.text)
    SVC_Handler                              0x000000f3   Thumb Code     2  startup_hc32l07x.o(.text)
    PendSV_Handler                           0x000000f5   Thumb Code     2  startup_hc32l07x.o(.text)
    __aeabi_uidiv                            0x00000111   Thumb Code     0  uidiv.o(.text)
    __aeabi_uidivmod                         0x00000111   Thumb Code    44  uidiv.o(.text)
    __aeabi_memcpy                           0x0000013d   Thumb Code    36  memcpya.o(.text)
    __aeabi_memcpy4                          0x0000013d   Thumb Code     0  memcpya.o(.text)
    __aeabi_memcpy8                          0x0000013d   Thumb Code     0  memcpya.o(.text)
    __aeabi_memset                           0x00000161   Thumb Code    14  memseta.o(.text)
    __aeabi_memset4                          0x00000161   Thumb Code     0  memseta.o(.text)
    __aeabi_memset8                          0x00000161   Thumb Code     0  memseta.o(.text)
    __aeabi_memclr                           0x0000016f   Thumb Code     4  memseta.o(.text)
    __aeabi_memclr4                          0x0000016f   Thumb Code     0  memseta.o(.text)
    __aeabi_memclr8                          0x0000016f   Thumb Code     0  memseta.o(.text)
    _memset$wrapper                          0x00000173   Thumb Code    18  memseta.o(.text)
    strstr                                   0x00000185   Thumb Code    40  strstr.o(.text)
    strchr                                   0x000001ad   Thumb Code    20  strchr.o(.text)
    atoi                                     0x000001c1   Thumb Code    26  atoi.o(.text)
    __aeabi_fadd                             0x000001db   Thumb Code   162  fadd.o(.text)
    __aeabi_fsub                             0x0000027d   Thumb Code     8  fadd.o(.text)
    __aeabi_frsub                            0x00000285   Thumb Code     8  fadd.o(.text)
    __aeabi_fdiv                             0x0000028d   Thumb Code   124  fdiv.o(.text)
    __aeabi_ui2f                             0x00000309   Thumb Code    14  ffltui.o(.text)
    __aeabi_f2uiz                            0x00000317   Thumb Code    40  ffixui.o(.text)
    __aeabi_uldivmod                         0x0000033f   Thumb Code    96  uldiv.o(.text)
    _chval                                   0x0000039f   Thumb Code    30  _chval.o(.text)
    strtol                                   0x000003bd   Thumb Code   108  strtol.o(.text)
    __I$use$fp                               0x0000042d   Thumb Code     0  iusefp.o(.text)
    _float_round                             0x0000042d   Thumb Code    16  fepilogue.o(.text)
    _float_epilogue                          0x0000043d   Thumb Code   114  fepilogue.o(.text)
    __scatterload                            0x000004b1   Thumb Code    28  init.o(.text)
    __scatterload_rt2                        0x000004b1   Thumb Code     0  init.o(.text)
    __aeabi_llsl                             0x000004d5   Thumb Code    32  llshl.o(.text)
    _ll_shift_l                              0x000004d5   Thumb Code     0  llshl.o(.text)
    __aeabi_llsr                             0x000004f5   Thumb Code    34  llushr.o(.text)
    _ll_ushift_r                             0x000004f5   Thumb Code     0  llushr.o(.text)
    __rt_ctype_table                         0x00000519   Thumb Code     4  ctype_o.o(.text)
    _strtoul                                 0x00000521   Thumb Code   166  _strtoul.o(.text)
    main                                     0x000005c7   Thumb Code    14  system_hc32l07x.o(i.$Sub$$main)
    ADC_DAC_IRQHandler                       0x000005d5   Thumb Code    12  interrupts_hc32l07x.o(i.ADC_DAC_IRQHandler)
    Adc_CfgSqrChannel                        0x000005e1   Thumb Code   260  adc.o(i.Adc_CfgSqrChannel)
    Adc_ClrIrqStatus                         0x000006e9   Thumb Code    10  adc.o(i.Adc_ClrIrqStatus)
    Adc_GetIrqStatus                         0x000006f9   Thumb Code    16  adc.o(i.Adc_GetIrqStatus)
    Adc_GetSqrResult                         0x0000070d   Thumb Code     8  adc.o(i.Adc_GetSqrResult)
    Adc_Init                                 0x00000719   Thumb Code    82  adc.o(i.Adc_Init)
    Adc_SQR_Start                            0x00000771   Thumb Code     8  adc.o(i.Adc_SQR_Start)
    Adc_SqrModeCfg                           0x0000077d   Thumb Code    90  adc.o(i.Adc_SqrModeCfg)
    App_AdcInit                              0x000007dd   Thumb Code    58  system.o(i.App_AdcInit)
    App_AdcPortInit                          0x00000817   Thumb Code    36  system.o(i.App_AdcPortInit)
    App_AdcSQRCfg                            0x0000083b   Thumb Code    58  system.o(i.App_AdcSQRCfg)
    App_SystemClkInit_PLL48M_byXTH           0x00000965   Thumb Code    88  system.o(i.App_SystemClkInit_PLL48M_byXTH)
    App_Timer3Cfg                            0x000009bd   Thumb Code    86  system.o(i.App_Timer3Cfg)
    Bgr_BgrEnable                            0x00000a15   Thumb Code    20  bgr.o(i.Bgr_BgrEnable)
    CAN_FilterConfig                         0x00000a2d   Thumb Code   128  can.o(i.CAN_FilterConfig)
    CAN_IRQHandler                           0x00000ab1   Thumb Code     8  interrupts_hc32l07x.o(i.CAN_IRQHandler)
    CAN_Init                                 0x00000ab9   Thumb Code   176  can.o(i.CAN_Init)
    CAN_IrqCmd                               0x00000b6d   Thumb Code    18  can.o(i.CAN_IrqCmd)
    CAN_IrqFlgClr                            0x00000b85   Thumb Code    14  can.o(i.CAN_IrqFlgClr)
    CAN_IrqFlgGet                            0x00000b9d   Thumb Code    16  can.o(i.CAN_IrqFlgGet)
    CAN_ModeConfig                           0x00000bb1   Thumb Code    52  can.o(i.CAN_ModeConfig)
    CAN_Rec_Prase                            0x00000be9   Thumb Code    70  dft_protocol.o(i.CAN_Rec_Prase)
    CAN_Receive                              0x00000c39   Thumb Code    32  can.o(i.CAN_Receive)
    CAN_SetFrame                             0x00000c5d   Thumb Code    52  can.o(i.CAN_SetFrame)
    CAN_StatusGet                            0x00000c95   Thumb Code    16  can.o(i.CAN_StatusGet)
    CAN_TransmitCmd                          0x00000ca9   Thumb Code    10  can.o(i.CAN_TransmitCmd)
    CLKTRIM_CTS_IRQHandler                   0x00000cb9   Thumb Code    12  interrupts_hc32l07x.o(i.CLKTRIM_CTS_IRQHandler)
    Can_IRQHandler                           0x00000cc5   Thumb Code    38  system.o(i.Can_IRQHandler)
    DDL_ConsoleOutputChar                    0x00000cf1   Thumb Code    10  system.o(i.DDL_ConsoleOutputChar)
    DMAC_IRQHandler                          0x00000cfb   Thumb Code     8  interrupts_hc32l07x.o(i.DMAC_IRQHandler)
    EnableNvic                               0x00000d05   Thumb Code    88  interrupts_hc32l07x.o(i.EnableNvic)
    FIFO_Clean_Buf                           0x00000d6d   Thumb Code    18  fifo.o(i.FIFO_Clean_Buf)
    FIFO_Init                                0x00000d85   Thumb Code    22  fifo.o(i.FIFO_Init)
    FIFO_Rece_Buf                            0x00000da1   Thumb Code    78  fifo.o(i.FIFO_Rece_Buf)
    FIFO_Size_Check                          0x00000df5   Thumb Code    56  fifo.o(i.FIFO_Size_Check)
    FIFO_Valid_Size                          0x00000e31   Thumb Code    12  fifo.o(i.FIFO_Valid_Size)
    FIFO_Write_OneByte                       0x00000e41   Thumb Code    56  fifo.o(i.FIFO_Write_OneByte)
    FLASH_RAM_IRQHandler                     0x00000e7d   Thumb Code    12  interrupts_hc32l07x.o(i.FLASH_RAM_IRQHandler)
    Flash_Init                               0x00000e89   Thumb Code   150  flash.o(i.Flash_Init)
    Flash_WaitCycle                          0x00000f31   Thumb Code    32  flash.o(i.Flash_WaitCycle)
    GetBit                                   0x00000f5d   Thumb Code    10  ddl.o(i.GetBit)
    Gpio_ClrIO                               0x00000f69   Thumb Code    16  gpio.o(i.Gpio_ClrIO)
    Gpio_GetInputIO                          0x00000f7d   Thumb Code    12  gpio.o(i.Gpio_GetInputIO)
    Gpio_Init                                0x00000f8d   Thumb Code   138  gpio.o(i.Gpio_Init)
    Gpio_SetAfMode                           0x00001025   Thumb Code    14  gpio.o(i.Gpio_SetAfMode)
    Gpio_SetAnalogMode                       0x00001039   Thumb Code    16  gpio.o(i.Gpio_SetAnalogMode)
    Gpio_SetIO                               0x0000104d   Thumb Code    16  gpio.o(i.Gpio_SetIO)
    HardFault_Handler                        0x00001061   Thumb Code    12  interrupts_hc32l07x.o(i.HardFault_Handler)
    I2C0_IRQHandler                          0x0000106d   Thumb Code     8  interrupts_hc32l07x.o(i.I2C0_IRQHandler)
    I2C1_IRQHandler                          0x00001075   Thumb Code     8  interrupts_hc32l07x.o(i.I2C1_IRQHandler)
    IOT_Rec_Parse                            0x0000107d   Thumb Code   262  dft_protocol.o(i.IOT_Rec_Parse)
    IOT_cmd_data_send                        0x000011c5   Thumb Code    92  dft_protocol.o(i.IOT_cmd_data_send)
    IOT_rcv_data_handler                     0x00001221   Thumb Code   116  dft_protocol.o(i.IOT_rcv_data_handler)
    Iot_Can_Send                             0x000012a5   Thumb Code    52  system.o(i.Iot_Can_Send)
    LCD_IRQHandler                           0x000012d9   Thumb Code     8  interrupts_hc32l07x.o(i.LCD_IRQHandler)
    LPTIM0_1_IRQHandler                      0x000012e1   Thumb Code    12  interrupts_hc32l07x.o(i.LPTIM0_1_IRQHandler)
    LPUART0_IRQHandler                       0x000012ed   Thumb Code     8  interrupts_hc32l07x.o(i.LPUART0_IRQHandler)
    LPUART1_IRQHandler                       0x000012f5   Thumb Code     8  interrupts_hc32l07x.o(i.LPUART1_IRQHandler)
    PCA_IRQHandler                           0x000012fd   Thumb Code     8  interrupts_hc32l07x.o(i.PCA_IRQHandler)
    PCNT_IRQHandler                          0x00001305   Thumb Code     8  interrupts_hc32l07x.o(i.PCNT_IRQHandler)
    PORTA_IRQHandler                         0x0000130d   Thumb Code     8  interrupts_hc32l07x.o(i.PORTA_IRQHandler)
    PORTB_IRQHandler                         0x00001315   Thumb Code     8  interrupts_hc32l07x.o(i.PORTB_IRQHandler)
    PORTC_E_IRQHandler                       0x0000131d   Thumb Code    12  interrupts_hc32l07x.o(i.PORTC_E_IRQHandler)
    PORTD_F_IRQHandler                       0x00001329   Thumb Code    12  interrupts_hc32l07x.o(i.PORTD_F_IRQHandler)
    RTC_IRQHandler                           0x00001335   Thumb Code     8  interrupts_hc32l07x.o(i.RTC_IRQHandler)
    SPI0_I2S0_IRQHandler                     0x0000133d   Thumb Code    12  interrupts_hc32l07x.o(i.SPI0_I2S0_IRQHandler)
    SPI1_I2S1_IRQHandler                     0x00001349   Thumb Code    12  interrupts_hc32l07x.o(i.SPI1_I2S1_IRQHandler)
    SetBit                                   0x00001355   Thumb Code    20  ddl.o(i.SetBit)
    SysTick_Handler                          0x00001369   Thumb Code     8  interrupts_hc32l07x.o(i.SysTick_Handler)
    SysTick_IRQHandler                       0x00001371   Thumb Code     2  system.o(i.SysTick_IRQHandler)
    Sys_Init                                 0x00001375   Thumb Code   258  system.o(i.Sys_Init)
    Sysctrl_ClkSourceEnable                  0x00001521   Thumb Code   268  sysctrl.o(i.Sysctrl_ClkSourceEnable)
    Sysctrl_GetHClkFreq                      0x0000163d   Thumb Code   298  sysctrl.o(i.Sysctrl_GetHClkFreq)
    Sysctrl_GetPClkFreq                      0x00001779   Thumb Code    18  sysctrl.o(i.Sysctrl_GetPClkFreq)
    Sysctrl_SetHCLKDiv                       0x00001791   Thumb Code    30  sysctrl.o(i.Sysctrl_SetHCLKDiv)
    Sysctrl_SetPCLKDiv                       0x000017b5   Thumb Code    30  sysctrl.o(i.Sysctrl_SetPCLKDiv)
    Sysctrl_SetPLLFreq                       0x000017d9   Thumb Code   204  sysctrl.o(i.Sysctrl_SetPLLFreq)
    Sysctrl_SetPeripheralGate                0x000018b5   Thumb Code    30  sysctrl.o(i.Sysctrl_SetPeripheralGate)
    Sysctrl_SetXTHFreq                       0x000018d9   Thumb Code    24  sysctrl.o(i.Sysctrl_SetXTHFreq)
    Sysctrl_SetXTHStableTime                 0x000018f5   Thumb Code    24  sysctrl.o(i.Sysctrl_SetXTHStableTime)
    Sysctrl_SysClkSwitch                     0x00001911   Thumb Code    34  sysctrl.o(i.Sysctrl_SysClkSwitch)
    Sysctrl_XTHDriverCfg                     0x00001939   Thumb Code    22  sysctrl.o(i.Sysctrl_XTHDriverCfg)
    SystemCoreClockUpdate                    0x00001955   Thumb Code    12  system_hc32l07x.o(i.SystemCoreClockUpdate)
    SystemInit                               0x00001965   Thumb Code    84  system_hc32l07x.o(i.SystemInit)
    TIM0_IRQHandler                          0x000019c9   Thumb Code     8  interrupts_hc32l07x.o(i.TIM0_IRQHandler)
    TIM1_IRQHandler                          0x000019d1   Thumb Code     8  interrupts_hc32l07x.o(i.TIM1_IRQHandler)
    TIM2_IRQHandler                          0x000019d9   Thumb Code     8  interrupts_hc32l07x.o(i.TIM2_IRQHandler)
    TIM3_IRQHandler                          0x000019e1   Thumb Code     8  interrupts_hc32l07x.o(i.TIM3_IRQHandler)
    TIM4_IRQHandler                          0x000019e9   Thumb Code     8  interrupts_hc32l07x.o(i.TIM4_IRQHandler)
    TIM5_IRQHandler                          0x000019f1   Thumb Code     8  interrupts_hc32l07x.o(i.TIM5_IRQHandler)
    TIM6_IRQHandler                          0x000019f9   Thumb Code     8  interrupts_hc32l07x.o(i.TIM6_IRQHandler)
    Tim3_ClearIntFlag                        0x00001a01   Thumb Code    16  timer3.o(i.Tim3_ClearIntFlag)
    Tim3_GetIntFlag                          0x00001a15   Thumb Code    12  timer3.o(i.Tim3_GetIntFlag)
    Tim3_IRQHandler                          0x00001a25   Thumb Code    52  system.o(i.Tim3_IRQHandler)
    Tim3_M0_ARRSet                           0x00001a61   Thumb Code    18  timer3.o(i.Tim3_M0_ARRSet)
    Tim3_M0_Cnt16Set                         0x00001a79   Thumb Code    18  timer3.o(i.Tim3_M0_Cnt16Set)
    Tim3_M0_Run                              0x00001a91   Thumb Code    14  timer3.o(i.Tim3_M0_Run)
    Tim3_Mode0_EnableIrq                     0x00001aa5   Thumb Code    14  timer3.o(i.Tim3_Mode0_EnableIrq)
    Tim3_Mode0_Init                          0x00001ab9   Thumb Code   124  timer3.o(i.Tim3_Mode0_Init)
    UART0_2_IRQHandler                       0x00001b39   Thumb Code    12  interrupts_hc32l07x.o(i.UART0_2_IRQHandler)
    UART1_3_IRQHandler                       0x00001bf9   Thumb Code    12  interrupts_hc32l07x.o(i.UART1_3_IRQHandler)
    USBFS_IRQHandler                         0x00001ca9   Thumb Code     8  interrupts_hc32l07x.o(i.USBFS_IRQHandler)
    Uart0_IRQHandler                         0x00001cb1   Thumb Code    46  system.o(i.Uart0_IRQHandler)
    Uart0_Send_Iot                           0x00001ce5   Thumb Code    38  system.o(i.Uart0_Send_Iot)
    Uart1_IRQHandler                         0x00001d0d   Thumb Code    44  system.o(i.Uart1_IRQHandler)
    Uart_ClrStatus                           0x00001d41   Thumb Code    14  uart.o(i.Uart_ClrStatus)
    Uart_EnableFunc                          0x00001d4f   Thumb Code    14  uart.o(i.Uart_EnableFunc)
    Uart_EnableIrq                           0x00001d5d   Thumb Code    14  uart.o(i.Uart_EnableIrq)
    Uart_GetStatus                           0x00001d6b   Thumb Code    10  uart.o(i.Uart_GetStatus)
    Uart_Init                                0x00001d75   Thumb Code   112  uart.o(i.Uart_Init)
    Uart_ReceiveData                         0x00001de9   Thumb Code     6  uart.o(i.Uart_ReceiveData)
    Uart_SendDataPoll                        0x00001def   Thumb Code    52  uart.o(i.Uart_SendDataPoll)
    VC0_1_2_LVD_IRQHandler                   0x00001e23   Thumb Code    20  interrupts_hc32l07x.o(i.VC0_1_2_LVD_IRQHandler)
    WDT_IRQHandler                           0x00001e37   Thumb Code     8  interrupts_hc32l07x.o(i.WDT_IRQHandler)
    Wdt_Feed                                 0x00001e41   Thumb Code    12  wdt.o(i.Wdt_Feed)
    Wdt_Init                                 0x00001e51   Thumb Code    30  wdt.o(i.Wdt_Init)
    Wdt_Start                                0x00001e75   Thumb Code    12  wdt.o(i.Wdt_Start)
    Wdt_WriteWdtLoad                         0x00001e85   Thumb Code    18  wdt.o(i.Wdt_WriteWdtLoad)
    __0printf$8                              0x00001eb5   Thumb Code    24  printf8.o(i.__0printf$8)
    __1printf$8                              0x00001eb5   Thumb Code     0  printf8.o(i.__0printf$8)
    __2printf                                0x00001eb5   Thumb Code     0  printf8.o(i.__0printf$8)
    __ARM_common_switch8                     0x00001ed5   Thumb Code    26  dft_protocol.o(i.__ARM_common_switch8)
    __aeabi_errno_addr                       0x00001ef1   Thumb Code     4  errno.o(i.__aeabi_errno_addr)
    __rt_errno_addr                          0x00001ef1   Thumb Code     0  errno.o(i.__aeabi_errno_addr)
    __scatterload_copy                       0x00001ef9   Thumb Code    14  handlers.o(i.__scatterload_copy)
    __scatterload_null                       0x00001f07   Thumb Code     2  handlers.o(i.__scatterload_null)
    __scatterload_zeroinit                   0x00001f09   Thumb Code    14  handlers.o(i.__scatterload_zeroinit)
    ble_Package_CheckSum                     0x0000238d   Thumb Code    28  dft_protocol.o(i.ble_Package_CheckSum)
    can_rec_data_handle                      0x000023c7   Thumb Code    46  dft_protocol.o(i.can_rec_data_handle)
    can_rx_dispitch                          0x000023f5   Thumb Code    30  system.o(i.can_rx_dispitch)
    cat1_power_on                            0x000024ed   Thumb Code    78  system.o(i.cat1_power_on)
    cat1_rx_can_handle                       0x00002551   Thumb Code     8  dft_protocol.o(i.cat1_rx_can_handle)
    ddl_memclr                               0x00002559   Thumb Code    18  ddl.o(i.ddl_memclr)
    delay100us                               0x0000256d   Thumb Code    62  ddl.o(i.delay100us)
    delay10us                                0x000025bd   Thumb Code    62  ddl.o(i.delay10us)
    delay1ms                                 0x0000260d   Thumb Code    64  ddl.o(i.delay1ms)
    delay_us                                 0x00002659   Thumb Code    32  system.o(i.delay_us)
    dft_find_item                            0x00002679   Thumb Code    38  dft_protocol.o(i.dft_find_item)
    dft_sys_power_det                        0x00002915   Thumb Code    34  dft_protocol.o(i.dft_sys_power_det)
    fputc                                    0x0000293d   Thumb Code    24  system.o(i.fputc)
    $Super$$main                             0x00002955   Thumb Code   128  main.o(i.main)
    mcu_dft_can_res_send                     0x00002a35   Thumb Code   108  dft_protocol.o(i.mcu_dft_can_res_send)
    mcu_rx_can_handle                        0x00002aa1   Thumb Code   102  dft_protocol.o(i.mcu_rx_can_handle)
    simulation_uart_tx                       0x00002b11   Thumb Code    62  system.o(i.simulation_uart_tx)
    sys_power_gpio_init                      0x00002b4f   Thumb Code    54  system.o(i.sys_power_gpio_init)
    pu32PcgTimer4M                           0x00002ba4   Data          32  flash.o(.constdata)
    __ctype_table                            0x00002bc4   Data         129  ctype_o.o(.constdata)
    Region$$Table$$Base                      0x00002c4c   Number         0  anon$$obj.o(Region$$Table)
    Region$$Table$$Limit                     0x00002c6c   Number         0  anon$$obj.o(Region$$Table)
    SystemCoreClock                          0x20000000   Data           4  system_hc32l07x.o(.data)
    power48v_adc_val                         0x20000004   Data           4  system.o(.data)
    bat_adc_val                              0x20000008   Data           4  system.o(.data)
    bat_temp_adc_val                         0x2000000c   Data           4  system.o(.data)
    cur_tick                                 0x20000014   Data           4  system.o(.data)
    g_cat1_power_flag                        0x2000001b   Data           1  dft_protocol.o(.data)
    g_con_cat1_gpio_flag                     0x2000001c   Data           1  dft_protocol.o(.data)
    dft_mcu_con                              0x20000026   Data           2  dft_protocol.o(.data)
    dft_mcu_table                            0x20000028   Data          96  dft_protocol.o(.data)
    __stdout                                 0x20000088   Data           4  stdout.o(.data)
    sys_time                                 0x200000a0   Data          40  system.o(.bss)
    can_rx_frame                             0x200000c8   Data          24  system.o(.bss)
    rx_buff                                  0x200000e0   Data         512  system.o(.bss)
    gps_rx_buff                              0x200002e0   Data         512  system.o(.bss)
    can_ota_buf                              0x200004e0   Data        4096  system.o(.bss)
    RxFIFO                                   0x200014e0   Data         144  fifo.o(.bss)
    __initial_sp                             0x20001870   Data           0  startup_hc32l07x.o(STACK)



==============================================================================

Memory Map of the image

  Image Entry point : 0x000000c1

  Load Region LR_IROM1 (Base: 0x00000000, Size: 0x00002cfc, Max: 0x00020000, ABSOLUTE)

    Execution Region ER_IROM1 (Base: 0x00000000, Size: 0x00002c6c, Max: 0x00020000, ABSOLUTE)

    Base Addr    Size         Type   Attr      Idx    E Section Name        Object

    0x00000000   0x000000c0   Data   RO            3    RESET               startup_hc32l07x.o
    0x000000c0   0x00000000   Code   RO         2727  * .ARM.Collect$$$$00000000  mc_p.l(entry.o)
    0x000000c0   0x00000004   Code   RO         3019    .ARM.Collect$$$$00000001  mc_p.l(entry2.o)
    0x000000c4   0x00000004   Code   RO         3022    .ARM.Collect$$$$00000004  mc_p.l(entry5.o)
    0x000000c8   0x00000000   Code   RO         3024    .ARM.Collect$$$$00000008  mc_p.l(entry7b.o)
    0x000000c8   0x00000000   Code   RO         3026    .ARM.Collect$$$$0000000A  mc_p.l(entry8b.o)
    0x000000c8   0x00000008   Code   RO         3027    .ARM.Collect$$$$0000000B  mc_p.l(entry9a.o)
    0x000000d0   0x00000000   Code   RO         3029    .ARM.Collect$$$$0000000D  mc_p.l(entry10a.o)
    0x000000d0   0x00000000   Code   RO         3031    .ARM.Collect$$$$0000000F  mc_p.l(entry11a.o)
    0x000000d0   0x00000004   Code   RO         3020    .ARM.Collect$$$$00002712  mc_p.l(entry2.o)
    0x000000d4   0x0000003c   Code   RO            4    .text               startup_hc32l07x.o
    0x00000110   0x0000002c   Code   RO         2730    .text               mc_p.l(uidiv.o)
    0x0000013c   0x00000024   Code   RO         2732    .text               mc_p.l(memcpya.o)
    0x00000160   0x00000024   Code   RO         2734    .text               mc_p.l(memseta.o)
    0x00000184   0x00000028   Code   RO         2736    .text               mc_p.l(strstr.o)
    0x000001ac   0x00000014   Code   RO         2738    .text               mc_p.l(strchr.o)
    0x000001c0   0x0000001a   Code   RO         3009    .text               mc_p.l(atoi.o)
    0x000001da   0x000000b2   Code   RO         3011    .text               mf_p.l(fadd.o)
    0x0000028c   0x0000007c   Code   RO         3013    .text               mf_p.l(fdiv.o)
    0x00000308   0x0000000e   Code   RO         3015    .text               mf_p.l(ffltui.o)
    0x00000316   0x00000028   Code   RO         3017    .text               mf_p.l(ffixui.o)
    0x0000033e   0x00000060   Code   RO         3034    .text               mc_p.l(uldiv.o)
    0x0000039e   0x0000001e   Code   RO         3043    .text               mc_p.l(_chval.o)
    0x000003bc   0x00000070   Code   RO         3049    .text               mc_p.l(strtol.o)
    0x0000042c   0x00000000   Code   RO         3051    .text               mc_p.l(iusefp.o)
    0x0000042c   0x00000082   Code   RO         3052    .text               mf_p.l(fepilogue.o)
    0x000004ae   0x00000002   PAD
    0x000004b0   0x00000024   Code   RO         3064    .text               mc_p.l(init.o)
    0x000004d4   0x00000020   Code   RO         3066    .text               mc_p.l(llshl.o)
    0x000004f4   0x00000022   Code   RO         3068    .text               mc_p.l(llushr.o)
    0x00000516   0x00000002   PAD
    0x00000518   0x00000008   Code   RO         3074    .text               mc_p.l(ctype_o.o)
    0x00000520   0x000000a6   Code   RO         3104    .text               mc_p.l(_strtoul.o)
    0x000005c6   0x0000000e   Code   RO          290    i.$Sub$$main        system_hc32l07x.o
    0x000005d4   0x0000000c   Code   RO           12    i.ADC_DAC_IRQHandler  interrupts_hc32l07x.o
    0x000005e0   0x00000108   Code   RO         2389    i.Adc_CfgSqrChannel  adc.o
    0x000006e8   0x00000010   Code   RO         2392    i.Adc_ClrIrqStatus  adc.o
    0x000006f8   0x00000014   Code   RO         2398    i.Adc_GetIrqStatus  adc.o
    0x0000070c   0x0000000c   Code   RO         2401    i.Adc_GetSqrResult  adc.o
    0x00000718   0x00000058   Code   RO         2402    i.Adc_Init          adc.o
    0x00000770   0x0000000c   Code   RO         2411    i.Adc_SQR_Start     adc.o
    0x0000077c   0x00000060   Code   RO         2415    i.Adc_SqrModeCfg    adc.o
    0x000007dc   0x0000003a   Code   RO          398    i.App_AdcInit       system.o
    0x00000816   0x00000024   Code   RO          399    i.App_AdcPortInit   system.o
    0x0000083a   0x0000003a   Code   RO          400    i.App_AdcSQRCfg     system.o
    0x00000874   0x000000f0   Code   RO          401    i.App_Can_init      system.o
    0x00000964   0x00000058   Code   RO          403    i.App_SystemClkInit_PLL48M_byXTH  system.o
    0x000009bc   0x00000056   Code   RO          404    i.App_Timer3Cfg     system.o
    0x00000a12   0x00000002   PAD
    0x00000a14   0x00000018   Code   RO         2582    i.Bgr_BgrEnable     bgr.o
    0x00000a2c   0x00000084   Code   RO         1336    i.CAN_FilterConfig  can.o
    0x00000ab0   0x00000008   Code   RO           13    i.CAN_IRQHandler    interrupts_hc32l07x.o
    0x00000ab8   0x000000b4   Code   RO         1337    i.CAN_Init          can.o
    0x00000b6c   0x00000018   Code   RO         1338    i.CAN_IrqCmd        can.o
    0x00000b84   0x00000018   Code   RO         1339    i.CAN_IrqFlgClr     can.o
    0x00000b9c   0x00000014   Code   RO         1340    i.CAN_IrqFlgGet     can.o
    0x00000bb0   0x00000038   Code   RO         1341    i.CAN_ModeConfig    can.o
    0x00000be8   0x00000050   Code   RO          824    i.CAN_Rec_Prase     dft_protocol.o
    0x00000c38   0x00000024   Code   RO         1342    i.CAN_Receive       can.o
    0x00000c5c   0x00000038   Code   RO         1345    i.CAN_SetFrame      can.o
    0x00000c94   0x00000014   Code   RO         1346    i.CAN_StatusGet     can.o
    0x00000ca8   0x00000010   Code   RO         1347    i.CAN_TransmitCmd   can.o
    0x00000cb8   0x0000000c   Code   RO           14    i.CLKTRIM_CTS_IRQHandler  interrupts_hc32l07x.o
    0x00000cc4   0x0000002c   Code   RO          405    i.Can_IRQHandler    system.o
    0x00000cf0   0x0000000a   Code   RO          406    i.DDL_ConsoleOutputChar  system.o
    0x00000cfa   0x00000008   Code   RO           15    i.DMAC_IRQHandler   interrupts_hc32l07x.o
    0x00000d02   0x00000002   PAD
    0x00000d04   0x00000068   Code   RO           16    i.EnableNvic        interrupts_hc32l07x.o
    0x00000d6c   0x00000018   Code   RO          612    i.FIFO_Clean_Buf    fifo.o
    0x00000d84   0x0000001c   Code   RO          617    i.FIFO_Init         fifo.o
    0x00000da0   0x00000054   Code   RO          618    i.FIFO_Rece_Buf     fifo.o
    0x00000df4   0x0000003c   Code   RO          620    i.FIFO_Size_Check   fifo.o
    0x00000e30   0x00000010   Code   RO          621    i.FIFO_Valid_Size   fifo.o
    0x00000e40   0x0000003c   Code   RO          623    i.FIFO_Write_OneByte  fifo.o
    0x00000e7c   0x0000000c   Code   RO           17    i.FLASH_RAM_IRQHandler  interrupts_hc32l07x.o
    0x00000e88   0x000000a8   Code   RO         1799    i.Flash_Init        flash.o
    0x00000f30   0x0000002c   Code   RO         1804    i.Flash_WaitCycle   flash.o
    0x00000f5c   0x0000000a   Code   RO          951    i.GetBit            ddl.o
    0x00000f66   0x00000002   PAD
    0x00000f68   0x00000014   Code   RO         1164    i.Gpio_ClrIO        gpio.o
    0x00000f7c   0x00000010   Code   RO         1169    i.Gpio_GetInputIO   gpio.o
    0x00000f8c   0x00000098   Code   RO         1171    i.Gpio_Init         gpio.o
    0x00001024   0x00000014   Code   RO         1173    i.Gpio_SetAfMode    gpio.o
    0x00001038   0x00000014   Code   RO         1174    i.Gpio_SetAnalogMode  gpio.o
    0x0000104c   0x00000014   Code   RO         1176    i.Gpio_SetIO        gpio.o
    0x00001060   0x0000000c   Code   RO           18    i.HardFault_Handler  interrupts_hc32l07x.o
    0x0000106c   0x00000008   Code   RO           19    i.I2C0_IRQHandler   interrupts_hc32l07x.o
    0x00001074   0x00000008   Code   RO           20    i.I2C1_IRQHandler   interrupts_hc32l07x.o
    0x0000107c   0x00000148   Code   RO          825    i.IOT_Rec_Parse     dft_protocol.o
    0x000011c4   0x0000005c   Code   RO          826    i.IOT_cmd_data_send  dft_protocol.o
    0x00001220   0x00000084   Code   RO          827    i.IOT_rcv_data_handler  dft_protocol.o
    0x000012a4   0x00000034   Code   RO          407    i.Iot_Can_Send      system.o
    0x000012d8   0x00000008   Code   RO           21    i.LCD_IRQHandler    interrupts_hc32l07x.o
    0x000012e0   0x0000000c   Code   RO           22    i.LPTIM0_1_IRQHandler  interrupts_hc32l07x.o
    0x000012ec   0x00000008   Code   RO           23    i.LPUART0_IRQHandler  interrupts_hc32l07x.o
    0x000012f4   0x00000008   Code   RO           24    i.LPUART1_IRQHandler  interrupts_hc32l07x.o
    0x000012fc   0x00000008   Code   RO           25    i.PCA_IRQHandler    interrupts_hc32l07x.o
    0x00001304   0x00000008   Code   RO           26    i.PCNT_IRQHandler   interrupts_hc32l07x.o
    0x0000130c   0x00000008   Code   RO           27    i.PORTA_IRQHandler  interrupts_hc32l07x.o
    0x00001314   0x00000008   Code   RO           28    i.PORTB_IRQHandler  interrupts_hc32l07x.o
    0x0000131c   0x0000000c   Code   RO           29    i.PORTC_E_IRQHandler  interrupts_hc32l07x.o
    0x00001328   0x0000000c   Code   RO           30    i.PORTD_F_IRQHandler  interrupts_hc32l07x.o
    0x00001334   0x00000008   Code   RO           31    i.RTC_IRQHandler    interrupts_hc32l07x.o
    0x0000133c   0x0000000c   Code   RO           32    i.SPI0_I2S0_IRQHandler  interrupts_hc32l07x.o
    0x00001348   0x0000000c   Code   RO           33    i.SPI1_I2S1_IRQHandler  interrupts_hc32l07x.o
    0x00001354   0x00000014   Code   RO          953    i.SetBit            ddl.o
    0x00001368   0x00000008   Code   RO           34    i.SysTick_Handler   interrupts_hc32l07x.o
    0x00001370   0x00000002   Code   RO          408    i.SysTick_IRQHandler  system.o
    0x00001372   0x00000002   PAD
    0x00001374   0x000001ac   Code   RO          409    i.Sys_Init          system.o
    0x00001520   0x0000011c   Code   RO         1009    i.Sysctrl_ClkSourceEnable  sysctrl.o
    0x0000163c   0x0000013c   Code   RO         1010    i.Sysctrl_GetHClkFreq  sysctrl.o
    0x00001778   0x00000018   Code   RO         1011    i.Sysctrl_GetPClkFreq  sysctrl.o
    0x00001790   0x00000024   Code   RO         1014    i.Sysctrl_SetHCLKDiv  sysctrl.o
    0x000017b4   0x00000024   Code   RO         1015    i.Sysctrl_SetPCLKDiv  sysctrl.o
    0x000017d8   0x000000dc   Code   RO         1016    i.Sysctrl_SetPLLFreq  sysctrl.o
    0x000018b4   0x00000024   Code   RO         1018    i.Sysctrl_SetPeripheralGate  sysctrl.o
    0x000018d8   0x0000001c   Code   RO         1023    i.Sysctrl_SetXTHFreq  sysctrl.o
    0x000018f4   0x0000001c   Code   RO         1024    i.Sysctrl_SetXTHStableTime  sysctrl.o
    0x00001910   0x00000028   Code   RO         1026    i.Sysctrl_SysClkSwitch  sysctrl.o
    0x00001938   0x0000001c   Code   RO         1029    i.Sysctrl_XTHDriverCfg  sysctrl.o
    0x00001954   0x00000010   Code   RO          291    i.SystemCoreClockUpdate  system_hc32l07x.o
    0x00001964   0x00000064   Code   RO          292    i.SystemInit        system_hc32l07x.o
    0x000019c8   0x00000008   Code   RO           35    i.TIM0_IRQHandler   interrupts_hc32l07x.o
    0x000019d0   0x00000008   Code   RO           36    i.TIM1_IRQHandler   interrupts_hc32l07x.o
    0x000019d8   0x00000008   Code   RO           37    i.TIM2_IRQHandler   interrupts_hc32l07x.o
    0x000019e0   0x00000008   Code   RO           38    i.TIM3_IRQHandler   interrupts_hc32l07x.o
    0x000019e8   0x00000008   Code   RO           39    i.TIM4_IRQHandler   interrupts_hc32l07x.o
    0x000019f0   0x00000008   Code   RO           40    i.TIM5_IRQHandler   interrupts_hc32l07x.o
    0x000019f8   0x00000008   Code   RO           41    i.TIM6_IRQHandler   interrupts_hc32l07x.o
    0x00001a00   0x00000014   Code   RO         2062    i.Tim3_ClearIntFlag  timer3.o
    0x00001a14   0x00000010   Code   RO         2063    i.Tim3_GetIntFlag   timer3.o
    0x00001a24   0x0000003c   Code   RO          410    i.Tim3_IRQHandler   system.o
    0x00001a60   0x00000018   Code   RO         2064    i.Tim3_M0_ARRSet    timer3.o
    0x00001a78   0x00000018   Code   RO         2066    i.Tim3_M0_Cnt16Set  timer3.o
    0x00001a90   0x00000014   Code   RO         2071    i.Tim3_M0_Run       timer3.o
    0x00001aa4   0x00000014   Code   RO         2105    i.Tim3_Mode0_EnableIrq  timer3.o
    0x00001ab8   0x00000080   Code   RO         2106    i.Tim3_Mode0_Init   timer3.o
    0x00001b38   0x0000000c   Code   RO           42    i.UART0_2_IRQHandler  interrupts_hc32l07x.o
    0x00001b44   0x000000b4   Code   RO          411    i.UART0_Iot_Init    system.o
    0x00001bf8   0x0000000c   Code   RO           43    i.UART1_3_IRQHandler  interrupts_hc32l07x.o
    0x00001c04   0x000000a4   Code   RO          413    i.UART1_GPS_Init    system.o
    0x00001ca8   0x00000008   Code   RO           44    i.USBFS_IRQHandler  interrupts_hc32l07x.o
    0x00001cb0   0x00000034   Code   RO          414    i.Uart0_IRQHandler  system.o
    0x00001ce4   0x00000026   Code   RO          415    i.Uart0_Send_Iot    system.o
    0x00001d0a   0x00000002   PAD
    0x00001d0c   0x00000034   Code   RO          416    i.Uart1_IRQHandler  system.o
    0x00001d40   0x0000000e   Code   RO         1450    i.Uart_ClrStatus    uart.o
    0x00001d4e   0x0000000e   Code   RO         1453    i.Uart_EnableFunc   uart.o
    0x00001d5c   0x0000000e   Code   RO         1454    i.Uart_EnableIrq    uart.o
    0x00001d6a   0x0000000a   Code   RO         1457    i.Uart_GetStatus    uart.o
    0x00001d74   0x00000074   Code   RO         1460    i.Uart_Init         uart.o
    0x00001de8   0x00000006   Code   RO         1461    i.Uart_ReceiveData  uart.o
    0x00001dee   0x00000034   Code   RO         1463    i.Uart_SendDataPoll  uart.o
    0x00001e22   0x00000014   Code   RO           45    i.VC0_1_2_LVD_IRQHandler  interrupts_hc32l07x.o
    0x00001e36   0x00000008   Code   RO           46    i.WDT_IRQHandler    interrupts_hc32l07x.o
    0x00001e3e   0x00000002   PAD
    0x00001e40   0x00000010   Code   RO         1576    i.Wdt_Feed          wdt.o
    0x00001e50   0x00000024   Code   RO         1578    i.Wdt_Init          wdt.o
    0x00001e74   0x00000010   Code   RO         1582    i.Wdt_Start         wdt.o
    0x00001e84   0x00000018   Code   RO         1583    i.Wdt_WriteWdtLoad  wdt.o
    0x00001e9c   0x00000018   Code   RO         1031    i._SysctrlUnlock    sysctrl.o
    0x00001eb4   0x00000020   Code   RO         2951    i.__0printf$8       mc_p.l(printf8.o)
    0x00001ed4   0x0000001a   Code   RO          937    i.__ARM_common_switch8  dft_protocol.o
    0x00001eee   0x00000002   PAD
    0x00001ef0   0x00000008   Code   RO         3036    i.__aeabi_errno_addr  mc_p.l(errno.o)
    0x00001ef8   0x0000000e   Code   RO         3115    i.__scatterload_copy  mc_p.l(handlers.o)
    0x00001f06   0x00000002   Code   RO         3116    i.__scatterload_null  mc_p.l(handlers.o)
    0x00001f08   0x0000000e   Code   RO         3117    i.__scatterload_zeroinit  mc_p.l(handlers.o)
    0x00001f16   0x00000002   PAD
    0x00001f18   0x00000428   Code   RO         2958    i._printf_core      mc_p.l(printf8.o)
    0x00002340   0x00000020   Code   RO         2959    i._printf_post_padding  mc_p.l(printf8.o)
    0x00002360   0x0000002c   Code   RO         2960    i._printf_pre_padding  mc_p.l(printf8.o)
    0x0000238c   0x00000020   Code   RO          828    i.ble_Package_CheckSum  dft_protocol.o
    0x000023ac   0x0000001a   Code   RO          829    i.can_check_sum     dft_protocol.o
    0x000023c6   0x0000002e   Code   RO          830    i.can_rec_data_handle  dft_protocol.o
    0x000023f4   0x00000024   Code   RO          418    i.can_rx_dispitch   system.o
    0x00002418   0x00000030   Code   RO          419    i.can_rx_frame_in   system.o
    0x00002448   0x00000030   Code   RO          420    i.can_rx_frame_out  system.o
    0x00002478   0x00000074   Code   RO          421    i.cat1_init         system.o
    0x000024ec   0x00000064   Code   RO          422    i.cat1_power_on     system.o
    0x00002550   0x00000008   Code   RO          831    i.cat1_rx_can_handle  dft_protocol.o
    0x00002558   0x00000012   Code   RO          954    i.ddl_memclr        ddl.o
    0x0000256a   0x00000002   PAD
    0x0000256c   0x00000050   Code   RO          955    i.delay100us        ddl.o
    0x000025bc   0x00000050   Code   RO          956    i.delay10us         ddl.o
    0x0000260c   0x0000004c   Code   RO          957    i.delay1ms          ddl.o
    0x00002658   0x00000020   Code   RO          423    i.delay_us          system.o
    0x00002678   0x0000002c   Code   RO          833    i.dft_find_item     dft_protocol.o
    0x000026a4   0x00000040   Code   RO          834    i.dft_get_backbat_vol  dft_protocol.o
    0x000026e4   0x00000040   Code   RO          835    i.dft_get_bat_temp_adc  dft_protocol.o
    0x00002724   0x0000003c   Code   RO          836    i.dft_get_sys_power_vol  dft_protocol.o
    0x00002760   0x000000dc   Code   RO          837    i.dft_gps_get_star_num  dft_protocol.o
    0x0000283c   0x000000d8   Code   RO          838    i.dft_mcu_cat1_con_gpio  dft_protocol.o
    0x00002914   0x00000028   Code   RO          839    i.dft_sys_power_det  dft_protocol.o
    0x0000293c   0x00000018   Code   RO          424    i.fputc             system.o
    0x00002954   0x000000e0   Code   RO          331    i.main              main.o
    0x00002a34   0x0000006c   Code   RO          840    i.mcu_dft_can_res_send  dft_protocol.o
    0x00002aa0   0x00000070   Code   RO          841    i.mcu_rx_can_handle  dft_protocol.o
    0x00002b10   0x0000003e   Code   RO          426    i.simulation_uart_tx  system.o
    0x00002b4e   0x00000036   Code   RO          427    i.sys_power_gpio_init  system.o
    0x00002b84   0x00000018   Data   RO         1032    .constdata          sysctrl.o
    0x00002b9c   0x00000008   Data   RO         1468    .constdata          uart.o
    0x00002ba4   0x00000020   Data   RO         1808    .constdata          flash.o
    0x00002bc4   0x00000081   Data   RO         3075    .constdata          mc_p.l(ctype_o.o)
    0x00002c45   0x00000003   PAD
    0x00002c48   0x00000004   Data   RO         3076    .constdata          mc_p.l(ctype_o.o)
    0x00002c4c   0x00000020   Data   RO         3113    Region$$Table       anon$$obj.o


    Execution Region RW_IRAM1 (Base: 0x20000000, Size: 0x00001870, Max: 0x00004000, ABSOLUTE)

    Base Addr    Size         Type   Attr      Idx    E Section Name        Object

    0x20000000   0x00000004   Data   RW          293    .data               system_hc32l07x.o
    0x20000004   0x00000004   Data   RW          430    .data               system.o
    0x20000008   0x00000004   Data   RW          431    .data               system.o
    0x2000000c   0x00000004   Data   RW          432    .data               system.o
    0x20000010   0x00000008   Data   RW          434    .data               system.o
    0x20000018   0x00000070   Data   RW          843    .data               dft_protocol.o
    0x20000088   0x00000004   Data   RW         3033    .data               mc_p.l(stdout.o)
    0x2000008c   0x00000004   Data   RW         3039    .data               mc_p.l(errno.o)
    0x20000090   0x00001450   Zero   RW          429    .bss                system.o
    0x200014e0   0x00000090   Zero   RW          624    .bss                fifo.o
    0x20001570   0x00000100   Zero   RW          842    .bss                dft_protocol.o
    0x20001670   0x00000200   Zero   RW            1    STACK               startup_hc32l07x.o


==============================================================================

Image component sizes


      Code (inc. data)   RO Data    RW Data    ZI Data      Debug   Object Name

       508         52          0          0          0       4093   adc.o
        24          4          0          0          0        432   bgr.o
       564         50          0          0          0       7355   can.o
       284         48          0          0          0       3595   ddl.o
      1698        184          0        112        256      12687   dft_protocol.o
       272         30          0          0        144       3719   fifo.o
       212         30         32          0          0       2556   flash.o
       248         36          0          0          0       3638   gpio.o
       432         16          0          0          0     194263   interrupts_hc32l07x.o
       224         96          0          0          0      14979   main.o
        60         22        192          0        512        620   startup_hc32l07x.o
      1100        114         24          0          0       8987   sysctrl.o
      2168        260          0         20       5200      29471   system.o
       130         20          0          4          0       2172   system_hc32l07x.o
       252         36          0          0          0       3925   timer3.o
       226          4          8          0          0       4260   uart.o
        92         20          0          0          0       2089   wdt.o

    ----------------------------------------------------------------------
      8510       1022        288        136       6112     298841   Object Totals
         0          0         32          0          0          0   (incl. Generated)
        16          0          0          0          0          0   (incl. Padding)

    ----------------------------------------------------------------------

      Code (inc. data)   RO Data    RW Data    ZI Data      Debug   Library Member Name

        30          0          0          0          0         60   _chval.o
       166          0          0          0          0         84   _strtoul.o
        26          0          0          0          0         72   atoi.o
         8          4        133          0          0         60   ctype_o.o
         0          0          0          0          0          0   entry.o
         0          0          0          0          0          0   entry10a.o
         0          0          0          0          0          0   entry11a.o
         8          4          0          0          0          0   entry2.o
         4          0          0          0          0          0   entry5.o
         0          0          0          0          0          0   entry7b.o
         0          0          0          0          0          0   entry8b.o
         8          4          0          0          0          0   entry9a.o
         8          4          0          4          0         60   errno.o
        30          0          0          0          0          0   handlers.o
        36          8          0          0          0         68   init.o
         0          0          0          0          0          0   iusefp.o
        32          0          0          0          0         68   llshl.o
        34          0          0          0          0         68   llushr.o
        36          0          0          0          0         60   memcpya.o
        36          0          0          0          0        100   memseta.o
      1172         52          0          0          0        324   printf8.o
         0          0          0          4          0          0   stdout.o
        20          0          0          0          0         60   strchr.o
        40          0          0          0          0         72   strstr.o
       112          4          0          0          0         76   strtol.o
        44          0          0          0          0         72   uidiv.o
        96          0          0          0          0         84   uldiv.o
       178          0          0          0          0        108   fadd.o
       124          0          0          0          0         72   fdiv.o
       130          0          0          0          0        144   fepilogue.o
        40          0          0          0          0         60   ffixui.o
        14          0          0          0          0         68   ffltui.o

    ----------------------------------------------------------------------
      2438         80        136          8          0       1840   Library Totals
         6          0          3          0          0          0   (incl. Padding)

    ----------------------------------------------------------------------

      Code (inc. data)   RO Data    RW Data    ZI Data      Debug   Library Name

      1946         80        133          8          0       1388   mc_p.l
       486          0          0          0          0        452   mf_p.l

    ----------------------------------------------------------------------
      2438         80        136          8          0       1840   Library Totals

    ----------------------------------------------------------------------

==============================================================================


      Code (inc. data)   RO Data    RW Data    ZI Data      Debug   

     10948       1102        424        144       6112     293441   Grand Totals
     10948       1102        424        144       6112     293441   ELF Image Totals
     10948       1102        424        144          0          0   ROM Totals

==============================================================================

    Total RO  Size (Code + RO Data)                11372 (  11.11kB)
    Total RW  Size (RW Data + ZI Data)              6256 (   6.11kB)
    Total ROM Size (Code + RO Data + RW Data)      11516 (  11.25kB)

==============================================================================

