<html>
<body>
<pre>
<h1>礦ision Build Log</h1>
<h2>Tool Versions:</h2>
IDE-Version: μVision V5.21.1.0
Copyright (C) 2016 ARM Ltd and ARM Germany GmbH. All rights reserved.
License Information: 12 DY-0205, 11, LIC=UB4EI-T7QBF-17KRR-K4Y54-DWAZJ-T8261
 
Tool Versions:
Toolchain:       MDK-ARM Professional  Version: 5.21a
Toolchain Path:  C:\Keil_v5\ARM\ARMCC\Bin
C Compiler:      Armcc.exe V5.06 update 3 (build 300)
Assembler:       Armasm.exe V5.06 update 3 (build 300)
Linker/Locator:  ArmLink.exe V5.06 update 3 (build 300)
Library Manager: ArmAr.exe V5.06 update 3 (build 300)
Hex Converter:   FromElf.exe V5.06 update 3 (build 300)
CPU DLL:         SARMCM3.DLL V5.21a
Dialog DLL:      DARMCM1.DLL V1.14.0.0
Target DLL:      Segger\JL2CM3.dll V2.99.26.0
Dialog DLL:      TARMCM1.DLL V1.10.0.0
 
<h2>Project:</h2>
D:\wulang\IOT软件开发\ENG_IOT\mcu\eng_dft\MDK\eng_dft.uvprojx
Project File Date:  04/10/2025

<h2>Output:</h2>
*** Using Compiler 'V5.06 update 3 (build 300)', folder: 'C:\Keil_v5\ARM\ARMCC\Bin'
Build target 'eng_dft'
compiling dft_protocol.c...
..\source\dft_protocol.h(107): warning:  #1295-D: Deprecated declaration IOT_Rec_Parse - give arg types
  void IOT_Rec_Parse();
..\source\dft_protocol.h(130): warning:  #1-D: last line of file ends without a newline
  #endif
..\source\GPS_Control.h(34): warning:  #1295-D: Deprecated declaration GPS_Control - give arg types
  void GPS_Control();
..\source\GPS_Control.h(35): warning:  #1295-D: Deprecated declaration GPS_init - give arg types
  void GPS_init();
..\source\GPS_Control.h(37): warning:  #1295-D: Deprecated declaration GPS_host_start_cmd - give arg types
  void GPS_host_start_cmd();
..\source\GPS_Control.h(38): warning:  #1295-D: Deprecated declaration GPS_deep_sleep_cmd - give arg types
  void GPS_deep_sleep_cmd();
..\source\GPS_Control.h(39): warning:  #1295-D: Deprecated declaration GPS_power_on - give arg types
  void GPS_power_on();
..\source\GPS_Control.h(40): warning:  #1295-D: Deprecated declaration GPS_power_off - give arg types
  void GPS_power_off();
..\source\GPS_Control.h(41): warning:  #1295-D: Deprecated declaration GPS_data_task - give arg types
  void GPS_data_task();
..\..\driver\inc\adc.h(205): warning:  #66-D: enumeration value is out of "int" range
      AdcMskTrigPC15       =  1u<<31,        /*!<閫?鎷?PC15涓?鏂?婧?锛?鑷?鍔?瑙?鍙?ADC閲?鏍?*/
..\source\system.h(89): warning:  #1295-D: Deprecated declaration Sys_Init - give arg types
  void Sys_Init();
..\source\system.h(93): warning:  #1295-D: Deprecated declaration Sys_Check_Sleep - give arg types
  void Sys_Check_Sleep();
..\source\system.h(96): warning:  #1295-D: Deprecated declaration cat1_power_control - give arg types
  void cat1_power_control();
..\source\system.h(104): warning:  #1-D: last line of file ends without a newline
  #endif
..\source\dft_protocol.c(32): warning:  #177-D: variable "buf" was declared but never referenced
  		static uint8_t buf[256] = {0};
..\source\dft_protocol.c(33): warning:  #177-D: variable "rx_len" was declared but never referenced
  		uint16_t rx_len;
..\source\dft_protocol.c(34): warning:  #550-D: variable "offset" was set but never used
  		static uint16_t offset = 0;
..\source\dft_protocol.c(35): warning:  #177-D: variable "i" was declared but never referenced
  		uint8_t i;
..\source\dft_protocol.c(36): warning:  #177-D: variable "gps_vaild_flag" was declared but never referenced
  		uint8_t gps_vaild_flag;
..\source\dft_protocol.c(37): warning:  #177-D: variable "p_str" was declared but never referenced
  		char *p_str, *last_str;
..\source\dft_protocol.c(37): warning:  #177-D: variable "last_str" was declared but never referenced
  		char *p_str, *last_str;
..\source\dft_protocol.c(248): warning:  #177-D: variable "res" was declared but never referenced
  		uint8_t res;
..\source\dft_protocol.c(249): warning:  #177-D: variable "buf" was declared but never referenced
  		uint8_t buf[128] = {0};
..\source\dft_protocol.c(415): warning:  #177-D: variable "res" was declared but never referenced
  		uint8_t res;
..\source\dft_protocol.c(464): warning:  #1-D: last line of file ends without a newline
  }
..\source\dft_protocol.c: 25 warnings, 0 errors
linking...
Program Size: Code=14224 RO-data=600 RW-data=236 ZI-data=6660  
FromELF: creating hex file...
After Build - User command #1: C:\Keil_v5\ARM\ARMCC\bin\fromelf.exe --bin --output "eng_dft.bin" "D:\wulang\IOT软件开发\ENG_IOT\mcu\eng_dft\MDK\output\release\eng_dft.axf"
".\output\release\eng_dft.axf" - 0 Error(s), 25 Warning(s).

<h2>Software Packages used:</h2>

Package Vendor: ARM
                http://www.keil.com/pack/ARM.CMSIS.4.5.0.pack
                ARM::CMSIS:CORE:4.3.0
                CMSIS (Cortex Microcontroller Software Interface Standard)
   * Component: CORE Version: 4.3.0

<h2>Collection of Component include folders:</h2>
  D:\wulang\IOT软件开发\ENG_IOT\mcu\eng_dft\MDK\RTE
  C:\Keil_v5\ARM\PACK\ARM\CMSIS\4.5.0\CMSIS\Include
  C:\Keil_v5\ARM\PACK\HDSC\HC32L07X\1.1.0\Device\Include

<h2>Collection of Component Files used:</h2>

   * Component: ARM::CMSIS:CORE:4.3.0
Build Time Elapsed:  00:00:00
</pre>
</body>
</html>
