Component: ARM Compiler 5.06 update 3 (build 300) Tool: armlink [4d35c9]

==============================================================================

Image Symbol Table

    Local Symbols

    Symbol Name                              Value     Ov Type        Size  Object(Section)

    RESET                                    0x00000000   Section      192  startup_hc32l07x.o(RESET)
    ../clib/microlib/division.c              0x00000000   Number         0  uidiv.o ABSOLUTE
    ../clib/microlib/init/entry.s            0x00000000   Number         0  entry9b.o ABSOLUTE
    ../clib/microlib/init/entry.s            0x00000000   Number         0  entry10a.o ABSOLUTE
    ../clib/microlib/init/entry.s            0x00000000   Number         0  entry11a.o ABSOLUTE
    ../clib/microlib/init/entry.s            0x00000000   Number         0  entry10b.o ABSOLUTE
    ../clib/microlib/init/entry.s            0x00000000   Number         0  entry.o ABSOLUTE
    ../clib/microlib/init/entry.s            0x00000000   Number         0  entry8b.o ABSOLUTE
    ../clib/microlib/init/entry.s            0x00000000   Number         0  entry11b.o ABSOLUTE
    ../clib/microlib/init/entry.s            0x00000000   Number         0  entry9a.o ABSOLUTE
    ../clib/microlib/init/entry.s            0x00000000   Number         0  entry8a.o ABSOLUTE
    ../clib/microlib/init/entry.s            0x00000000   Number         0  entry7b.o ABSOLUTE
    ../clib/microlib/init/entry.s            0x00000000   Number         0  entry7a.o ABSOLUTE
    ../clib/microlib/init/entry.s            0x00000000   Number         0  entry5.o ABSOLUTE
    ../clib/microlib/init/entry.s            0x00000000   Number         0  entry2.o ABSOLUTE
    ../clib/microlib/string/memcpy.c         0x00000000   Number         0  memcpya.o ABSOLUTE
    ../clib/microlib/string/memcpy.c         0x00000000   Number         0  memcpyb.o ABSOLUTE
    ../clib/microlib/string/memset.c         0x00000000   Number         0  memseta.o ABSOLUTE
    ..\..\..\..\driver\src\ddl.c             0x00000000   Number         0  ddl.o ABSOLUTE
    ..\..\..\..\driver\src\flash.c           0x00000000   Number         0  flash.o ABSOLUTE
    ..\..\..\..\driver\src\gpio.c            0x00000000   Number         0  gpio.o ABSOLUTE
    ..\..\..\..\driver\src\sysctrl.c         0x00000000   Number         0  sysctrl.o ABSOLUTE
    ..\..\..\..\mcu\common\interrupts_hc32l07x.c 0x00000000   Number         0  interrupts_hc32l07x.o ABSOLUTE
    ..\..\..\..\mcu\common\system_hc32l07x.c 0x00000000   Number         0  system_hc32l07x.o ABSOLUTE
    ..\\..\\..\\..\\driver\\src\\ddl.c       0x00000000   Number         0  ddl.o ABSOLUTE
    ..\\..\\..\\..\\driver\\src\\flash.c     0x00000000   Number         0  flash.o ABSOLUTE
    ..\\..\\..\\..\\driver\\src\\gpio.c      0x00000000   Number         0  gpio.o ABSOLUTE
    ..\\..\\..\\..\\driver\\src\\sysctrl.c   0x00000000   Number         0  sysctrl.o ABSOLUTE
    ..\\..\\..\\..\\mcu\\common\\interrupts_hc32l07x.c 0x00000000   Number         0  interrupts_hc32l07x.o ABSOLUTE
    ..\\..\\..\\..\\mcu\\common\\system_hc32l07x.c 0x00000000   Number         0  system_hc32l07x.o ABSOLUTE
    ..\\source\\main.c                       0x00000000   Number         0  main.o ABSOLUTE
    ..\source\main.c                         0x00000000   Number         0  main.o ABSOLUTE
    dc.s                                     0x00000000   Number         0  dc.o ABSOLUTE
    handlers.s                               0x00000000   Number         0  handlers.o ABSOLUTE
    init.s                                   0x00000000   Number         0  init.o ABSOLUTE
    startup_hc32l07x.s                       0x00000000   Number         0  startup_hc32l07x.o ABSOLUTE
    .ARM.Collect$$$$00000000                 0x000000c0   Section        0  entry.o(.ARM.Collect$$$$00000000)
    .ARM.Collect$$$$00000001                 0x000000c0   Section        4  entry2.o(.ARM.Collect$$$$00000001)
    .ARM.Collect$$$$00000004                 0x000000c4   Section        4  entry5.o(.ARM.Collect$$$$00000004)
    .ARM.Collect$$$$00000008                 0x000000c8   Section        0  entry7b.o(.ARM.Collect$$$$00000008)
    .ARM.Collect$$$$0000000A                 0x000000c8   Section        0  entry8b.o(.ARM.Collect$$$$0000000A)
    .ARM.Collect$$$$0000000B                 0x000000c8   Section        8  entry9a.o(.ARM.Collect$$$$0000000B)
    .ARM.Collect$$$$0000000D                 0x000000d0   Section        0  entry10a.o(.ARM.Collect$$$$0000000D)
    .ARM.Collect$$$$0000000F                 0x000000d0   Section        0  entry11a.o(.ARM.Collect$$$$0000000F)
    .ARM.Collect$$$$00002712                 0x000000d0   Section        4  entry2.o(.ARM.Collect$$$$00002712)
    __lit__00000000                          0x000000d0   Data           4  entry2.o(.ARM.Collect$$$$00002712)
    .text                                    0x000000d4   Section       60  startup_hc32l07x.o(.text)
    .text                                    0x00000110   Section        0  uidiv.o(.text)
    .text                                    0x0000013c   Section        0  memcpya.o(.text)
    .text                                    0x00000160   Section       36  init.o(.text)
    i.$Sub$$main                             0x00000184   Section        0  system_hc32l07x.o(i.$Sub$$main)
    i.ADC_DAC_IRQHandler                     0x00000192   Section        0  interrupts_hc32l07x.o(i.ADC_DAC_IRQHandler)
    i.App_ClkDivInit                         0x0000019e   Section        0  main.o(i.App_ClkDivInit)
    i.App_PortCfg                            0x000001ae   Section        0  main.o(i.App_PortCfg)
    i.App_SystemClkInit_PLL48M_byRCH         0x00000200   Section        0  main.o(i.App_SystemClkInit_PLL48M_byRCH)
    i.App_SystemClkInit_PLL48M_byXTH         0x00000258   Section        0  main.o(i.App_SystemClkInit_PLL48M_byXTH)
    i.App_SystemClkInit_RCH                  0x000002a8   Section        0  main.o(i.App_SystemClkInit_RCH)
    i.App_SystemClkInit_RCL                  0x000002e2   Section        0  main.o(i.App_SystemClkInit_RCL)
    i.App_SystemClkInit_XTH                  0x00000304   Section        0  main.o(i.App_SystemClkInit_XTH)
    i.App_SystemClkInit_XTL                  0x00000344   Section        0  main.o(i.App_SystemClkInit_XTL)
    i.CAN_IRQHandler                         0x0000036a   Section        0  interrupts_hc32l07x.o(i.CAN_IRQHandler)
    i.CLKTRIM_CTS_IRQHandler                 0x00000372   Section        0  interrupts_hc32l07x.o(i.CLKTRIM_CTS_IRQHandler)
    i.DMAC_IRQHandler                        0x0000037e   Section        0  interrupts_hc32l07x.o(i.DMAC_IRQHandler)
    i.FLASH_RAM_IRQHandler                   0x00000386   Section        0  interrupts_hc32l07x.o(i.FLASH_RAM_IRQHandler)
    i.Flash_WaitCycle                        0x00000394   Section        0  flash.o(i.Flash_WaitCycle)
    i.GetBit                                 0x000003c0   Section        0  ddl.o(i.GetBit)
    i.Gpio_GetInputIO                        0x000003cc   Section        0  gpio.o(i.Gpio_GetInputIO)
    i.Gpio_Init                              0x000003dc   Section        0  gpio.o(i.Gpio_Init)
    i.Gpio_SetAfMode                         0x00000474   Section        0  gpio.o(i.Gpio_SetAfMode)
    i.Gpio_SfHClkOutputCfg                   0x00000488   Section        0  gpio.o(i.Gpio_SfHClkOutputCfg)
    i.HardFault_Handler                      0x000004b4   Section        0  interrupts_hc32l07x.o(i.HardFault_Handler)
    i.I2C0_IRQHandler                        0x000004c0   Section        0  interrupts_hc32l07x.o(i.I2C0_IRQHandler)
    i.I2C1_IRQHandler                        0x000004c8   Section        0  interrupts_hc32l07x.o(i.I2C1_IRQHandler)
    i.LCD_IRQHandler                         0x000004d0   Section        0  interrupts_hc32l07x.o(i.LCD_IRQHandler)
    i.LPTIM0_1_IRQHandler                    0x000004d8   Section        0  interrupts_hc32l07x.o(i.LPTIM0_1_IRQHandler)
    i.LPUART0_IRQHandler                     0x000004e4   Section        0  interrupts_hc32l07x.o(i.LPUART0_IRQHandler)
    i.LPUART1_IRQHandler                     0x000004ec   Section        0  interrupts_hc32l07x.o(i.LPUART1_IRQHandler)
    i.PCA_IRQHandler                         0x000004f4   Section        0  interrupts_hc32l07x.o(i.PCA_IRQHandler)
    i.PCNT_IRQHandler                        0x000004fc   Section        0  interrupts_hc32l07x.o(i.PCNT_IRQHandler)
    i.PORTA_IRQHandler                       0x00000504   Section        0  interrupts_hc32l07x.o(i.PORTA_IRQHandler)
    i.PORTB_IRQHandler                       0x0000050c   Section        0  interrupts_hc32l07x.o(i.PORTB_IRQHandler)
    i.PORTC_E_IRQHandler                     0x00000514   Section        0  interrupts_hc32l07x.o(i.PORTC_E_IRQHandler)
    i.PORTD_F_IRQHandler                     0x00000520   Section        0  interrupts_hc32l07x.o(i.PORTD_F_IRQHandler)
    i.RTC_IRQHandler                         0x0000052c   Section        0  interrupts_hc32l07x.o(i.RTC_IRQHandler)
    i.SPI0_I2S0_IRQHandler                   0x00000534   Section        0  interrupts_hc32l07x.o(i.SPI0_I2S0_IRQHandler)
    i.SPI1_I2S1_IRQHandler                   0x00000540   Section        0  interrupts_hc32l07x.o(i.SPI1_I2S1_IRQHandler)
    i.SetBit                                 0x0000054c   Section        0  ddl.o(i.SetBit)
    i.SysTick_Handler                        0x00000560   Section        0  interrupts_hc32l07x.o(i.SysTick_Handler)
    i.Sysctrl_ClkSourceEnable                0x00000568   Section        0  sysctrl.o(i.Sysctrl_ClkSourceEnable)
    i.Sysctrl_GetHClkFreq                    0x00000684   Section        0  sysctrl.o(i.Sysctrl_GetHClkFreq)
    i.Sysctrl_SetHCLKDiv                     0x000007c0   Section        0  sysctrl.o(i.Sysctrl_SetHCLKDiv)
    i.Sysctrl_SetPCLKDiv                     0x000007e4   Section        0  sysctrl.o(i.Sysctrl_SetPCLKDiv)
    i.Sysctrl_SetPLLFreq                     0x00000808   Section        0  sysctrl.o(i.Sysctrl_SetPLLFreq)
    i.Sysctrl_SetPeripheralGate              0x000008e4   Section        0  sysctrl.o(i.Sysctrl_SetPeripheralGate)
    i.Sysctrl_SetRCHTrim                     0x00000908   Section        0  sysctrl.o(i.Sysctrl_SetRCHTrim)
    i.Sysctrl_SetRCLStableTime               0x00000948   Section        0  sysctrl.o(i.Sysctrl_SetRCLStableTime)
    i.Sysctrl_SetRCLTrim                     0x00000968   Section        0  sysctrl.o(i.Sysctrl_SetRCLTrim)
    i.Sysctrl_SetXTHFreq                     0x0000098c   Section        0  sysctrl.o(i.Sysctrl_SetXTHFreq)
    i.Sysctrl_SetXTHStableTime               0x000009a8   Section        0  sysctrl.o(i.Sysctrl_SetXTHStableTime)
    i.Sysctrl_SetXTLStableTime               0x000009c4   Section        0  sysctrl.o(i.Sysctrl_SetXTLStableTime)
    i.Sysctrl_SysClkSwitch                   0x000009e0   Section        0  sysctrl.o(i.Sysctrl_SysClkSwitch)
    i.Sysctrl_XTHDriverCfg                   0x00000a08   Section        0  sysctrl.o(i.Sysctrl_XTHDriverCfg)
    i.Sysctrl_XTLDriverCfg                   0x00000a24   Section        0  sysctrl.o(i.Sysctrl_XTLDriverCfg)
    i.SystemCoreClockUpdate                  0x00000a50   Section        0  system_hc32l07x.o(i.SystemCoreClockUpdate)
    i.SystemInit                             0x00000a60   Section        0  system_hc32l07x.o(i.SystemInit)
    i.TIM0_IRQHandler                        0x00000ac4   Section        0  interrupts_hc32l07x.o(i.TIM0_IRQHandler)
    i.TIM1_IRQHandler                        0x00000acc   Section        0  interrupts_hc32l07x.o(i.TIM1_IRQHandler)
    i.TIM2_IRQHandler                        0x00000ad4   Section        0  interrupts_hc32l07x.o(i.TIM2_IRQHandler)
    i.TIM3_IRQHandler                        0x00000adc   Section        0  interrupts_hc32l07x.o(i.TIM3_IRQHandler)
    i.TIM4_IRQHandler                        0x00000ae4   Section        0  interrupts_hc32l07x.o(i.TIM4_IRQHandler)
    i.TIM5_IRQHandler                        0x00000aec   Section        0  interrupts_hc32l07x.o(i.TIM5_IRQHandler)
    i.TIM6_IRQHandler                        0x00000af4   Section        0  interrupts_hc32l07x.o(i.TIM6_IRQHandler)
    i.UART0_2_IRQHandler                     0x00000afc   Section        0  interrupts_hc32l07x.o(i.UART0_2_IRQHandler)
    i.UART1_3_IRQHandler                     0x00000b08   Section        0  interrupts_hc32l07x.o(i.UART1_3_IRQHandler)
    i.USBFS_IRQHandler                       0x00000b14   Section        0  interrupts_hc32l07x.o(i.USBFS_IRQHandler)
    i.VC0_1_2_LVD_IRQHandler                 0x00000b1c   Section        0  interrupts_hc32l07x.o(i.VC0_1_2_LVD_IRQHandler)
    i.WDT_IRQHandler                         0x00000b30   Section        0  interrupts_hc32l07x.o(i.WDT_IRQHandler)
    i._SysctrlUnlock                         0x00000b38   Section        0  sysctrl.o(i._SysctrlUnlock)
    _SysctrlUnlock                           0x00000b39   Thumb Code    12  sysctrl.o(i._SysctrlUnlock)
    i._UserKeyWait                           0x00000b50   Section        0  main.o(i._UserKeyWait)
    _UserKeyWait                             0x00000b51   Thumb Code    24  main.o(i._UserKeyWait)
    i.__ARM_common_switch8                   0x00000b68   Section        0  sysctrl.o(i.__ARM_common_switch8)
    i.__scatterload_copy                     0x00000b82   Section       14  handlers.o(i.__scatterload_copy)
    i.__scatterload_null                     0x00000b90   Section        2  handlers.o(i.__scatterload_null)
    i.__scatterload_zeroinit                 0x00000b92   Section       14  handlers.o(i.__scatterload_zeroinit)
    i.delay10us                              0x00000ba0   Section        0  ddl.o(i.delay10us)
    i.delay1ms                               0x00000bf0   Section        0  ddl.o(i.delay1ms)
    i.main                                   0x00000c3c   Section        0  main.o(i.main)
    .constdata                               0x00000cb0   Section       24  sysctrl.o(.constdata)
    .data                                    0x20000000   Section        4  system_hc32l07x.o(.data)
    STACK                                    0x20000008   Section      512  startup_hc32l07x.o(STACK)

    Global Symbols

    Symbol Name                              Value     Ov Type        Size  Object(Section)

    BuildAttributes$$THM_ISAv3M$S$PE$A:L22$X:L11$S22$IEEE1$IW$USESV6$~STKCKD$USESV7$~SHL$OSPACE$EBA8$MICROLIB$REQ8$PRES8$EABIv2 0x00000000   Number         0  anon$$obj.o ABSOLUTE
    __ARM_use_no_argv                        0x00000000   Number         0  main.o ABSOLUTE
    __Vectors                                0x00000000   Data           0  startup_hc32l07x.o(RESET)
    Adc_IRQHandler                            - Undefined Weak Reference
    Can_IRQHandler                            - Undefined Weak Reference
    ClkTrim_IRQHandler                        - Undefined Weak Reference
    Cts_IRQHandler                            - Undefined Weak Reference
    Dac_IRQHandler                            - Undefined Weak Reference
    Dmac_IRQHandler                           - Undefined Weak Reference
    Flash_IRQHandler                          - Undefined Weak Reference
    I2c0_IRQHandler                           - Undefined Weak Reference
    I2c1_IRQHandler                           - Undefined Weak Reference
    I2s0_IRQHandler                           - Undefined Weak Reference
    I2s1_IRQHandler                           - Undefined Weak Reference
    Lcd_IRQHandler                            - Undefined Weak Reference
    LpTim0_IRQHandler                         - Undefined Weak Reference
    LpTim1_IRQHandler                         - Undefined Weak Reference
    LpUart0_IRQHandler                        - Undefined Weak Reference
    LpUart1_IRQHandler                        - Undefined Weak Reference
    Lvd_IRQHandler                            - Undefined Weak Reference
    Pca_IRQHandler                            - Undefined Weak Reference
    Pcnt_IRQHandler                           - Undefined Weak Reference
    PortA_IRQHandler                          - Undefined Weak Reference
    PortB_IRQHandler                          - Undefined Weak Reference
    PortC_IRQHandler                          - Undefined Weak Reference
    PortD_IRQHandler                          - Undefined Weak Reference
    PortE_IRQHandler                          - Undefined Weak Reference
    PortF_IRQHandler                          - Undefined Weak Reference
    Ram_IRQHandler                            - Undefined Weak Reference
    Rtc_IRQHandler                            - Undefined Weak Reference
    Spi0_IRQHandler                           - Undefined Weak Reference
    Spi1_IRQHandler                           - Undefined Weak Reference
    SysTick_IRQHandler                        - Undefined Weak Reference
    Tim0_IRQHandler                           - Undefined Weak Reference
    Tim1_IRQHandler                           - Undefined Weak Reference
    Tim2_IRQHandler                           - Undefined Weak Reference
    Tim3_IRQHandler                           - Undefined Weak Reference
    Tim4_IRQHandler                           - Undefined Weak Reference
    Tim5_IRQHandler                           - Undefined Weak Reference
    Tim6_IRQHandler                           - Undefined Weak Reference
    Uart0_IRQHandler                          - Undefined Weak Reference
    Uart1_IRQHandler                          - Undefined Weak Reference
    Uart2_IRQHandler                          - Undefined Weak Reference
    Uart3_IRQHandler                          - Undefined Weak Reference
    Usbfs_IRQHandler                          - Undefined Weak Reference
    Vc0_IRQHandler                            - Undefined Weak Reference
    Vc1_IRQHandler                            - Undefined Weak Reference
    Vc2_IRQHandler                            - Undefined Weak Reference
    Wdt_IRQHandler                            - Undefined Weak Reference
    __cpp_initialize__aeabi_                  - Undefined Weak Reference
    __cxa_finalize                            - Undefined Weak Reference
    __decompress                              - Undefined Weak Reference
    _clock_init                               - Undefined Weak Reference
    _microlib_exit                            - Undefined Weak Reference
    __Vectors_End                            0x000000c0   Data           0  startup_hc32l07x.o(RESET)
    __Vectors_Size                           0x000000c0   Number         0  startup_hc32l07x.o ABSOLUTE
    __main                                   0x000000c1   Thumb Code     0  entry.o(.ARM.Collect$$$$00000000)
    _main_stk                                0x000000c1   Thumb Code     0  entry2.o(.ARM.Collect$$$$00000001)
    _main_scatterload                        0x000000c5   Thumb Code     0  entry5.o(.ARM.Collect$$$$00000004)
    __main_after_scatterload                 0x000000c9   Thumb Code     0  entry5.o(.ARM.Collect$$$$00000004)
    _main_clock                              0x000000c9   Thumb Code     0  entry7b.o(.ARM.Collect$$$$00000008)
    _main_cpp_init                           0x000000c9   Thumb Code     0  entry8b.o(.ARM.Collect$$$$0000000A)
    _main_init                               0x000000c9   Thumb Code     0  entry9a.o(.ARM.Collect$$$$0000000B)
    __rt_final_cpp                           0x000000d1   Thumb Code     0  entry10a.o(.ARM.Collect$$$$0000000D)
    __rt_final_exit                          0x000000d1   Thumb Code     0  entry11a.o(.ARM.Collect$$$$0000000F)
    Reset_Handler                            0x000000d5   Thumb Code    26  startup_hc32l07x.o(.text)
    NMI_Handler                              0x000000ef   Thumb Code     2  startup_hc32l07x.o(.text)
    SVC_Handler                              0x000000f3   Thumb Code     2  startup_hc32l07x.o(.text)
    PendSV_Handler                           0x000000f5   Thumb Code     2  startup_hc32l07x.o(.text)
    __aeabi_uidiv                            0x00000111   Thumb Code     0  uidiv.o(.text)
    __aeabi_uidivmod                         0x00000111   Thumb Code    44  uidiv.o(.text)
    __aeabi_memcpy                           0x0000013d   Thumb Code    36  memcpya.o(.text)
    __aeabi_memcpy4                          0x0000013d   Thumb Code     0  memcpya.o(.text)
    __aeabi_memcpy8                          0x0000013d   Thumb Code     0  memcpya.o(.text)
    __scatterload                            0x00000161   Thumb Code    28  init.o(.text)
    __scatterload_rt2                        0x00000161   Thumb Code     0  init.o(.text)
    main                                     0x00000185   Thumb Code    14  system_hc32l07x.o(i.$Sub$$main)
    ADC_DAC_IRQHandler                       0x00000193   Thumb Code    12  interrupts_hc32l07x.o(i.ADC_DAC_IRQHandler)
    App_ClkDivInit                           0x0000019f   Thumb Code    16  main.o(i.App_ClkDivInit)
    App_PortCfg                              0x000001af   Thumb Code    82  main.o(i.App_PortCfg)
    App_SystemClkInit_PLL48M_byRCH           0x00000201   Thumb Code    88  main.o(i.App_SystemClkInit_PLL48M_byRCH)
    App_SystemClkInit_PLL48M_byXTH           0x00000259   Thumb Code    80  main.o(i.App_SystemClkInit_PLL48M_byXTH)
    App_SystemClkInit_RCH                    0x000002a9   Thumb Code    58  main.o(i.App_SystemClkInit_RCH)
    App_SystemClkInit_RCL                    0x000002e3   Thumb Code    34  main.o(i.App_SystemClkInit_RCL)
    App_SystemClkInit_XTH                    0x00000305   Thumb Code    64  main.o(i.App_SystemClkInit_XTH)
    App_SystemClkInit_XTL                    0x00000345   Thumb Code    38  main.o(i.App_SystemClkInit_XTL)
    CAN_IRQHandler                           0x0000036b   Thumb Code     8  interrupts_hc32l07x.o(i.CAN_IRQHandler)
    CLKTRIM_CTS_IRQHandler                   0x00000373   Thumb Code    12  interrupts_hc32l07x.o(i.CLKTRIM_CTS_IRQHandler)
    DMAC_IRQHandler                          0x0000037f   Thumb Code     8  interrupts_hc32l07x.o(i.DMAC_IRQHandler)
    FLASH_RAM_IRQHandler                     0x00000387   Thumb Code    12  interrupts_hc32l07x.o(i.FLASH_RAM_IRQHandler)
    Flash_WaitCycle                          0x00000395   Thumb Code    32  flash.o(i.Flash_WaitCycle)
    GetBit                                   0x000003c1   Thumb Code    10  ddl.o(i.GetBit)
    Gpio_GetInputIO                          0x000003cd   Thumb Code    12  gpio.o(i.Gpio_GetInputIO)
    Gpio_Init                                0x000003dd   Thumb Code   138  gpio.o(i.Gpio_Init)
    Gpio_SetAfMode                           0x00000475   Thumb Code    14  gpio.o(i.Gpio_SetAfMode)
    Gpio_SfHClkOutputCfg                     0x00000489   Thumb Code    40  gpio.o(i.Gpio_SfHClkOutputCfg)
    HardFault_Handler                        0x000004b5   Thumb Code    12  interrupts_hc32l07x.o(i.HardFault_Handler)
    I2C0_IRQHandler                          0x000004c1   Thumb Code     8  interrupts_hc32l07x.o(i.I2C0_IRQHandler)
    I2C1_IRQHandler                          0x000004c9   Thumb Code     8  interrupts_hc32l07x.o(i.I2C1_IRQHandler)
    LCD_IRQHandler                           0x000004d1   Thumb Code     8  interrupts_hc32l07x.o(i.LCD_IRQHandler)
    LPTIM0_1_IRQHandler                      0x000004d9   Thumb Code    12  interrupts_hc32l07x.o(i.LPTIM0_1_IRQHandler)
    LPUART0_IRQHandler                       0x000004e5   Thumb Code     8  interrupts_hc32l07x.o(i.LPUART0_IRQHandler)
    LPUART1_IRQHandler                       0x000004ed   Thumb Code     8  interrupts_hc32l07x.o(i.LPUART1_IRQHandler)
    PCA_IRQHandler                           0x000004f5   Thumb Code     8  interrupts_hc32l07x.o(i.PCA_IRQHandler)
    PCNT_IRQHandler                          0x000004fd   Thumb Code     8  interrupts_hc32l07x.o(i.PCNT_IRQHandler)
    PORTA_IRQHandler                         0x00000505   Thumb Code     8  interrupts_hc32l07x.o(i.PORTA_IRQHandler)
    PORTB_IRQHandler                         0x0000050d   Thumb Code     8  interrupts_hc32l07x.o(i.PORTB_IRQHandler)
    PORTC_E_IRQHandler                       0x00000515   Thumb Code    12  interrupts_hc32l07x.o(i.PORTC_E_IRQHandler)
    PORTD_F_IRQHandler                       0x00000521   Thumb Code    12  interrupts_hc32l07x.o(i.PORTD_F_IRQHandler)
    RTC_IRQHandler                           0x0000052d   Thumb Code     8  interrupts_hc32l07x.o(i.RTC_IRQHandler)
    SPI0_I2S0_IRQHandler                     0x00000535   Thumb Code    12  interrupts_hc32l07x.o(i.SPI0_I2S0_IRQHandler)
    SPI1_I2S1_IRQHandler                     0x00000541   Thumb Code    12  interrupts_hc32l07x.o(i.SPI1_I2S1_IRQHandler)
    SetBit                                   0x0000054d   Thumb Code    20  ddl.o(i.SetBit)
    SysTick_Handler                          0x00000561   Thumb Code     8  interrupts_hc32l07x.o(i.SysTick_Handler)
    Sysctrl_ClkSourceEnable                  0x00000569   Thumb Code   268  sysctrl.o(i.Sysctrl_ClkSourceEnable)
    Sysctrl_GetHClkFreq                      0x00000685   Thumb Code   298  sysctrl.o(i.Sysctrl_GetHClkFreq)
    Sysctrl_SetHCLKDiv                       0x000007c1   Thumb Code    30  sysctrl.o(i.Sysctrl_SetHCLKDiv)
    Sysctrl_SetPCLKDiv                       0x000007e5   Thumb Code    30  sysctrl.o(i.Sysctrl_SetPCLKDiv)
    Sysctrl_SetPLLFreq                       0x00000809   Thumb Code   204  sysctrl.o(i.Sysctrl_SetPLLFreq)
    Sysctrl_SetPeripheralGate                0x000008e5   Thumb Code    30  sysctrl.o(i.Sysctrl_SetPeripheralGate)
    Sysctrl_SetRCHTrim                       0x00000909   Thumb Code    54  sysctrl.o(i.Sysctrl_SetRCHTrim)
    Sysctrl_SetRCLStableTime                 0x00000949   Thumb Code    26  sysctrl.o(i.Sysctrl_SetRCLStableTime)
    Sysctrl_SetRCLTrim                       0x00000969   Thumb Code    28  sysctrl.o(i.Sysctrl_SetRCLTrim)
    Sysctrl_SetXTHFreq                       0x0000098d   Thumb Code    24  sysctrl.o(i.Sysctrl_SetXTHFreq)
    Sysctrl_SetXTHStableTime                 0x000009a9   Thumb Code    24  sysctrl.o(i.Sysctrl_SetXTHStableTime)
    Sysctrl_SetXTLStableTime                 0x000009c5   Thumb Code    24  sysctrl.o(i.Sysctrl_SetXTLStableTime)
    Sysctrl_SysClkSwitch                     0x000009e1   Thumb Code    34  sysctrl.o(i.Sysctrl_SysClkSwitch)
    Sysctrl_XTHDriverCfg                     0x00000a09   Thumb Code    22  sysctrl.o(i.Sysctrl_XTHDriverCfg)
    Sysctrl_XTLDriverCfg                     0x00000a25   Thumb Code    38  sysctrl.o(i.Sysctrl_XTLDriverCfg)
    SystemCoreClockUpdate                    0x00000a51   Thumb Code    12  system_hc32l07x.o(i.SystemCoreClockUpdate)
    SystemInit                               0x00000a61   Thumb Code    84  system_hc32l07x.o(i.SystemInit)
    TIM0_IRQHandler                          0x00000ac5   Thumb Code     8  interrupts_hc32l07x.o(i.TIM0_IRQHandler)
    TIM1_IRQHandler                          0x00000acd   Thumb Code     8  interrupts_hc32l07x.o(i.TIM1_IRQHandler)
    TIM2_IRQHandler                          0x00000ad5   Thumb Code     8  interrupts_hc32l07x.o(i.TIM2_IRQHandler)
    TIM3_IRQHandler                          0x00000add   Thumb Code     8  interrupts_hc32l07x.o(i.TIM3_IRQHandler)
    TIM4_IRQHandler                          0x00000ae5   Thumb Code     8  interrupts_hc32l07x.o(i.TIM4_IRQHandler)
    TIM5_IRQHandler                          0x00000aed   Thumb Code     8  interrupts_hc32l07x.o(i.TIM5_IRQHandler)
    TIM6_IRQHandler                          0x00000af5   Thumb Code     8  interrupts_hc32l07x.o(i.TIM6_IRQHandler)
    UART0_2_IRQHandler                       0x00000afd   Thumb Code    12  interrupts_hc32l07x.o(i.UART0_2_IRQHandler)
    UART1_3_IRQHandler                       0x00000b09   Thumb Code    12  interrupts_hc32l07x.o(i.UART1_3_IRQHandler)
    USBFS_IRQHandler                         0x00000b15   Thumb Code     8  interrupts_hc32l07x.o(i.USBFS_IRQHandler)
    VC0_1_2_LVD_IRQHandler                   0x00000b1d   Thumb Code    20  interrupts_hc32l07x.o(i.VC0_1_2_LVD_IRQHandler)
    WDT_IRQHandler                           0x00000b31   Thumb Code     8  interrupts_hc32l07x.o(i.WDT_IRQHandler)
    __ARM_common_switch8                     0x00000b69   Thumb Code    26  sysctrl.o(i.__ARM_common_switch8)
    __scatterload_copy                       0x00000b83   Thumb Code    14  handlers.o(i.__scatterload_copy)
    __scatterload_null                       0x00000b91   Thumb Code     2  handlers.o(i.__scatterload_null)
    __scatterload_zeroinit                   0x00000b93   Thumb Code    14  handlers.o(i.__scatterload_zeroinit)
    delay10us                                0x00000ba1   Thumb Code    62  ddl.o(i.delay10us)
    delay1ms                                 0x00000bf1   Thumb Code    64  ddl.o(i.delay1ms)
    $Super$$main                             0x00000c3d   Thumb Code   114  main.o(i.main)
    Region$$Table$$Base                      0x00000cc8   Number         0  anon$$obj.o(Region$$Table)
    Region$$Table$$Limit                     0x00000ce8   Number         0  anon$$obj.o(Region$$Table)
    SystemCoreClock                          0x20000000   Data           4  system_hc32l07x.o(.data)
    __initial_sp                             0x20000208   Data           0  startup_hc32l07x.o(STACK)



==============================================================================

Memory Map of the image

  Image Entry point : 0x000000c1

  Load Region LR_IROM1 (Base: 0x00000000, Size: 0x00000cec, Max: 0x00020000, ABSOLUTE)

    Execution Region ER_IROM1 (Base: 0x00000000, Size: 0x00000ce8, Max: 0x00020000, ABSOLUTE)

    Base Addr    Size         Type   Attr      Idx    E Section Name        Object

    0x00000000   0x000000c0   Data   RO            3    RESET               startup_hc32l07x.o
    0x000000c0   0x00000000   Code   RO          890  * .ARM.Collect$$$$00000000  mc_p.l(entry.o)
    0x000000c0   0x00000004   Code   RO          901    .ARM.Collect$$$$00000001  mc_p.l(entry2.o)
    0x000000c4   0x00000004   Code   RO          904    .ARM.Collect$$$$00000004  mc_p.l(entry5.o)
    0x000000c8   0x00000000   Code   RO          906    .ARM.Collect$$$$00000008  mc_p.l(entry7b.o)
    0x000000c8   0x00000000   Code   RO          908    .ARM.Collect$$$$0000000A  mc_p.l(entry8b.o)
    0x000000c8   0x00000008   Code   RO          909    .ARM.Collect$$$$0000000B  mc_p.l(entry9a.o)
    0x000000d0   0x00000000   Code   RO          911    .ARM.Collect$$$$0000000D  mc_p.l(entry10a.o)
    0x000000d0   0x00000000   Code   RO          913    .ARM.Collect$$$$0000000F  mc_p.l(entry11a.o)
    0x000000d0   0x00000004   Code   RO          902    .ARM.Collect$$$$00002712  mc_p.l(entry2.o)
    0x000000d4   0x0000003c   Code   RO            4    .text               startup_hc32l07x.o
    0x00000110   0x0000002c   Code   RO          893    .text               mc_p.l(uidiv.o)
    0x0000013c   0x00000024   Code   RO          895    .text               mc_p.l(memcpya.o)
    0x00000160   0x00000024   Code   RO          915    .text               mc_p.l(init.o)
    0x00000184   0x0000000e   Code   RO           12    i.$Sub$$main        system_hc32l07x.o
    0x00000192   0x0000000c   Code   RO          100    i.ADC_DAC_IRQHandler  interrupts_hc32l07x.o
    0x0000019e   0x00000010   Code   RO          331    i.App_ClkDivInit    main.o
    0x000001ae   0x00000052   Code   RO          332    i.App_PortCfg       main.o
    0x00000200   0x00000058   Code   RO          333    i.App_SystemClkInit_PLL48M_byRCH  main.o
    0x00000258   0x00000050   Code   RO          334    i.App_SystemClkInit_PLL48M_byXTH  main.o
    0x000002a8   0x0000003a   Code   RO          335    i.App_SystemClkInit_RCH  main.o
    0x000002e2   0x00000022   Code   RO          336    i.App_SystemClkInit_RCL  main.o
    0x00000304   0x00000040   Code   RO          337    i.App_SystemClkInit_XTH  main.o
    0x00000344   0x00000026   Code   RO          338    i.App_SystemClkInit_XTL  main.o
    0x0000036a   0x00000008   Code   RO          101    i.CAN_IRQHandler    interrupts_hc32l07x.o
    0x00000372   0x0000000c   Code   RO          102    i.CLKTRIM_CTS_IRQHandler  interrupts_hc32l07x.o
    0x0000037e   0x00000008   Code   RO          103    i.DMAC_IRQHandler   interrupts_hc32l07x.o
    0x00000386   0x0000000c   Code   RO          105    i.FLASH_RAM_IRQHandler  interrupts_hc32l07x.o
    0x00000392   0x00000002   PAD
    0x00000394   0x0000002c   Code   RO          802    i.Flash_WaitCycle   flash.o
    0x000003c0   0x0000000a   Code   RO          408    i.GetBit            ddl.o
    0x000003ca   0x00000002   PAD
    0x000003cc   0x00000010   Code   RO          628    i.Gpio_GetInputIO   gpio.o
    0x000003dc   0x00000098   Code   RO          630    i.Gpio_Init         gpio.o
    0x00000474   0x00000014   Code   RO          632    i.Gpio_SetAfMode    gpio.o
    0x00000488   0x0000002c   Code   RO          638    i.Gpio_SfHClkOutputCfg  gpio.o
    0x000004b4   0x0000000c   Code   RO          106    i.HardFault_Handler  interrupts_hc32l07x.o
    0x000004c0   0x00000008   Code   RO          107    i.I2C0_IRQHandler   interrupts_hc32l07x.o
    0x000004c8   0x00000008   Code   RO          108    i.I2C1_IRQHandler   interrupts_hc32l07x.o
    0x000004d0   0x00000008   Code   RO          109    i.LCD_IRQHandler    interrupts_hc32l07x.o
    0x000004d8   0x0000000c   Code   RO          110    i.LPTIM0_1_IRQHandler  interrupts_hc32l07x.o
    0x000004e4   0x00000008   Code   RO          111    i.LPUART0_IRQHandler  interrupts_hc32l07x.o
    0x000004ec   0x00000008   Code   RO          112    i.LPUART1_IRQHandler  interrupts_hc32l07x.o
    0x000004f4   0x00000008   Code   RO          113    i.PCA_IRQHandler    interrupts_hc32l07x.o
    0x000004fc   0x00000008   Code   RO          114    i.PCNT_IRQHandler   interrupts_hc32l07x.o
    0x00000504   0x00000008   Code   RO          115    i.PORTA_IRQHandler  interrupts_hc32l07x.o
    0x0000050c   0x00000008   Code   RO          116    i.PORTB_IRQHandler  interrupts_hc32l07x.o
    0x00000514   0x0000000c   Code   RO          117    i.PORTC_E_IRQHandler  interrupts_hc32l07x.o
    0x00000520   0x0000000c   Code   RO          118    i.PORTD_F_IRQHandler  interrupts_hc32l07x.o
    0x0000052c   0x00000008   Code   RO          119    i.RTC_IRQHandler    interrupts_hc32l07x.o
    0x00000534   0x0000000c   Code   RO          120    i.SPI0_I2S0_IRQHandler  interrupts_hc32l07x.o
    0x00000540   0x0000000c   Code   RO          121    i.SPI1_I2S1_IRQHandler  interrupts_hc32l07x.o
    0x0000054c   0x00000014   Code   RO          410    i.SetBit            ddl.o
    0x00000560   0x00000008   Code   RO          122    i.SysTick_Handler   interrupts_hc32l07x.o
    0x00000568   0x0000011c   Code   RO          466    i.Sysctrl_ClkSourceEnable  sysctrl.o
    0x00000684   0x0000013c   Code   RO          467    i.Sysctrl_GetHClkFreq  sysctrl.o
    0x000007c0   0x00000024   Code   RO          471    i.Sysctrl_SetHCLKDiv  sysctrl.o
    0x000007e4   0x00000024   Code   RO          472    i.Sysctrl_SetPCLKDiv  sysctrl.o
    0x00000808   0x000000dc   Code   RO          473    i.Sysctrl_SetPLLFreq  sysctrl.o
    0x000008e4   0x00000024   Code   RO          475    i.Sysctrl_SetPeripheralGate  sysctrl.o
    0x00000908   0x00000040   Code   RO          476    i.Sysctrl_SetRCHTrim  sysctrl.o
    0x00000948   0x00000020   Code   RO          477    i.Sysctrl_SetRCLStableTime  sysctrl.o
    0x00000968   0x00000024   Code   RO          478    i.Sysctrl_SetRCLTrim  sysctrl.o
    0x0000098c   0x0000001c   Code   RO          480    i.Sysctrl_SetXTHFreq  sysctrl.o
    0x000009a8   0x0000001c   Code   RO          481    i.Sysctrl_SetXTHStableTime  sysctrl.o
    0x000009c4   0x0000001c   Code   RO          482    i.Sysctrl_SetXTLStableTime  sysctrl.o
    0x000009e0   0x00000028   Code   RO          483    i.Sysctrl_SysClkSwitch  sysctrl.o
    0x00000a08   0x0000001c   Code   RO          486    i.Sysctrl_XTHDriverCfg  sysctrl.o
    0x00000a24   0x0000002c   Code   RO          487    i.Sysctrl_XTLDriverCfg  sysctrl.o
    0x00000a50   0x00000010   Code   RO           13    i.SystemCoreClockUpdate  system_hc32l07x.o
    0x00000a60   0x00000064   Code   RO           14    i.SystemInit        system_hc32l07x.o
    0x00000ac4   0x00000008   Code   RO          123    i.TIM0_IRQHandler   interrupts_hc32l07x.o
    0x00000acc   0x00000008   Code   RO          124    i.TIM1_IRQHandler   interrupts_hc32l07x.o
    0x00000ad4   0x00000008   Code   RO          125    i.TIM2_IRQHandler   interrupts_hc32l07x.o
    0x00000adc   0x00000008   Code   RO          126    i.TIM3_IRQHandler   interrupts_hc32l07x.o
    0x00000ae4   0x00000008   Code   RO          127    i.TIM4_IRQHandler   interrupts_hc32l07x.o
    0x00000aec   0x00000008   Code   RO          128    i.TIM5_IRQHandler   interrupts_hc32l07x.o
    0x00000af4   0x00000008   Code   RO          129    i.TIM6_IRQHandler   interrupts_hc32l07x.o
    0x00000afc   0x0000000c   Code   RO          130    i.UART0_2_IRQHandler  interrupts_hc32l07x.o
    0x00000b08   0x0000000c   Code   RO          131    i.UART1_3_IRQHandler  interrupts_hc32l07x.o
    0x00000b14   0x00000008   Code   RO          132    i.USBFS_IRQHandler  interrupts_hc32l07x.o
    0x00000b1c   0x00000014   Code   RO          133    i.VC0_1_2_LVD_IRQHandler  interrupts_hc32l07x.o
    0x00000b30   0x00000008   Code   RO          134    i.WDT_IRQHandler    interrupts_hc32l07x.o
    0x00000b38   0x00000018   Code   RO          488    i._SysctrlUnlock    sysctrl.o
    0x00000b50   0x00000018   Code   RO          339    i._UserKeyWait      main.o
    0x00000b68   0x0000001a   Code   RO          614    i.__ARM_common_switch8  sysctrl.o
    0x00000b82   0x0000000e   Code   RO          919    i.__scatterload_copy  mc_p.l(handlers.o)
    0x00000b90   0x00000002   Code   RO          920    i.__scatterload_null  mc_p.l(handlers.o)
    0x00000b92   0x0000000e   Code   RO          921    i.__scatterload_zeroinit  mc_p.l(handlers.o)
    0x00000ba0   0x00000050   Code   RO          413    i.delay10us         ddl.o
    0x00000bf0   0x0000004c   Code   RO          414    i.delay1ms          ddl.o
    0x00000c3c   0x00000072   Code   RO          340    i.main              main.o
    0x00000cae   0x00000002   PAD
    0x00000cb0   0x00000018   Data   RO          489    .constdata          sysctrl.o
    0x00000cc8   0x00000020   Data   RO          917    Region$$Table       anon$$obj.o


    Execution Region RW_IRAM1 (Base: 0x20000000, Size: 0x00000208, Max: 0x00004000, ABSOLUTE)

    Base Addr    Size         Type   Attr      Idx    E Section Name        Object

    0x20000000   0x00000004   Data   RW           15    .data               system_hc32l07x.o
    0x20000004   0x00000004   PAD
    0x20000008   0x00000200   Zero   RW            1    STACK               startup_hc32l07x.o


==============================================================================

Image component sizes


      Code (inc. data)   RO Data    RW Data    ZI Data      Debug   Object Name

       186         30          0          0          0       2325   ddl.o
        44         12          0          0          0        594   flash.o
       232         28          0          0          0       2778   gpio.o
       328          0          0          0          0      17394   interrupts_hc32l07x.o
       598          0          0          0          0       9312   main.o
        60         22        192          0        512        644   startup_hc32l07x.o
      1306        142         24          0          0      11643   sysctrl.o
       130         20          0          4          0      12844   system_hc32l07x.o

    ----------------------------------------------------------------------
      2890        254        248          4        516      57534   Object Totals
         0          0         32          0          0          0   (incl. Generated)
         6          0          0          0          4          0   (incl. Padding)

    ----------------------------------------------------------------------

      Code (inc. data)   RO Data    RW Data    ZI Data      Debug   Library Member Name

         0          0          0          0          0          0   entry.o
         0          0          0          0          0          0   entry10a.o
         0          0          0          0          0          0   entry11a.o
         8          4          0          0          0          0   entry2.o
         4          0          0          0          0          0   entry5.o
         0          0          0          0          0          0   entry7b.o
         0          0          0          0          0          0   entry8b.o
         8          4          0          0          0          0   entry9a.o
        30          0          0          0          0          0   handlers.o
        36          8          0          0          0         68   init.o
        36          0          0          0          0         60   memcpya.o
        44          0          0          0          0         72   uidiv.o

    ----------------------------------------------------------------------
       166         16          0          0          0        200   Library Totals
         0          0          0          0          0          0   (incl. Padding)

    ----------------------------------------------------------------------

      Code (inc. data)   RO Data    RW Data    ZI Data      Debug   Library Name

       166         16          0          0          0        200   mc_p.l

    ----------------------------------------------------------------------
       166         16          0          0          0        200   Library Totals

    ----------------------------------------------------------------------

==============================================================================


      Code (inc. data)   RO Data    RW Data    ZI Data      Debug   

      3056        270        248          4        516      54806   Grand Totals
      3056        270        248          4        516      54806   ELF Image Totals
      3056        270        248          4          0          0   ROM Totals

==============================================================================

    Total RO  Size (Code + RO Data)                 3304 (   3.23kB)
    Total RW  Size (RW Data + ZI Data)               520 (   0.51kB)
    Total ROM Size (Code + RO Data + RW Data)       3308 (   3.23kB)

==============================================================================

