<html>
<body>
<pre>
<h1>µVision Build Log</h1>
<h2>Tool Versions:</h2>
IDE-Version: ¦ÌVision V5.21.1.0
Copyright (C) 2016 ARM Ltd and ARM Germany GmbH. All rights reserved.
License Information: 12 DY-0205, 11, LIC=UB4EI-T7QBF-17KRR-K4Y54-DWAZJ-T8261
 
Tool Versions:
Toolchain:       MDK-ARM Professional  Version: 5.21a
Toolchain Path:  C:\Keil_v5\ARM\ARMCC\Bin
C Compiler:      Armcc.exe V5.06 update 3 (build 300)
Assembler:       Armasm.exe V5.06 update 3 (build 300)
Linker/Locator:  ArmLink.exe V5.06 update 3 (build 300)
Library Manager: ArmAr.exe V5.06 update 3 (build 300)
Hex Converter:   FromElf.exe V5.06 update 3 (build 300)
CPU DLL:         SARMCM3.DLL V5.21a
Dialog DLL:      DARMCM1.DLL V1.14.0.0
Target DLL:      Segger\JL2CM3.dll V2.99.23.0
Dialog DLL:      TARMCM1.DLL V1.10.0.0
 
<h2>Project:</h2>
D:\wulang\IOTÈí¼þ¿ª·¢\ENG_IOT\mcu\example\adc\adc_threshold\MDK\adc_threshold.uvprojx
Project File Date:  07/16/2022

<h2>Output:</h2>
*** Using Compiler 'V5.06 update 3 (build 300)', folder: 'C:\Keil_v5\ARM\ARMCC\Bin'
Build target 'adc_threshold_Release'
assembling startup_hc32l07x.s...
compiling system_hc32l07x.c...
compiling main.c...
..\..\..\..\driver\inc\adc.h(205): warning:  #66-D: enumeration value is out of "int" range
      AdcMskTrigPC15       =  1u<<31,        /*!<é€?æ‹?PC15ä¸?æ–?æº?ï¼?è‡?åŠ?è§?å?ADCé‡?æ ?*/
..\source\main.c: 1 warning, 0 errors
compiling bgr.c...
compiling sysctrl.c...
compiling interrupts_hc32l07x.c...
compiling adc.c...
..\..\..\..\driver\inc\adc.h(205): warning:  #66-D: enumeration value is out of "int" range
      AdcMskTrigPC15       =  1u<<31,        /*!<é€?æ‹?PC15ä¸?æ–?æº?ï¼?è‡?åŠ?è§?å?ADCé‡?æ ?*/
..\..\..\..\driver\src\adc.c: 1 warning, 0 errors
compiling ddl.c...
compiling gpio.c...
linking...
Program Size: Code=1812 RO-data=248 RW-data=8 ZI-data=512  
FromELF: creating hex file...
".\output\release\adc_threshold.axf" - 0 Error(s), 2 Warning(s).

<h2>Software Packages used:</h2>

Package Vendor: ARM
                http://www.keil.com/pack/ARM.CMSIS.4.5.0.pack
                ARM::CMSIS:CORE:4.3.0
                CMSIS (Cortex Microcontroller Software Interface Standard)
   * Component: CORE Version: 4.3.0

<h2>Collection of Component include folders:</h2>
  D:\wulang\IOTÈí¼þ¿ª·¢\ENG_IOT\mcu\example\adc\adc_threshold\MDK\RTE
  C:\Keil_v5\ARM\PACK\ARM\CMSIS\4.5.0\CMSIS\Include
  C:\Keil_v5\ARM\PACK\ARM\CMSIS\4.5.0\Device\ARM\ARMCM0plus\Include

<h2>Collection of Component Files used:</h2>

   * Component: ARM::CMSIS:CORE:4.3.0
Build Time Elapsed:  00:00:01
</pre>
</body>
</html>
