Component: ARM Compiler 5.06 update 3 (build 300) Tool: armlink [4d35c9]

==============================================================================

Image Symbol Table

    Local Symbols

    Symbol Name                              Value     Ov Type        Size  Object(Section)

    RESET                                    0x00000000   Section      192  startup_hc32l07x.o(RESET)
    ../clib/microlib/division.c              0x00000000   Number         0  uidiv.o ABSOLUTE
    ../clib/microlib/init/entry.s            0x00000000   Number         0  entry11b.o ABSOLUTE
    ../clib/microlib/init/entry.s            0x00000000   Number         0  entry2.o ABSOLUTE
    ../clib/microlib/init/entry.s            0x00000000   Number         0  entry11a.o ABSOLUTE
    ../clib/microlib/init/entry.s            0x00000000   Number         0  entry10b.o ABSOLUTE
    ../clib/microlib/init/entry.s            0x00000000   Number         0  entry10a.o ABSOLUTE
    ../clib/microlib/init/entry.s            0x00000000   Number         0  entry9b.o ABSOLUTE
    ../clib/microlib/init/entry.s            0x00000000   Number         0  entry9a.o ABSOLUTE
    ../clib/microlib/init/entry.s            0x00000000   Number         0  entry8b.o ABSOLUTE
    ../clib/microlib/init/entry.s            0x00000000   Number         0  entry8a.o ABSOLUTE
    ../clib/microlib/init/entry.s            0x00000000   Number         0  entry.o ABSOLUTE
    ../clib/microlib/init/entry.s            0x00000000   Number         0  entry7b.o ABSOLUTE
    ../clib/microlib/init/entry.s            0x00000000   Number         0  entry7a.o ABSOLUTE
    ../clib/microlib/init/entry.s            0x00000000   Number         0  entry5.o ABSOLUTE
    ../clib/microlib/string/memcpy.c         0x00000000   Number         0  memcpya.o ABSOLUTE
    ../clib/microlib/string/memcpy.c         0x00000000   Number         0  memcpyb.o ABSOLUTE
    ..\..\..\..\driver\src\can.c             0x00000000   Number         0  can.o ABSOLUTE
    ..\..\..\..\driver\src\ddl.c             0x00000000   Number         0  ddl.o ABSOLUTE
    ..\..\..\..\driver\src\gpio.c            0x00000000   Number         0  gpio.o ABSOLUTE
    ..\..\..\..\driver\src\sysctrl.c         0x00000000   Number         0  sysctrl.o ABSOLUTE
    ..\..\..\..\mcu\common\interrupts_hc32l07x.c 0x00000000   Number         0  interrupts_hc32l07x.o ABSOLUTE
    ..\..\..\..\mcu\common\system_hc32l07x.c 0x00000000   Number         0  system_hc32l07x.o ABSOLUTE
    ..\\..\\..\\..\\driver\\src\\can.c       0x00000000   Number         0  can.o ABSOLUTE
    ..\\..\\..\\..\\driver\\src\\ddl.c       0x00000000   Number         0  ddl.o ABSOLUTE
    ..\\..\\..\\..\\driver\\src\\gpio.c      0x00000000   Number         0  gpio.o ABSOLUTE
    ..\\..\\..\\..\\driver\\src\\sysctrl.c   0x00000000   Number         0  sysctrl.o ABSOLUTE
    ..\\..\\..\\..\\mcu\\common\\interrupts_hc32l07x.c 0x00000000   Number         0  interrupts_hc32l07x.o ABSOLUTE
    ..\\..\\..\\..\\mcu\\common\\system_hc32l07x.c 0x00000000   Number         0  system_hc32l07x.o ABSOLUTE
    ..\\source\\main.c                       0x00000000   Number         0  main.o ABSOLUTE
    ..\source\main.c                         0x00000000   Number         0  main.o ABSOLUTE
    dc.s                                     0x00000000   Number         0  dc.o ABSOLUTE
    handlers.s                               0x00000000   Number         0  handlers.o ABSOLUTE
    init.s                                   0x00000000   Number         0  init.o ABSOLUTE
    startup_hc32l07x.s                       0x00000000   Number         0  startup_hc32l07x.o ABSOLUTE
    .ARM.Collect$$$$00000000                 0x000000c0   Section        0  entry.o(.ARM.Collect$$$$00000000)
    .ARM.Collect$$$$00000001                 0x000000c0   Section        4  entry2.o(.ARM.Collect$$$$00000001)
    .ARM.Collect$$$$00000004                 0x000000c4   Section        4  entry5.o(.ARM.Collect$$$$00000004)
    .ARM.Collect$$$$00000008                 0x000000c8   Section        0  entry7b.o(.ARM.Collect$$$$00000008)
    .ARM.Collect$$$$0000000A                 0x000000c8   Section        0  entry8b.o(.ARM.Collect$$$$0000000A)
    .ARM.Collect$$$$0000000B                 0x000000c8   Section        8  entry9a.o(.ARM.Collect$$$$0000000B)
    .ARM.Collect$$$$0000000D                 0x000000d0   Section        0  entry10a.o(.ARM.Collect$$$$0000000D)
    .ARM.Collect$$$$0000000F                 0x000000d0   Section        0  entry11a.o(.ARM.Collect$$$$0000000F)
    .ARM.Collect$$$$00002712                 0x000000d0   Section        4  entry2.o(.ARM.Collect$$$$00002712)
    __lit__00000000                          0x000000d0   Data           4  entry2.o(.ARM.Collect$$$$00002712)
    .text                                    0x000000d4   Section       60  startup_hc32l07x.o(.text)
    .text                                    0x00000110   Section        0  uidiv.o(.text)
    .text                                    0x0000013c   Section        0  memcpya.o(.text)
    .text                                    0x00000160   Section       36  init.o(.text)
    i.$Sub$$main                             0x00000184   Section        0  system_hc32l07x.o(i.$Sub$$main)
    i.ADC_DAC_IRQHandler                     0x00000192   Section        0  interrupts_hc32l07x.o(i.ADC_DAC_IRQHandler)
    i.App_CanGpioInit                        0x0000019e   Section        0  main.o(i.App_CanGpioInit)
    App_CanGpioInit                          0x0000019f   Thumb Code    92  main.o(i.App_CanGpioInit)
    i.CAN_FilterConfig                       0x000001fc   Section        0  can.o(i.CAN_FilterConfig)
    i.CAN_IRQHandler                         0x00000280   Section        0  interrupts_hc32l07x.o(i.CAN_IRQHandler)
    i.CAN_Init                               0x00000288   Section        0  can.o(i.CAN_Init)
    i.CAN_IrqCmd                             0x0000033c   Section        0  can.o(i.CAN_IrqCmd)
    i.CAN_IrqFlgClr                          0x00000354   Section        0  can.o(i.CAN_IrqFlgClr)
    i.CAN_IrqFlgGet                          0x0000036c   Section        0  can.o(i.CAN_IrqFlgGet)
    i.CAN_Receive                            0x00000380   Section        0  can.o(i.CAN_Receive)
    i.CAN_SetFrame                           0x000003a4   Section        0  can.o(i.CAN_SetFrame)
    i.CAN_TransmitCmd                        0x000003dc   Section        0  can.o(i.CAN_TransmitCmd)
    i.CLKTRIM_CTS_IRQHandler                 0x000003ec   Section        0  interrupts_hc32l07x.o(i.CLKTRIM_CTS_IRQHandler)
    i.DMAC_IRQHandler                        0x000003f8   Section        0  interrupts_hc32l07x.o(i.DMAC_IRQHandler)
    i.FLASH_RAM_IRQHandler                   0x00000400   Section        0  interrupts_hc32l07x.o(i.FLASH_RAM_IRQHandler)
    i.Gpio_ClrIO                             0x0000040c   Section        0  gpio.o(i.Gpio_ClrIO)
    i.Gpio_Init                              0x00000420   Section        0  gpio.o(i.Gpio_Init)
    i.Gpio_SetAfMode                         0x000004b8   Section        0  gpio.o(i.Gpio_SetAfMode)
    i.HardFault_Handler                      0x000004cc   Section        0  interrupts_hc32l07x.o(i.HardFault_Handler)
    i.I2C0_IRQHandler                        0x000004d8   Section        0  interrupts_hc32l07x.o(i.I2C0_IRQHandler)
    i.I2C1_IRQHandler                        0x000004e0   Section        0  interrupts_hc32l07x.o(i.I2C1_IRQHandler)
    i.LCD_IRQHandler                         0x000004e8   Section        0  interrupts_hc32l07x.o(i.LCD_IRQHandler)
    i.LPTIM0_1_IRQHandler                    0x000004f0   Section        0  interrupts_hc32l07x.o(i.LPTIM0_1_IRQHandler)
    i.LPUART0_IRQHandler                     0x000004fc   Section        0  interrupts_hc32l07x.o(i.LPUART0_IRQHandler)
    i.LPUART1_IRQHandler                     0x00000504   Section        0  interrupts_hc32l07x.o(i.LPUART1_IRQHandler)
    i.PCA_IRQHandler                         0x0000050c   Section        0  interrupts_hc32l07x.o(i.PCA_IRQHandler)
    i.PCNT_IRQHandler                        0x00000514   Section        0  interrupts_hc32l07x.o(i.PCNT_IRQHandler)
    i.PORTA_IRQHandler                       0x0000051c   Section        0  interrupts_hc32l07x.o(i.PORTA_IRQHandler)
    i.PORTB_IRQHandler                       0x00000524   Section        0  interrupts_hc32l07x.o(i.PORTB_IRQHandler)
    i.PORTC_E_IRQHandler                     0x0000052c   Section        0  interrupts_hc32l07x.o(i.PORTC_E_IRQHandler)
    i.PORTD_F_IRQHandler                     0x00000538   Section        0  interrupts_hc32l07x.o(i.PORTD_F_IRQHandler)
    i.RTC_IRQHandler                         0x00000544   Section        0  interrupts_hc32l07x.o(i.RTC_IRQHandler)
    i.SPI0_I2S0_IRQHandler                   0x0000054c   Section        0  interrupts_hc32l07x.o(i.SPI0_I2S0_IRQHandler)
    i.SPI1_I2S1_IRQHandler                   0x00000558   Section        0  interrupts_hc32l07x.o(i.SPI1_I2S1_IRQHandler)
    i.SetBit                                 0x00000564   Section        0  ddl.o(i.SetBit)
    i.SysTick_Handler                        0x00000578   Section        0  interrupts_hc32l07x.o(i.SysTick_Handler)
    i.Sysctrl_ClkSourceEnable                0x00000580   Section        0  sysctrl.o(i.Sysctrl_ClkSourceEnable)
    i.Sysctrl_GetHClkFreq                    0x0000069c   Section        0  sysctrl.o(i.Sysctrl_GetHClkFreq)
    i.Sysctrl_SetPeripheralGate              0x000007d8   Section        0  sysctrl.o(i.Sysctrl_SetPeripheralGate)
    i.Sysctrl_SetXTHFreq                     0x000007fc   Section        0  sysctrl.o(i.Sysctrl_SetXTHFreq)
    i.Sysctrl_SetXTHStableTime               0x00000818   Section        0  sysctrl.o(i.Sysctrl_SetXTHStableTime)
    i.Sysctrl_SysClkSwitch                   0x00000834   Section        0  sysctrl.o(i.Sysctrl_SysClkSwitch)
    i.Sysctrl_XTHDriverCfg                   0x0000085c   Section        0  sysctrl.o(i.Sysctrl_XTHDriverCfg)
    i.SystemCoreClockUpdate                  0x00000878   Section        0  system_hc32l07x.o(i.SystemCoreClockUpdate)
    i.SystemInit                             0x00000888   Section        0  system_hc32l07x.o(i.SystemInit)
    i.TIM0_IRQHandler                        0x000008ec   Section        0  interrupts_hc32l07x.o(i.TIM0_IRQHandler)
    i.TIM1_IRQHandler                        0x000008f4   Section        0  interrupts_hc32l07x.o(i.TIM1_IRQHandler)
    i.TIM2_IRQHandler                        0x000008fc   Section        0  interrupts_hc32l07x.o(i.TIM2_IRQHandler)
    i.TIM3_IRQHandler                        0x00000904   Section        0  interrupts_hc32l07x.o(i.TIM3_IRQHandler)
    i.TIM4_IRQHandler                        0x0000090c   Section        0  interrupts_hc32l07x.o(i.TIM4_IRQHandler)
    i.TIM5_IRQHandler                        0x00000914   Section        0  interrupts_hc32l07x.o(i.TIM5_IRQHandler)
    i.TIM6_IRQHandler                        0x0000091c   Section        0  interrupts_hc32l07x.o(i.TIM6_IRQHandler)
    i.UART0_2_IRQHandler                     0x00000924   Section        0  interrupts_hc32l07x.o(i.UART0_2_IRQHandler)
    i.UART1_3_IRQHandler                     0x00000930   Section        0  interrupts_hc32l07x.o(i.UART1_3_IRQHandler)
    i.USBFS_IRQHandler                       0x0000093c   Section        0  interrupts_hc32l07x.o(i.USBFS_IRQHandler)
    i.VC0_1_2_LVD_IRQHandler                 0x00000944   Section        0  interrupts_hc32l07x.o(i.VC0_1_2_LVD_IRQHandler)
    i.WDT_IRQHandler                         0x00000958   Section        0  interrupts_hc32l07x.o(i.WDT_IRQHandler)
    i._SysctrlUnlock                         0x00000960   Section        0  sysctrl.o(i._SysctrlUnlock)
    _SysctrlUnlock                           0x00000961   Thumb Code    12  sysctrl.o(i._SysctrlUnlock)
    i.__ARM_common_switch8                   0x00000978   Section        0  sysctrl.o(i.__ARM_common_switch8)
    i.__scatterload_copy                     0x00000992   Section       14  handlers.o(i.__scatterload_copy)
    i.__scatterload_null                     0x000009a0   Section        2  handlers.o(i.__scatterload_null)
    i.__scatterload_zeroinit                 0x000009a2   Section       14  handlers.o(i.__scatterload_zeroinit)
    i.delay10us                              0x000009b0   Section        0  ddl.o(i.delay10us)
    i.delay1ms                               0x00000a00   Section        0  ddl.o(i.delay1ms)
    i.main                                   0x00000a4c   Section        0  main.o(i.main)
    .constdata                               0x00000b3c   Section       24  sysctrl.o(.constdata)
    .data                                    0x20000000   Section        4  system_hc32l07x.o(.data)
    .bss                                     0x20000004   Section       36  main.o(.bss)
    STACK                                    0x20000028   Section      512  startup_hc32l07x.o(STACK)

    Global Symbols

    Symbol Name                              Value     Ov Type        Size  Object(Section)

    BuildAttributes$$THM_ISAv3M$S$PE$A:L22$X:L11$S22$IEEE1$IW$USESV6$~STKCKD$USESV7$~SHL$OSPACE$EBA8$MICROLIB$REQ8$PRES8$EABIv2 0x00000000   Number         0  anon$$obj.o ABSOLUTE
    __ARM_use_no_argv                        0x00000000   Number         0  main.o ABSOLUTE
    __Vectors                                0x00000000   Data           0  startup_hc32l07x.o(RESET)
    Adc_IRQHandler                            - Undefined Weak Reference
    Can_IRQHandler                            - Undefined Weak Reference
    ClkTrim_IRQHandler                        - Undefined Weak Reference
    Cts_IRQHandler                            - Undefined Weak Reference
    Dac_IRQHandler                            - Undefined Weak Reference
    Dmac_IRQHandler                           - Undefined Weak Reference
    Flash_IRQHandler                          - Undefined Weak Reference
    I2c0_IRQHandler                           - Undefined Weak Reference
    I2c1_IRQHandler                           - Undefined Weak Reference
    I2s0_IRQHandler                           - Undefined Weak Reference
    I2s1_IRQHandler                           - Undefined Weak Reference
    Lcd_IRQHandler                            - Undefined Weak Reference
    LpTim0_IRQHandler                         - Undefined Weak Reference
    LpTim1_IRQHandler                         - Undefined Weak Reference
    LpUart0_IRQHandler                        - Undefined Weak Reference
    LpUart1_IRQHandler                        - Undefined Weak Reference
    Lvd_IRQHandler                            - Undefined Weak Reference
    Pca_IRQHandler                            - Undefined Weak Reference
    Pcnt_IRQHandler                           - Undefined Weak Reference
    PortA_IRQHandler                          - Undefined Weak Reference
    PortB_IRQHandler                          - Undefined Weak Reference
    PortC_IRQHandler                          - Undefined Weak Reference
    PortD_IRQHandler                          - Undefined Weak Reference
    PortE_IRQHandler                          - Undefined Weak Reference
    PortF_IRQHandler                          - Undefined Weak Reference
    Ram_IRQHandler                            - Undefined Weak Reference
    Rtc_IRQHandler                            - Undefined Weak Reference
    Spi0_IRQHandler                           - Undefined Weak Reference
    Spi1_IRQHandler                           - Undefined Weak Reference
    SysTick_IRQHandler                        - Undefined Weak Reference
    Tim0_IRQHandler                           - Undefined Weak Reference
    Tim1_IRQHandler                           - Undefined Weak Reference
    Tim2_IRQHandler                           - Undefined Weak Reference
    Tim3_IRQHandler                           - Undefined Weak Reference
    Tim4_IRQHandler                           - Undefined Weak Reference
    Tim5_IRQHandler                           - Undefined Weak Reference
    Tim6_IRQHandler                           - Undefined Weak Reference
    Uart0_IRQHandler                          - Undefined Weak Reference
    Uart1_IRQHandler                          - Undefined Weak Reference
    Uart2_IRQHandler                          - Undefined Weak Reference
    Uart3_IRQHandler                          - Undefined Weak Reference
    Usbfs_IRQHandler                          - Undefined Weak Reference
    Vc0_IRQHandler                            - Undefined Weak Reference
    Vc1_IRQHandler                            - Undefined Weak Reference
    Vc2_IRQHandler                            - Undefined Weak Reference
    Wdt_IRQHandler                            - Undefined Weak Reference
    __cpp_initialize__aeabi_                  - Undefined Weak Reference
    __cxa_finalize                            - Undefined Weak Reference
    __decompress                              - Undefined Weak Reference
    _clock_init                               - Undefined Weak Reference
    _microlib_exit                            - Undefined Weak Reference
    __Vectors_End                            0x000000c0   Data           0  startup_hc32l07x.o(RESET)
    __Vectors_Size                           0x000000c0   Number         0  startup_hc32l07x.o ABSOLUTE
    __main                                   0x000000c1   Thumb Code     0  entry.o(.ARM.Collect$$$$00000000)
    _main_stk                                0x000000c1   Thumb Code     0  entry2.o(.ARM.Collect$$$$00000001)
    _main_scatterload                        0x000000c5   Thumb Code     0  entry5.o(.ARM.Collect$$$$00000004)
    __main_after_scatterload                 0x000000c9   Thumb Code     0  entry5.o(.ARM.Collect$$$$00000004)
    _main_clock                              0x000000c9   Thumb Code     0  entry7b.o(.ARM.Collect$$$$00000008)
    _main_cpp_init                           0x000000c9   Thumb Code     0  entry8b.o(.ARM.Collect$$$$0000000A)
    _main_init                               0x000000c9   Thumb Code     0  entry9a.o(.ARM.Collect$$$$0000000B)
    __rt_final_cpp                           0x000000d1   Thumb Code     0  entry10a.o(.ARM.Collect$$$$0000000D)
    __rt_final_exit                          0x000000d1   Thumb Code     0  entry11a.o(.ARM.Collect$$$$0000000F)
    Reset_Handler                            0x000000d5   Thumb Code    26  startup_hc32l07x.o(.text)
    NMI_Handler                              0x000000ef   Thumb Code     2  startup_hc32l07x.o(.text)
    SVC_Handler                              0x000000f3   Thumb Code     2  startup_hc32l07x.o(.text)
    PendSV_Handler                           0x000000f5   Thumb Code     2  startup_hc32l07x.o(.text)
    __aeabi_uidiv                            0x00000111   Thumb Code     0  uidiv.o(.text)
    __aeabi_uidivmod                         0x00000111   Thumb Code    44  uidiv.o(.text)
    __aeabi_memcpy                           0x0000013d   Thumb Code    36  memcpya.o(.text)
    __aeabi_memcpy4                          0x0000013d   Thumb Code     0  memcpya.o(.text)
    __aeabi_memcpy8                          0x0000013d   Thumb Code     0  memcpya.o(.text)
    __scatterload                            0x00000161   Thumb Code    28  init.o(.text)
    __scatterload_rt2                        0x00000161   Thumb Code     0  init.o(.text)
    main                                     0x00000185   Thumb Code    14  system_hc32l07x.o(i.$Sub$$main)
    ADC_DAC_IRQHandler                       0x00000193   Thumb Code    12  interrupts_hc32l07x.o(i.ADC_DAC_IRQHandler)
    CAN_FilterConfig                         0x000001fd   Thumb Code   128  can.o(i.CAN_FilterConfig)
    CAN_IRQHandler                           0x00000281   Thumb Code     8  interrupts_hc32l07x.o(i.CAN_IRQHandler)
    CAN_Init                                 0x00000289   Thumb Code   176  can.o(i.CAN_Init)
    CAN_IrqCmd                               0x0000033d   Thumb Code    18  can.o(i.CAN_IrqCmd)
    CAN_IrqFlgClr                            0x00000355   Thumb Code    14  can.o(i.CAN_IrqFlgClr)
    CAN_IrqFlgGet                            0x0000036d   Thumb Code    16  can.o(i.CAN_IrqFlgGet)
    CAN_Receive                              0x00000381   Thumb Code    32  can.o(i.CAN_Receive)
    CAN_SetFrame                             0x000003a5   Thumb Code    52  can.o(i.CAN_SetFrame)
    CAN_TransmitCmd                          0x000003dd   Thumb Code    10  can.o(i.CAN_TransmitCmd)
    CLKTRIM_CTS_IRQHandler                   0x000003ed   Thumb Code    12  interrupts_hc32l07x.o(i.CLKTRIM_CTS_IRQHandler)
    DMAC_IRQHandler                          0x000003f9   Thumb Code     8  interrupts_hc32l07x.o(i.DMAC_IRQHandler)
    FLASH_RAM_IRQHandler                     0x00000401   Thumb Code    12  interrupts_hc32l07x.o(i.FLASH_RAM_IRQHandler)
    Gpio_ClrIO                               0x0000040d   Thumb Code    16  gpio.o(i.Gpio_ClrIO)
    Gpio_Init                                0x00000421   Thumb Code   138  gpio.o(i.Gpio_Init)
    Gpio_SetAfMode                           0x000004b9   Thumb Code    14  gpio.o(i.Gpio_SetAfMode)
    HardFault_Handler                        0x000004cd   Thumb Code    12  interrupts_hc32l07x.o(i.HardFault_Handler)
    I2C0_IRQHandler                          0x000004d9   Thumb Code     8  interrupts_hc32l07x.o(i.I2C0_IRQHandler)
    I2C1_IRQHandler                          0x000004e1   Thumb Code     8  interrupts_hc32l07x.o(i.I2C1_IRQHandler)
    LCD_IRQHandler                           0x000004e9   Thumb Code     8  interrupts_hc32l07x.o(i.LCD_IRQHandler)
    LPTIM0_1_IRQHandler                      0x000004f1   Thumb Code    12  interrupts_hc32l07x.o(i.LPTIM0_1_IRQHandler)
    LPUART0_IRQHandler                       0x000004fd   Thumb Code     8  interrupts_hc32l07x.o(i.LPUART0_IRQHandler)
    LPUART1_IRQHandler                       0x00000505   Thumb Code     8  interrupts_hc32l07x.o(i.LPUART1_IRQHandler)
    PCA_IRQHandler                           0x0000050d   Thumb Code     8  interrupts_hc32l07x.o(i.PCA_IRQHandler)
    PCNT_IRQHandler                          0x00000515   Thumb Code     8  interrupts_hc32l07x.o(i.PCNT_IRQHandler)
    PORTA_IRQHandler                         0x0000051d   Thumb Code     8  interrupts_hc32l07x.o(i.PORTA_IRQHandler)
    PORTB_IRQHandler                         0x00000525   Thumb Code     8  interrupts_hc32l07x.o(i.PORTB_IRQHandler)
    PORTC_E_IRQHandler                       0x0000052d   Thumb Code    12  interrupts_hc32l07x.o(i.PORTC_E_IRQHandler)
    PORTD_F_IRQHandler                       0x00000539   Thumb Code    12  interrupts_hc32l07x.o(i.PORTD_F_IRQHandler)
    RTC_IRQHandler                           0x00000545   Thumb Code     8  interrupts_hc32l07x.o(i.RTC_IRQHandler)
    SPI0_I2S0_IRQHandler                     0x0000054d   Thumb Code    12  interrupts_hc32l07x.o(i.SPI0_I2S0_IRQHandler)
    SPI1_I2S1_IRQHandler                     0x00000559   Thumb Code    12  interrupts_hc32l07x.o(i.SPI1_I2S1_IRQHandler)
    SetBit                                   0x00000565   Thumb Code    20  ddl.o(i.SetBit)
    SysTick_Handler                          0x00000579   Thumb Code     8  interrupts_hc32l07x.o(i.SysTick_Handler)
    Sysctrl_ClkSourceEnable                  0x00000581   Thumb Code   268  sysctrl.o(i.Sysctrl_ClkSourceEnable)
    Sysctrl_GetHClkFreq                      0x0000069d   Thumb Code   298  sysctrl.o(i.Sysctrl_GetHClkFreq)
    Sysctrl_SetPeripheralGate                0x000007d9   Thumb Code    30  sysctrl.o(i.Sysctrl_SetPeripheralGate)
    Sysctrl_SetXTHFreq                       0x000007fd   Thumb Code    24  sysctrl.o(i.Sysctrl_SetXTHFreq)
    Sysctrl_SetXTHStableTime                 0x00000819   Thumb Code    24  sysctrl.o(i.Sysctrl_SetXTHStableTime)
    Sysctrl_SysClkSwitch                     0x00000835   Thumb Code    34  sysctrl.o(i.Sysctrl_SysClkSwitch)
    Sysctrl_XTHDriverCfg                     0x0000085d   Thumb Code    22  sysctrl.o(i.Sysctrl_XTHDriverCfg)
    SystemCoreClockUpdate                    0x00000879   Thumb Code    12  system_hc32l07x.o(i.SystemCoreClockUpdate)
    SystemInit                               0x00000889   Thumb Code    84  system_hc32l07x.o(i.SystemInit)
    TIM0_IRQHandler                          0x000008ed   Thumb Code     8  interrupts_hc32l07x.o(i.TIM0_IRQHandler)
    TIM1_IRQHandler                          0x000008f5   Thumb Code     8  interrupts_hc32l07x.o(i.TIM1_IRQHandler)
    TIM2_IRQHandler                          0x000008fd   Thumb Code     8  interrupts_hc32l07x.o(i.TIM2_IRQHandler)
    TIM3_IRQHandler                          0x00000905   Thumb Code     8  interrupts_hc32l07x.o(i.TIM3_IRQHandler)
    TIM4_IRQHandler                          0x0000090d   Thumb Code     8  interrupts_hc32l07x.o(i.TIM4_IRQHandler)
    TIM5_IRQHandler                          0x00000915   Thumb Code     8  interrupts_hc32l07x.o(i.TIM5_IRQHandler)
    TIM6_IRQHandler                          0x0000091d   Thumb Code     8  interrupts_hc32l07x.o(i.TIM6_IRQHandler)
    UART0_2_IRQHandler                       0x00000925   Thumb Code    12  interrupts_hc32l07x.o(i.UART0_2_IRQHandler)
    UART1_3_IRQHandler                       0x00000931   Thumb Code    12  interrupts_hc32l07x.o(i.UART1_3_IRQHandler)
    USBFS_IRQHandler                         0x0000093d   Thumb Code     8  interrupts_hc32l07x.o(i.USBFS_IRQHandler)
    VC0_1_2_LVD_IRQHandler                   0x00000945   Thumb Code    20  interrupts_hc32l07x.o(i.VC0_1_2_LVD_IRQHandler)
    WDT_IRQHandler                           0x00000959   Thumb Code     8  interrupts_hc32l07x.o(i.WDT_IRQHandler)
    __ARM_common_switch8                     0x00000979   Thumb Code    26  sysctrl.o(i.__ARM_common_switch8)
    __scatterload_copy                       0x00000993   Thumb Code    14  handlers.o(i.__scatterload_copy)
    __scatterload_null                       0x000009a1   Thumb Code     2  handlers.o(i.__scatterload_null)
    __scatterload_zeroinit                   0x000009a3   Thumb Code    14  handlers.o(i.__scatterload_zeroinit)
    delay10us                                0x000009b1   Thumb Code    62  ddl.o(i.delay10us)
    delay1ms                                 0x00000a01   Thumb Code    64  ddl.o(i.delay1ms)
    $Super$$main                             0x00000a4d   Thumb Code   232  main.o(i.main)
    Region$$Table$$Base                      0x00000b54   Number         0  anon$$obj.o(Region$$Table)
    Region$$Table$$Limit                     0x00000b74   Number         0  anon$$obj.o(Region$$Table)
    SystemCoreClock                          0x20000000   Data           4  system_hc32l07x.o(.data)
    stcTxFrame                               0x20000004   Data          20  main.o(.bss)
    stcRxFrame                               0x20000018   Data          16  main.o(.bss)
    __initial_sp                             0x20000228   Data           0  startup_hc32l07x.o(STACK)



==============================================================================

Memory Map of the image

  Image Entry point : 0x000000c1

  Load Region LR_IROM1 (Base: 0x00000000, Size: 0x00000b78, Max: 0x00020000, ABSOLUTE)

    Execution Region ER_IROM1 (Base: 0x00000000, Size: 0x00000b74, Max: 0x00020000, ABSOLUTE)

    Base Addr    Size         Type   Attr      Idx    E Section Name        Object

    0x00000000   0x000000c0   Data   RO            3    RESET               startup_hc32l07x.o
    0x000000c0   0x00000000   Code   RO          865  * .ARM.Collect$$$$00000000  mc_p.l(entry.o)
    0x000000c0   0x00000004   Code   RO          874    .ARM.Collect$$$$00000001  mc_p.l(entry2.o)
    0x000000c4   0x00000004   Code   RO          877    .ARM.Collect$$$$00000004  mc_p.l(entry5.o)
    0x000000c8   0x00000000   Code   RO          879    .ARM.Collect$$$$00000008  mc_p.l(entry7b.o)
    0x000000c8   0x00000000   Code   RO          881    .ARM.Collect$$$$0000000A  mc_p.l(entry8b.o)
    0x000000c8   0x00000008   Code   RO          882    .ARM.Collect$$$$0000000B  mc_p.l(entry9a.o)
    0x000000d0   0x00000000   Code   RO          884    .ARM.Collect$$$$0000000D  mc_p.l(entry10a.o)
    0x000000d0   0x00000000   Code   RO          886    .ARM.Collect$$$$0000000F  mc_p.l(entry11a.o)
    0x000000d0   0x00000004   Code   RO          875    .ARM.Collect$$$$00002712  mc_p.l(entry2.o)
    0x000000d4   0x0000003c   Code   RO            4    .text               startup_hc32l07x.o
    0x00000110   0x0000002c   Code   RO          868    .text               mc_p.l(uidiv.o)
    0x0000013c   0x00000024   Code   RO          870    .text               mc_p.l(memcpya.o)
    0x00000160   0x00000024   Code   RO          888    .text               mc_p.l(init.o)
    0x00000184   0x0000000e   Code   RO           12    i.$Sub$$main        system_hc32l07x.o
    0x00000192   0x0000000c   Code   RO          100    i.ADC_DAC_IRQHandler  interrupts_hc32l07x.o
    0x0000019e   0x0000005c   Code   RO          331    i.App_CanGpioInit   main.o
    0x000001fa   0x00000002   PAD
    0x000001fc   0x00000084   Code   RO          754    i.CAN_FilterConfig  can.o
    0x00000280   0x00000008   Code   RO          101    i.CAN_IRQHandler    interrupts_hc32l07x.o
    0x00000288   0x000000b4   Code   RO          755    i.CAN_Init          can.o
    0x0000033c   0x00000018   Code   RO          756    i.CAN_IrqCmd        can.o
    0x00000354   0x00000018   Code   RO          757    i.CAN_IrqFlgClr     can.o
    0x0000036c   0x00000014   Code   RO          758    i.CAN_IrqFlgGet     can.o
    0x00000380   0x00000024   Code   RO          760    i.CAN_Receive       can.o
    0x000003a4   0x00000038   Code   RO          763    i.CAN_SetFrame      can.o
    0x000003dc   0x00000010   Code   RO          765    i.CAN_TransmitCmd   can.o
    0x000003ec   0x0000000c   Code   RO          102    i.CLKTRIM_CTS_IRQHandler  interrupts_hc32l07x.o
    0x000003f8   0x00000008   Code   RO          103    i.DMAC_IRQHandler   interrupts_hc32l07x.o
    0x00000400   0x0000000c   Code   RO          105    i.FLASH_RAM_IRQHandler  interrupts_hc32l07x.o
    0x0000040c   0x00000014   Code   RO          582    i.Gpio_ClrIO        gpio.o
    0x00000420   0x00000098   Code   RO          589    i.Gpio_Init         gpio.o
    0x000004b8   0x00000014   Code   RO          591    i.Gpio_SetAfMode    gpio.o
    0x000004cc   0x0000000c   Code   RO          106    i.HardFault_Handler  interrupts_hc32l07x.o
    0x000004d8   0x00000008   Code   RO          107    i.I2C0_IRQHandler   interrupts_hc32l07x.o
    0x000004e0   0x00000008   Code   RO          108    i.I2C1_IRQHandler   interrupts_hc32l07x.o
    0x000004e8   0x00000008   Code   RO          109    i.LCD_IRQHandler    interrupts_hc32l07x.o
    0x000004f0   0x0000000c   Code   RO          110    i.LPTIM0_1_IRQHandler  interrupts_hc32l07x.o
    0x000004fc   0x00000008   Code   RO          111    i.LPUART0_IRQHandler  interrupts_hc32l07x.o
    0x00000504   0x00000008   Code   RO          112    i.LPUART1_IRQHandler  interrupts_hc32l07x.o
    0x0000050c   0x00000008   Code   RO          113    i.PCA_IRQHandler    interrupts_hc32l07x.o
    0x00000514   0x00000008   Code   RO          114    i.PCNT_IRQHandler   interrupts_hc32l07x.o
    0x0000051c   0x00000008   Code   RO          115    i.PORTA_IRQHandler  interrupts_hc32l07x.o
    0x00000524   0x00000008   Code   RO          116    i.PORTB_IRQHandler  interrupts_hc32l07x.o
    0x0000052c   0x0000000c   Code   RO          117    i.PORTC_E_IRQHandler  interrupts_hc32l07x.o
    0x00000538   0x0000000c   Code   RO          118    i.PORTD_F_IRQHandler  interrupts_hc32l07x.o
    0x00000544   0x00000008   Code   RO          119    i.RTC_IRQHandler    interrupts_hc32l07x.o
    0x0000054c   0x0000000c   Code   RO          120    i.SPI0_I2S0_IRQHandler  interrupts_hc32l07x.o
    0x00000558   0x0000000c   Code   RO          121    i.SPI1_I2S1_IRQHandler  interrupts_hc32l07x.o
    0x00000564   0x00000014   Code   RO          369    i.SetBit            ddl.o
    0x00000578   0x00000008   Code   RO          122    i.SysTick_Handler   interrupts_hc32l07x.o
    0x00000580   0x0000011c   Code   RO          425    i.Sysctrl_ClkSourceEnable  sysctrl.o
    0x0000069c   0x0000013c   Code   RO          426    i.Sysctrl_GetHClkFreq  sysctrl.o
    0x000007d8   0x00000024   Code   RO          434    i.Sysctrl_SetPeripheralGate  sysctrl.o
    0x000007fc   0x0000001c   Code   RO          439    i.Sysctrl_SetXTHFreq  sysctrl.o
    0x00000818   0x0000001c   Code   RO          440    i.Sysctrl_SetXTHStableTime  sysctrl.o
    0x00000834   0x00000028   Code   RO          442    i.Sysctrl_SysClkSwitch  sysctrl.o
    0x0000085c   0x0000001c   Code   RO          445    i.Sysctrl_XTHDriverCfg  sysctrl.o
    0x00000878   0x00000010   Code   RO           13    i.SystemCoreClockUpdate  system_hc32l07x.o
    0x00000888   0x00000064   Code   RO           14    i.SystemInit        system_hc32l07x.o
    0x000008ec   0x00000008   Code   RO          123    i.TIM0_IRQHandler   interrupts_hc32l07x.o
    0x000008f4   0x00000008   Code   RO          124    i.TIM1_IRQHandler   interrupts_hc32l07x.o
    0x000008fc   0x00000008   Code   RO          125    i.TIM2_IRQHandler   interrupts_hc32l07x.o
    0x00000904   0x00000008   Code   RO          126    i.TIM3_IRQHandler   interrupts_hc32l07x.o
    0x0000090c   0x00000008   Code   RO          127    i.TIM4_IRQHandler   interrupts_hc32l07x.o
    0x00000914   0x00000008   Code   RO          128    i.TIM5_IRQHandler   interrupts_hc32l07x.o
    0x0000091c   0x00000008   Code   RO          129    i.TIM6_IRQHandler   interrupts_hc32l07x.o
    0x00000924   0x0000000c   Code   RO          130    i.UART0_2_IRQHandler  interrupts_hc32l07x.o
    0x00000930   0x0000000c   Code   RO          131    i.UART1_3_IRQHandler  interrupts_hc32l07x.o
    0x0000093c   0x00000008   Code   RO          132    i.USBFS_IRQHandler  interrupts_hc32l07x.o
    0x00000944   0x00000014   Code   RO          133    i.VC0_1_2_LVD_IRQHandler  interrupts_hc32l07x.o
    0x00000958   0x00000008   Code   RO          134    i.WDT_IRQHandler    interrupts_hc32l07x.o
    0x00000960   0x00000018   Code   RO          447    i._SysctrlUnlock    sysctrl.o
    0x00000978   0x0000001a   Code   RO          573    i.__ARM_common_switch8  sysctrl.o
    0x00000992   0x0000000e   Code   RO          892    i.__scatterload_copy  mc_p.l(handlers.o)
    0x000009a0   0x00000002   Code   RO          893    i.__scatterload_null  mc_p.l(handlers.o)
    0x000009a2   0x0000000e   Code   RO          894    i.__scatterload_zeroinit  mc_p.l(handlers.o)
    0x000009b0   0x00000050   Code   RO          372    i.delay10us         ddl.o
    0x00000a00   0x0000004c   Code   RO          373    i.delay1ms          ddl.o
    0x00000a4c   0x000000f0   Code   RO          332    i.main              main.o
    0x00000b3c   0x00000018   Data   RO          448    .constdata          sysctrl.o
    0x00000b54   0x00000020   Data   RO          890    Region$$Table       anon$$obj.o


    Execution Region RW_IRAM1 (Base: 0x20000000, Size: 0x00000228, Max: 0x00004000, ABSOLUTE)

    Base Addr    Size         Type   Attr      Idx    E Section Name        Object

    0x20000000   0x00000004   Data   RW           15    .data               system_hc32l07x.o
    0x20000004   0x00000024   Zero   RW          333    .bss                main.o
    0x20000028   0x00000200   Zero   RW            1    STACK               startup_hc32l07x.o


==============================================================================

Image component sizes


      Code (inc. data)   RO Data    RW Data    ZI Data      Debug   Object Name

       488         42          0          0          0       6662   can.o
       176         30          0          0          0       1824   ddl.o
       192         24          0          0          0       2226   gpio.o
       328          0          0          0          0      17694   interrupts_hc32l07x.o
       332          8          0          0         36       9711   main.o
        60         22        192          0        512        656   startup_hc32l07x.o
       810         80         24          0          0       7360   sysctrl.o
       130         20          0          4          0      12908   system_hc32l07x.o

    ----------------------------------------------------------------------
      2518        226        248          4        548      59041   Object Totals
         0          0         32          0          0          0   (incl. Generated)
         2          0          0          0          0          0   (incl. Padding)

    ----------------------------------------------------------------------

      Code (inc. data)   RO Data    RW Data    ZI Data      Debug   Library Member Name

         0          0          0          0          0          0   entry.o
         0          0          0          0          0          0   entry10a.o
         0          0          0          0          0          0   entry11a.o
         8          4          0          0          0          0   entry2.o
         4          0          0          0          0          0   entry5.o
         0          0          0          0          0          0   entry7b.o
         0          0          0          0          0          0   entry8b.o
         8          4          0          0          0          0   entry9a.o
        30          0          0          0          0          0   handlers.o
        36          8          0          0          0         68   init.o
        36          0          0          0          0         60   memcpya.o
        44          0          0          0          0         72   uidiv.o

    ----------------------------------------------------------------------
       166         16          0          0          0        200   Library Totals
         0          0          0          0          0          0   (incl. Padding)

    ----------------------------------------------------------------------

      Code (inc. data)   RO Data    RW Data    ZI Data      Debug   Library Name

       166         16          0          0          0        200   mc_p.l

    ----------------------------------------------------------------------
       166         16          0          0          0        200   Library Totals

    ----------------------------------------------------------------------

==============================================================================


      Code (inc. data)   RO Data    RW Data    ZI Data      Debug   

      2684        242        248          4        548      56797   Grand Totals
      2684        242        248          4        548      56797   ELF Image Totals
      2684        242        248          4          0          0   ROM Totals

==============================================================================

    Total RO  Size (Code + RO Data)                 2932 (   2.86kB)
    Total RW  Size (RW Data + ZI Data)               552 (   0.54kB)
    Total ROM Size (Code + RO Data + RW Data)       2936 (   2.87kB)

==============================================================================

